Archive member included to satisfy reference by file (symbol)

C:/Program Files/arm-gnu-toolchain-15.2.rel1-mingw-w64-x86_64-arm-none-eabi/bin/../lib/gcc/arm-none-eabi/15.2.1/thumb/v6-m/nofp\libgcc.a(_dvmd_tls.o)
                              CMakeFiles/i2c.dir/C_/Users/ishar/.pico-sdk/sdk/2.2.0/src/rp2_common/pico_divider/divider_hardware.S.obj (__aeabi_idiv0)
C:/Program Files/arm-gnu-toolchain-15.2.rel1-mingw-w64-x86_64-arm-none-eabi/bin/../lib/gcc/arm-none-eabi/15.2.1/../../../../arm-none-eabi/lib/thumb/v6-m/nofp\libg.a(libc_a-calloc.o)
                              CMakeFiles/i2c.dir/C_/Users/ishar/.pico-sdk/sdk/2.2.0/src/rp2_common/pico_malloc/malloc.c.obj (calloc)
C:/Program Files/arm-gnu-toolchain-15.2.rel1-mingw-w64-x86_64-arm-none-eabi/bin/../lib/gcc/arm-none-eabi/15.2.1/../../../../arm-none-eabi/lib/thumb/v6-m/nofp\libg.a(libc_a-callocr.o)
                              C:/Program Files/arm-gnu-toolchain-15.2.rel1-mingw-w64-x86_64-arm-none-eabi/bin/../lib/gcc/arm-none-eabi/15.2.1/../../../../arm-none-eabi/lib/thumb/v6-m/nofp\libg.a(libc_a-calloc.o) (_calloc_r)
C:/Program Files/arm-gnu-toolchain-15.2.rel1-mingw-w64-x86_64-arm-none-eabi/bin/../lib/gcc/arm-none-eabi/15.2.1/../../../../arm-none-eabi/lib/thumb/v6-m/nofp\libg.a(libc_a-malloc.o)
                              CMakeFiles/i2c.dir/C_/Users/ishar/.pico-sdk/sdk/2.2.0/src/rp2_common/pico_malloc/malloc.c.obj (malloc)
C:/Program Files/arm-gnu-toolchain-15.2.rel1-mingw-w64-x86_64-arm-none-eabi/bin/../lib/gcc/arm-none-eabi/15.2.1/../../../../arm-none-eabi/lib/thumb/v6-m/nofp\libg.a(libc_a-mallocr.o)
                              C:/Program Files/arm-gnu-toolchain-15.2.rel1-mingw-w64-x86_64-arm-none-eabi/bin/../lib/gcc/arm-none-eabi/15.2.1/../../../../arm-none-eabi/lib/thumb/v6-m/nofp\libg.a(libc_a-callocr.o) (_malloc_r)
C:/Program Files/arm-gnu-toolchain-15.2.rel1-mingw-w64-x86_64-arm-none-eabi/bin/../lib/gcc/arm-none-eabi/15.2.1/../../../../arm-none-eabi/lib/thumb/v6-m/nofp\libg.a(libc_a-mlock.o)
                              C:/Program Files/arm-gnu-toolchain-15.2.rel1-mingw-w64-x86_64-arm-none-eabi/bin/../lib/gcc/arm-none-eabi/15.2.1/../../../../arm-none-eabi/lib/thumb/v6-m/nofp\libg.a(libc_a-mallocr.o) (__malloc_lock)
C:/Program Files/arm-gnu-toolchain-15.2.rel1-mingw-w64-x86_64-arm-none-eabi/bin/../lib/gcc/arm-none-eabi/15.2.1/../../../../arm-none-eabi/lib/thumb/v6-m/nofp\libg.a(libc_a-realloc.o)
                              CMakeFiles/i2c.dir/C_/Users/ishar/.pico-sdk/sdk/2.2.0/src/rp2_common/pico_malloc/malloc.c.obj (realloc)
C:/Program Files/arm-gnu-toolchain-15.2.rel1-mingw-w64-x86_64-arm-none-eabi/bin/../lib/gcc/arm-none-eabi/15.2.1/../../../../arm-none-eabi/lib/thumb/v6-m/nofp\libg.a(libc_a-reallocr.o)
                              C:/Program Files/arm-gnu-toolchain-15.2.rel1-mingw-w64-x86_64-arm-none-eabi/bin/../lib/gcc/arm-none-eabi/15.2.1/../../../../arm-none-eabi/lib/thumb/v6-m/nofp\libg.a(libc_a-realloc.o) (_realloc_r)
C:/Program Files/arm-gnu-toolchain-15.2.rel1-mingw-w64-x86_64-arm-none-eabi/bin/../lib/gcc/arm-none-eabi/15.2.1/../../../../arm-none-eabi/lib/thumb/v6-m/nofp\libg.a(libc_a-memcmp.o)
                              CMakeFiles/i2c.dir/C_/Users/ishar/.pico-sdk/sdk/2.2.0/src/rp2_common/pico_atomic/atomic.c.obj (memcmp)
C:/Program Files/arm-gnu-toolchain-15.2.rel1-mingw-w64-x86_64-arm-none-eabi/bin/../lib/gcc/arm-none-eabi/15.2.1/../../../../arm-none-eabi/lib/thumb/v6-m/nofp\libg.a(libc_a-memmove.o)
                              C:/Program Files/arm-gnu-toolchain-15.2.rel1-mingw-w64-x86_64-arm-none-eabi/bin/../lib/gcc/arm-none-eabi/15.2.1/../../../../arm-none-eabi/lib/thumb/v6-m/nofp\libg.a(libc_a-reallocr.o) (memmove)
C:/Program Files/arm-gnu-toolchain-15.2.rel1-mingw-w64-x86_64-arm-none-eabi/bin/../lib/gcc/arm-none-eabi/15.2.1/../../../../arm-none-eabi/lib/thumb/v6-m/nofp\libg.a(libc_a-lcltime_r.o)
                              CMakeFiles/i2c.dir/C_/Users/ishar/.pico-sdk/sdk/2.2.0/src/common/pico_util/datetime.c.obj (localtime_r)
C:/Program Files/arm-gnu-toolchain-15.2.rel1-mingw-w64-x86_64-arm-none-eabi/bin/../lib/gcc/arm-none-eabi/15.2.1/../../../../arm-none-eabi/lib/thumb/v6-m/nofp\libg.a(libc_a-mktime.o)
                              CMakeFiles/i2c.dir/C_/Users/ishar/.pico-sdk/sdk/2.2.0/src/common/pico_util/datetime.c.obj (mktime)
C:/Program Files/arm-gnu-toolchain-15.2.rel1-mingw-w64-x86_64-arm-none-eabi/bin/../lib/gcc/arm-none-eabi/15.2.1/../../../../arm-none-eabi/lib/thumb/v6-m/nofp\libg.a(libc_a-month_lengths.o)
                              C:/Program Files/arm-gnu-toolchain-15.2.rel1-mingw-w64-x86_64-arm-none-eabi/bin/../lib/gcc/arm-none-eabi/15.2.1/../../../../arm-none-eabi/lib/thumb/v6-m/nofp\libg.a(libc_a-lcltime_r.o) (__month_lengths)
C:/Program Files/arm-gnu-toolchain-15.2.rel1-mingw-w64-x86_64-arm-none-eabi/bin/../lib/gcc/arm-none-eabi/15.2.1/../../../../arm-none-eabi/lib/thumb/v6-m/nofp\libg.a(libc_a-tzcalc_limits.o)
[...]
Memory Configuration

Name             Origin             Length             Attributes
RAM              0x20000000         0x00040000         xrw
SCRATCH_X        0x20040000         0x00001000         xrw
SCRATCH_Y        0x20041000         0x00001000         xrw
*default*        0x00000000         0xffffffff

Linker script and memory map


.text           0x20000000     0x74d8
                0x20000000                        __logical_binary_start = .
                0x20000000                        __reset_start = .
 *(.reset)
 .reset         0x20000000       0x88 CMakeFiles/i2c.dir/C_/Users/ishar/.pico-sdk/sdk/2.2.0/src/rp2_common/pico_crt0/crt0.S.obj
                0x20000000                _entry_point
                0x20000088                        __reset_end = .
 *(.binary_info_header)
 .binary_info_header
                0x20000088       0x24 CMakeFiles/i2c.dir/C_/Users/ishar/.pico-sdk/sdk/2.2.0/src/rp2_common/pico_standard_binary_info/standard_binary_info.c.obj
 .binary_info_header
                0x200000ac       0x14 CMakeFiles/i2c.dir/C_/Users/ishar/.pico-sdk/sdk/2.2.0/src/rp2_common/pico_crt0/crt0.S.obj
                0x200000c0                        __binary_info_header_end = .
 *(.embedded_block)
                0x200000c0                        __embedded_block_end = .
                0x20000100                        . = ALIGN (0x100)
 *fill*         0x200000c0       0x40 
 *(.vectors)
 .vectors       0x20000100       0xd4 CMakeFiles/i2c.dir/C_/Users/ishar/.pico-sdk/sdk/2.2.0/src/rp2_common/pico_crt0/crt0.S.obj
                0x20000100                __VECTOR_TABLE
                0x20000100                __vectors
                0x200001c0                isr_irq13
                0x200001c0                isr_irq27
                0x200001c0                isr_irq31
                0x200001c0                isr_irq12
                0x200001c0                isr_irq5
                0x200001c0                isr_irq11
                0x200001c0                isr_irq3
                0x200001c0                isr_irq23
                0x200001c0                __unhandled_user_irq
                0x200001c0                isr_irq26
                0x200001c0                isr_irq28
                0x200001c0                isr_irq19
                0x200001c0                isr_irq0
                0x200001c0                isr_irq6
                0x200001c0                isr_irq29
                0x200001c0                isr_irq16
                0x200001c0                isr_irq22
                0x200001c0                isr_irq18
                0x200001c0                isr_irq17
                0x200001c0                isr_irq14
                0x200001c0                __vectors_end
                0x200001c0                __default_isrs_start
                0x200001c0                isr_irq2
                0x200001c0                isr_irq10
                0x200001c0                isr_irq8
                0x200001c0                isr_irq24
                0x200001c0                isr_irq1
                0x200001c0                isr_irq7
                0x200001c0                isr_irq21
                0x200001c0                isr_irq20
                0x200001c0                isr_irq15
                0x200001c0                isr_irq25
                0x200001c0                isr_irq4
                0x200001c0                isr_irq30
                0x200001c0                isr_irq9
                0x200001c6                unhandled_user_irq_num_in_r0
                0x200001c8                isr_invalid
                0x200001ca                isr_nmi
                0x200001cc                isr_hardfault
                0x200001ce                isr_svcall
                0x200001d0                isr_pendsv
                0x200001d2                isr_systick
                0x200001d4                __default_isrs_end
 *(.time_critical*)
 .time_critical.mutex_try_enter
                0x200001d4       0x4a CMakeFiles/i2c.dir/C_/Users/ishar/.pico-sdk/sdk/2.2.0/src/common/pico_sync/mutex.c.obj
                0x200001d4                mutex_try_enter
 *fill*         0x2000021e        0x2 
 .time_critical.mutex_enter_block_until
                0x20000220       0x7c CMakeFiles/i2c.dir/C_/Users/ishar/.pico-sdk/sdk/2.2.0/src/common/pico_sync/mutex.c.obj
                0x20000220                mutex_enter_block_until
 .time_critical.mutex_try_enter_block_until
                0x2000029c       0x34 CMakeFiles/i2c.dir/C_/Users/ishar/.pico-sdk/sdk/2.2.0/src/common/pico_sync/mutex.c.obj
                0x2000029c                mutex_try_enter_block_until
 .time_critical.mutex_enter_timeout_ms
                0x200002d0       0x3c CMakeFiles/i2c.dir/C_/Users/ishar/.pico-sdk/sdk/2.2.0/src/common/pico_sync/mutex.c.obj
                0x200002d0                mutex_enter_timeout_ms
 .time_critical.mutex_exit
                0x2000030c       0x4c CMakeFiles/i2c.dir/C_/Users/ishar/.pico-sdk/sdk/2.2.0/src/common/pico_sync/mutex.c.obj
                0x2000030c                mutex_exit
 .time_critical.reset_non_control_endpoints
                0x20000358       0x40 CMakeFiles/i2c.dir/C_/Users/ishar/.pico-sdk/sdk/2.2.0/lib/tinyusb/src/portable/raspberrypi/rp2040/dcd_rp2040.c.obj
 .time_critical.hw_handle_buff_status
                0x20000398       0x9c CMakeFiles/i2c.dir/C_/Users/ishar/.pico-sdk/sdk/2.2.0/lib/tinyusb/src/portable/raspberrypi/rp2040/dcd_rp2040.c.obj
 .time_critical.dcd_rp2040_irq
                0x20000434      0x1fc CMakeFiles/i2c.dir/C_/Users/ishar/.pico-sdk/sdk/2.2.0/lib/tinyusb/src/portable/raspberrypi/rp2040/dcd_rp2040.c.obj
 .time_critical.prepare_ep_buffer
                0x20000630       0x6c CMakeFiles/i2c.dir/C_/Users/ishar/.pico-sdk/sdk/2.2.0/lib/tinyusb/src/portable/raspberrypi/rp2040/rp2040_usb.c.obj
 .time_critical.e15_is_bulkin_ep
                0x2000069c       0x2c CMakeFiles/i2c.dir/C_/Users/ishar/.pico-sdk/sdk/2.2.0/lib/tinyusb/src/portable/raspberrypi/rp2040/rp2040_usb.c.obj
 .time_critical.e15_is_critical_frame_period
                0x200006c8       0x30 CMakeFiles/i2c.dir/C_/Users/ishar/.pico-sdk/sdk/2.2.0/lib/tinyusb/src/portable/raspberrypi/rp2040/rp2040_usb.c.obj
 .time_critical.sync_ep_buffer
                0x200006f8       0x78 CMakeFiles/i2c.dir/C_/Users/ishar/.pico-sdk/sdk/2.2.0/lib/tinyusb/src/portable/raspberrypi/rp2040/rp2040_usb.c.obj
 .time_critical._hw_endpoint_xfer_sync
                0x20000770       0x28 CMakeFiles/i2c.dir/C_/Users/ishar/.pico-sdk/sdk/2.2.0/lib/tinyusb/src/portable/raspberrypi/rp2040/rp2040_usb.c.obj
 .time_critical.hw_endpoint_reset_transfer
                0x20000798        0xc CMakeFiles/i2c.dir/C_/Users/ishar/.pico-sdk/sdk/2.2.0/lib/tinyusb/src/portable/raspberrypi/rp2040/rp2040_usb.c.obj
                0x20000798                hw_endpoint_reset_transfer
 .time_critical._hw_endpoint_buffer_control_update32
                0x200007a4       0x4c CMakeFiles/i2c.dir/C_/Users/ishar/.pico-sdk/sdk/2.2.0/lib/tinyusb/src/portable/raspberrypi/rp2040/rp2040_usb.c.obj
                0x200007a4                _hw_endpoint_buffer_control_update32
 .time_critical.hw_endpoint_start_next_buffer
                0x200007f0       0x7c CMakeFiles/i2c.dir/C_/Users/ishar/.pico-sdk/sdk/2.2.0/lib/tinyusb/src/portable/raspberrypi/rp2040/rp2040_usb.c.obj
                0x200007f0                hw_endpoint_start_next_buffer
 .time_critical.hw_endpoint_xfer_continue
                0x2000086c       0x40 CMakeFiles/i2c.dir/C_/Users/ishar/.pico-sdk/sdk/2.2.0/lib/tinyusb/src/portable/raspberrypi/rp2040/rp2040_usb.c.obj
                0x2000086c                hw_endpoint_xfer_continue
 .time_critical.tinyusb
                0x200008ac      0x1d0 CMakeFiles/i2c.dir/C_/Users/ishar/.pico-sdk/sdk/2.2.0/lib/tinyusb/src/device/usbd.c.obj
                0x200008ac                dcd_event_handler
 *(.text*)
 .text.i2c_bus_scan
                0x20000a7c       0x64 CMakeFiles/i2c.dir/main.c.obj
 .text.main     0x20000ae0       0xb8 CMakeFiles/i2c.dir/main.c.obj
                0x20000ae0                main
 .text.pcf8574_write
                0x20000b98       0x28 CMakeFiles/i2c.dir/pcf8574_lcd.c.obj
 .text.lcd_strobe
                0x20000bc0       0x2a CMakeFiles/i2c.dir/pcf8574_lcd.c.obj
 .text.lcd_write_nibble
                0x20000bea        0xe CMakeFiles/i2c.dir/pcf8574_lcd.c.obj
 .text.lcd_write_byte
                0x20000bf8       0x1a CMakeFiles/i2c.dir/pcf8574_lcd.c.obj
 .text.lcd_cmd  0x20000c12       0x1c CMakeFiles/i2c.dir/pcf8574_lcd.c.obj
 .text.lcd_data
                0x20000c2e        0xa CMakeFiles/i2c.dir/pcf8574_lcd.c.obj
 .text.lcd_clear
                0x20000c38        0xa CMakeFiles/i2c.dir/pcf8574_lcd.c.obj
                0x20000c38                lcd_clear
 *fill*         0x20000c42        0x2 
 .text.lcd_set_cursor
                0x20000c44       0x1c CMakeFiles/i2c.dir/pcf8574_lcd.c.obj
                0x20000c44                lcd_set_cursor
 .text.lcd_print
                0x20000c60       0x14 CMakeFiles/i2c.dir/pcf8574_lcd.c.obj
                0x20000c60                lcd_print
 .text.lcd_init
                0x20000c74       0x74 CMakeFiles/i2c.dir/pcf8574_lcd.c.obj
                0x20000c74                lcd_init
 .text.gpio_set_function
                0x20000ce8       0x34 CMakeFiles/i2c.dir/C_/Users/ishar/.pico-sdk/sdk/2.2.0/src/rp2_common/hardware_gpio/gpio.c.obj
                0x20000ce8                gpio_set_function
 .text.gpio_set_pulls
                0x20000d1c       0x34 CMakeFiles/i2c.dir/C_/Users/ishar/.pico-sdk/sdk/2.2.0/src/rp2_common/hardware_gpio/gpio.c.obj
                0x20000d1c                gpio_set_pulls
 .text.rp2040_chip_version
                0x20000d50       0x54 CMakeFiles/i2c.dir/C_/Users/ishar/.pico-sdk/sdk/2.2.0/src/rp2040/pico_platform/platform.c.obj
                0x20000d50                rp2040_chip_version
 .text.panic    0x20000da4       0x30 CMakeFiles/i2c.dir/C_/Users/ishar/.pico-sdk/sdk/2.2.0/src/rp2_common/pico_platform_panic/panic.c.obj
                0x20000da4                panic
 .text.hw_claim_lock
                0x20000dd4       0x18 CMakeFiles/i2c.dir/C_/Users/ishar/.pico-sdk/sdk/2.2.0/src/common/hardware_claim/claim.c.obj
                0x20000dd4                hw_claim_lock
 .text.hw_claim_unlock
                0x20000dec       0x14 CMakeFiles/i2c.dir/C_/Users/ishar/.pico-sdk/sdk/2.2.0/src/common/hardware_claim/claim.c.obj
                0x20000dec                hw_claim_unlock
 .text.hw_claim_or_assert
                0x20000e00       0x36 CMakeFiles/i2c.dir/C_/Users/ishar/.pico-sdk/sdk/2.2.0/src/common/hardware_claim/claim.c.obj
                0x20000e00                hw_claim_or_assert
 .text.hw_claim_unused_from_range
                0x20000e36       0x50 CMakeFiles/i2c.dir/C_/Users/ishar/.pico-sdk/sdk/2.2.0/src/common/hardware_claim/claim.c.obj
                0x20000e36                hw_claim_unused_from_range
 *fill*         0x20000e86        0x2 
 .text.next_striped_spin_lock_num
                0x20000e88       0x1c CMakeFiles/i2c.dir/C_/Users/ishar/.pico-sdk/sdk/2.2.0/src/rp2_common/hardware_sync/sync.c.obj
                0x20000e88                next_striped_spin_lock_num
 .text.spin_lock_claim_unused
                0x20000ea4       0x20 CMakeFiles/i2c.dir/C_/Users/ishar/.pico-sdk/sdk/2.2.0/src/rp2_common/hardware_sync/sync.c.obj
                0x20000ea4                spin_lock_claim_unused
 .text.spin_locks_reset
                0x20000ec4       0x20 CMakeFiles/i2c.dir/C_/Users/ishar/.pico-sdk/sdk/2.2.0/src/rp2_common/hardware_sync_spin_lock/sync_spin_lock.c.obj
                0x20000ec4                spin_locks_reset
 .text.set_raw_irq_handler_and_unlock
                0x20000ee4       0x28 CMakeFiles/i2c.dir/C_/Users/ishar/.pico-sdk/sdk/2.2.0/src/rp2_common/hardware_irq/irq.c.obj
 .text.nvic_ipr0
                0x20000f0c        0x8 CMakeFiles/i2c.dir/C_/Users/ishar/.pico-sdk/sdk/2.2.0/src/rp2_common/hardware_irq/irq.c.obj
 .text.runtime_init_per_core_irq_priorities
                0x20000f14       0x1c CMakeFiles/i2c.dir/C_/Users/ishar/.pico-sdk/sdk/2.2.0/src/rp2_common/hardware_irq/irq.c.obj
                0x20000f14                runtime_init_per_core_irq_priorities
 .text.resolve_j_16
                0x20000f30       0x30 CMakeFiles/i2c.dir/C_/Users/ishar/.pico-sdk/sdk/2.2.0/src/rp2_common/hardware_irq/irq.c.obj
 .text.make_j_16
                0x20000f60       0x48 CMakeFiles/i2c.dir/C_/Users/ishar/.pico-sdk/sdk/2.2.0/src/rp2_common/hardware_irq/irq.c.obj
 .text.irq_is_enabled
                0x20000fa8       0x18 CMakeFiles/i2c.dir/C_/Users/ishar/.pico-sdk/sdk/2.2.0/src/rp2_common/hardware_irq/irq.c.obj
                0x20000fa8                irq_is_enabled
 .text.irq_set_mask_n_enabled
                0x20000fc0       0x1c CMakeFiles/i2c.dir/C_/Users/ishar/.pico-sdk/sdk/2.2.0/src/rp2_common/hardware_irq/irq.c.obj
                0x20000fc0                irq_set_mask_n_enabled
 .text.irq_set_enabled
                0x20000fdc       0x14 CMakeFiles/i2c.dir/C_/Users/ishar/.pico-sdk/sdk/2.2.0/src/rp2_common/hardware_irq/irq.c.obj
                0x20000fdc                irq_set_enabled
 .text.irq_set_pending
                0x20000ff0       0x10 CMakeFiles/i2c.dir/C_/Users/ishar/.pico-sdk/sdk/2.2.0/src/rp2_common/hardware_irq/irq.c.obj
                0x20000ff0                irq_set_pending
 .text.irq_get_vtable_handler
                0x20001000       0x10 CMakeFiles/i2c.dir/C_/Users/ishar/.pico-sdk/sdk/2.2.0/src/rp2_common/hardware_irq/irq.c.obj
                0x20001000                irq_get_vtable_handler
 .text.irq_has_shared_handler
                0x20001010       0x1c CMakeFiles/i2c.dir/C_/Users/ishar/.pico-sdk/sdk/2.2.0/src/rp2_common/hardware_irq/irq.c.obj
                0x20001010                irq_has_shared_handler
 .text.irq_set_exclusive_handler
                0x2000102c       0x54 CMakeFiles/i2c.dir/C_/Users/ishar/.pico-sdk/sdk/2.2.0/src/rp2_common/hardware_irq/irq.c.obj
                0x2000102c                irq_set_exclusive_handler
 .text.irq_add_shared_handler
                0x20001080      0x218 CMakeFiles/i2c.dir/C_/Users/ishar/.pico-sdk/sdk/2.2.0/src/rp2_common/hardware_irq/irq.c.obj
                0x20001080                irq_add_shared_handler
 .text.irq_add_tail_to_free_list
                0x20001298       0xf8 CMakeFiles/i2c.dir/C_/Users/ishar/.pico-sdk/sdk/2.2.0/src/rp2_common/hardware_irq/irq.c.obj
                0x20001298                irq_add_tail_to_free_list
 .text.user_irq_claim_unused
                0x20001390       0x28 CMakeFiles/i2c.dir/C_/Users/ishar/.pico-sdk/sdk/2.2.0/src/rp2_common/hardware_irq/irq.c.obj
                0x20001390                user_irq_claim_unused
 .text.lock_init
                0x200013b8       0x10 CMakeFiles/i2c.dir/C_/Users/ishar/.pico-sdk/sdk/2.2.0/src/common/pico_sync/lock_core.c.obj
                0x200013b8                lock_init
 .text.mutex_init
                0x200013c8       0x1a CMakeFiles/i2c.dir/C_/Users/ishar/.pico-sdk/sdk/2.2.0/src/common/pico_sync/mutex.c.obj
                0x200013c8                mutex_init
 .text.recursive_mutex_init
                0x200013e2       0x1e CMakeFiles/i2c.dir/C_/Users/ishar/.pico-sdk/sdk/2.2.0/src/common/pico_sync/mutex.c.obj
                0x200013e2                recursive_mutex_init
 .text.runtime_init_mutex
                0x20001400       0x4c CMakeFiles/i2c.dir/C_/Users/ishar/.pico-sdk/sdk/2.2.0/src/common/pico_sync/mutex.c.obj
                0x20001400                runtime_init_mutex
 .text.critical_section_init_with_lock_num
                0x2000144c       0x14 CMakeFiles/i2c.dir/C_/Users/ishar/.pico-sdk/sdk/2.2.0/src/common/pico_sync/critical_section.c.obj
                0x2000144c                critical_section_init_with_lock_num
 .text.critical_section_init
                0x20001460       0x14 CMakeFiles/i2c.dir/C_/Users/ishar/.pico-sdk/sdk/2.2.0/src/common/pico_sync/critical_section.c.obj
                0x20001460                critical_section_init
 .text.ta_set_timeout
                0x20001474       0x28 CMakeFiles/i2c.dir/C_/Users/ishar/.pico-sdk/sdk/2.2.0/src/common/pico_time/time.c.obj
 .text.make_alarm_id
                0x2000149c        0x6 CMakeFiles/i2c.dir/C_/Users/ishar/.pico-sdk/sdk/2.2.0/src/common/pico_time/time.c.obj
 *fill*         0x200014a2        0x2 
 .text.sleep_until_callback
                0x200014a4       0x30 CMakeFiles/i2c.dir/C_/Users/ishar/.pico-sdk/sdk/2.2.0/src/common/pico_time/time.c.obj
 .text.alarm_pool_irq_handler
                0x200014d4      0x2f4 CMakeFiles/i2c.dir/C_/Users/ishar/.pico-sdk/sdk/2.2.0/src/common/pico_time/time.c.obj
 .text.ta_enable_irq_handler
                0x200017c8       0x2c CMakeFiles/i2c.dir/C_/Users/ishar/.pico-sdk/sdk/2.2.0/src/common/pico_time/time.c.obj
 .text.alarm_pool_post_alloc_init
                0x200017f4       0x68 CMakeFiles/i2c.dir/C_/Users/ishar/.pico-sdk/sdk/2.2.0/src/common/pico_time/time.c.obj
 .text.alarm_pool_get_default
                0x2000185c       0x2c CMakeFiles/i2c.dir/C_/Users/ishar/.pico-sdk/sdk/2.2.0/src/common/pico_time/time.c.obj
                0x2000185c                alarm_pool_get_default
 .text.alarm_pool_add_alarm_at_force_in_context
                0x20001888       0xa4 CMakeFiles/i2c.dir/C_/Users/ishar/.pico-sdk/sdk/2.2.0/src/common/pico_time/time.c.obj
                0x20001888                alarm_pool_add_alarm_at_force_in_context
 .text.alarm_pool_add_alarm_at
                0x2000192c       0x3c CMakeFiles/i2c.dir/C_/Users/ishar/.pico-sdk/sdk/2.2.0/src/common/pico_time/time.c.obj
                0x2000192c                alarm_pool_add_alarm_at
 .text.add_alarm_at
                0x20001968       0x2e CMakeFiles/i2c.dir/C_/Users/ishar/.pico-sdk/sdk/2.2.0/src/common/pico_time/time.c.obj
 *fill*         0x20001996        0x2 
 .text.alarm_pool_cancel_alarm
                0x20001998       0x7c CMakeFiles/i2c.dir/C_/Users/ishar/.pico-sdk/sdk/2.2.0/src/common/pico_time/time.c.obj
                0x20001998                alarm_pool_cancel_alarm
 .text.cancel_alarm
                0x20001a14       0x10 CMakeFiles/i2c.dir/C_/Users/ishar/.pico-sdk/sdk/2.2.0/src/common/pico_time/time.c.obj
 .text.alarm_pool_core_num
                0x20001a24        0x4 CMakeFiles/i2c.dir/C_/Users/ishar/.pico-sdk/sdk/2.2.0/src/common/pico_time/time.c.obj
                0x20001a24                alarm_pool_core_num
 .text.sleep_until
                0x20001a28       0xb0 CMakeFiles/i2c.dir/C_/Users/ishar/.pico-sdk/sdk/2.2.0/src/common/pico_time/time.c.obj
                0x20001a28                sleep_until
 .text.sleep_us
                0x20001ad8       0x2c CMakeFiles/i2c.dir/C_/Users/ishar/.pico-sdk/sdk/2.2.0/src/common/pico_time/time.c.obj
                0x20001ad8                sleep_us
 .text.sleep_ms
                0x20001b04       0x14 CMakeFiles/i2c.dir/C_/Users/ishar/.pico-sdk/sdk/2.2.0/src/common/pico_time/time.c.obj
                0x20001b04                sleep_ms
 .text.best_effort_wfe_or_timeout
                0x20001b18      0x120 CMakeFiles/i2c.dir/C_/Users/ishar/.pico-sdk/sdk/2.2.0/src/common/pico_time/time.c.obj
                0x20001b18                best_effort_wfe_or_timeout
 .text.alarm_pool_get_default_timer
                0x20001c38        0x8 CMakeFiles/i2c.dir/C_/Users/ishar/.pico-sdk/sdk/2.2.0/src/common/pico_time/time.c.obj
                0x20001c38                alarm_pool_get_default_timer
 .text.runtime_init_default_alarm_pool
                0x20001c40       0x38 CMakeFiles/i2c.dir/C_/Users/ishar/.pico-sdk/sdk/2.2.0/src/common/pico_time/time.c.obj
                0x20001c40                runtime_init_default_alarm_pool
 .text.timer_hardware_alarm_claim
                0x20001c78       0x14 CMakeFiles/i2c.dir/C_/Users/ishar/.pico-sdk/sdk/2.2.0/src/rp2_common/hardware_timer/timer.c.obj
                0x20001c78                timer_hardware_alarm_claim
 .text.timer_time_us_64
                0x20001c8c       0x10 CMakeFiles/i2c.dir/C_/Users/ishar/.pico-sdk/sdk/2.2.0/src/rp2_common/hardware_timer/timer.c.obj
                0x20001c8c                timer_time_us_64
 .text.timer_busy_wait_until
                0x20001c9c       0x1a CMakeFiles/i2c.dir/C_/Users/ishar/.pico-sdk/sdk/2.2.0/src/rp2_common/hardware_timer/timer.c.obj
                0x20001c9c                timer_busy_wait_until
 *fill*         0x20001cb6        0x2 
 .text.time_us_64
                0x20001cb8       0x10 CMakeFiles/i2c.dir/C_/Users/ishar/.pico-sdk/sdk/2.2.0/src/rp2_common/hardware_timer/timer.c.obj
                0x20001cb8                time_us_64
 .text.busy_wait_until
                0x20001cc8       0x14 CMakeFiles/i2c.dir/C_/Users/ishar/.pico-sdk/sdk/2.2.0/src/rp2_common/hardware_timer/timer.c.obj
                0x20001cc8                busy_wait_until
 .text.clock_configure_internal
                0x20001cdc       0xc0 CMakeFiles/i2c.dir/C_/Users/ishar/.pico-sdk/sdk/2.2.0/src/rp2_common/hardware_clocks/clocks.c.obj
 .text.clock_configure_int_divider
                0x20001d9c       0x28 CMakeFiles/i2c.dir/C_/Users/ishar/.pico-sdk/sdk/2.2.0/src/rp2_common/hardware_clocks/clocks.c.obj
                0x20001d9c                clock_configure_int_divider
 .text.clock_configure_undivided
                0x20001dc4       0x12 CMakeFiles/i2c.dir/C_/Users/ishar/.pico-sdk/sdk/2.2.0/src/rp2_common/hardware_clocks/clocks.c.obj
                0x20001dc4                clock_configure_undivided
 *fill*         0x20001dd6        0x2 
 .text.clock_get_hz
                0x20001dd8        0xc CMakeFiles/i2c.dir/C_/Users/ishar/.pico-sdk/sdk/2.2.0/src/rp2_common/hardware_clocks/clocks.c.obj
                0x20001dd8                clock_get_hz
 .text.pll_init
                0x20001de4      0x124 CMakeFiles/i2c.dir/C_/Users/ishar/.pico-sdk/sdk/2.2.0/src/rp2_common/hardware_pll/pll.c.obj
                0x20001de4                pll_init
 .text.watchdog_update
                0x20001f08       0x14 CMakeFiles/i2c.dir/C_/Users/ishar/.pico-sdk/sdk/2.2.0/src/rp2_common/hardware_watchdog/watchdog.c.obj
                0x20001f08                watchdog_update
 .text._watchdog_enable
                0x20001f1c       0x78 CMakeFiles/i2c.dir/C_/Users/ishar/.pico-sdk/sdk/2.2.0/src/rp2_common/hardware_watchdog/watchdog.c.obj
                0x20001f1c                _watchdog_enable
 .text.watchdog_reboot
                0x20001f94       0x48 CMakeFiles/i2c.dir/C_/Users/ishar/.pico-sdk/sdk/2.2.0/src/rp2_common/hardware_watchdog/watchdog.c.obj
                0x20001f94                watchdog_reboot
 .text.tick_start
                0x20001fdc       0x10 CMakeFiles/i2c.dir/C_/Users/ishar/.pico-sdk/sdk/2.2.0/src/rp2_common/hardware_ticks/ticks.c.obj
                0x20001fdc                tick_start
 .text.rom_func_lookup
                0x20001fec       0x10 CMakeFiles/i2c.dir/C_/Users/ishar/.pico-sdk/sdk/2.2.0/src/rp2_common/pico_bootrom/bootrom.c.obj
                0x20001fec                rom_func_lookup
 .text.rom_data_lookup
                0x20001ffc       0x10 CMakeFiles/i2c.dir/C_/Users/ishar/.pico-sdk/sdk/2.2.0/src/rp2_common/pico_bootrom/bootrom.c.obj
                0x20001ffc                rom_data_lookup
 .text.rom_funcs_lookup
                0x2000200c       0x36 CMakeFiles/i2c.dir/C_/Users/ishar/.pico-sdk/sdk/2.2.0/src/rp2_common/pico_bootrom/bootrom.c.obj
                0x2000200c                rom_funcs_lookup
 *fill*         0x20002042        0x2 
 .text.rom_reset_usb_boot_extra
                0x20002044       0x24 CMakeFiles/i2c.dir/C_/Users/ishar/.pico-sdk/sdk/2.2.0/src/rp2_common/pico_bootrom/bootrom.c.obj
                0x20002044                rom_reset_usb_boot_extra
 .text.xosc_init
                0x20002068       0x2c CMakeFiles/i2c.dir/C_/Users/ishar/.pico-sdk/sdk/2.2.0/src/rp2_common/hardware_xosc/xosc.c.obj
                0x20002068                xosc_init
 .text.runtime_run_initializers_from
                0x20002094       0x18 CMakeFiles/i2c.dir/C_/Users/ishar/.pico-sdk/sdk/2.2.0/src/rp2_common/pico_runtime/runtime.c.obj
 .text.first_per_core_initializer
                0x200020ac        0x2 CMakeFiles/i2c.dir/C_/Users/ishar/.pico-sdk/sdk/2.2.0/src/rp2_common/pico_runtime/runtime.c.obj
 *fill*         0x200020ae        0x2 
 .text.runtime_run_initializers
                0x200020b0       0x10 CMakeFiles/i2c.dir/C_/Users/ishar/.pico-sdk/sdk/2.2.0/src/rp2_common/pico_runtime/runtime.c.obj
                0x200020b0                runtime_run_initializers
 .text.runtime_init_early_resets
                0x200020c0       0x2c CMakeFiles/i2c.dir/C_/Users/ishar/.pico-sdk/sdk/2.2.0/src/rp2_common/pico_runtime_init/runtime_init.c.obj
                0x200020c0                runtime_init_early_resets
 .text.runtime_init_usb_power_down
                0x200020ec       0x1c CMakeFiles/i2c.dir/C_/Users/ishar/.pico-sdk/sdk/2.2.0/src/rp2_common/pico_runtime_init/runtime_init.c.obj
                0x200020ec                runtime_init_usb_power_down
 .text.runtime_init_post_clock_resets
                0x20002108       0x20 CMakeFiles/i2c.dir/C_/Users/ishar/.pico-sdk/sdk/2.2.0/src/rp2_common/pico_runtime_init/runtime_init.c.obj
                0x20002108                runtime_init_post_clock_resets
 .text.runtime_init_rp2040_gpio_ie_disable
                0x20002128       0x14 CMakeFiles/i2c.dir/C_/Users/ishar/.pico-sdk/sdk/2.2.0/src/rp2_common/pico_runtime_init/runtime_init.c.obj
                0x20002128                runtime_init_rp2040_gpio_ie_disable
 .text.runtime_init_spin_locks_reset
                0x2000213c        0x8 CMakeFiles/i2c.dir/C_/Users/ishar/.pico-sdk/sdk/2.2.0/src/rp2_common/pico_runtime_init/runtime_init.c.obj
                0x2000213c                runtime_init_spin_locks_reset
 .text.start_all_ticks
                0x20002144       0x28 CMakeFiles/i2c.dir/C_/Users/ishar/.pico-sdk/sdk/2.2.0/src/rp2_common/pico_runtime_init/runtime_init_clocks.c.obj
 .text.runtime_init_clocks
                0x2000216c       0xcc CMakeFiles/i2c.dir/C_/Users/ishar/.pico-sdk/sdk/2.2.0/src/rp2_common/pico_runtime_init/runtime_init_clocks.c.obj
                0x2000216c                runtime_init_clocks
 .text          0x20002238       0x10 CMakeFiles/i2c.dir/C_/Users/ishar/.pico-sdk/sdk/2.2.0/src/rp2_common/pico_bit_ops/bit_ops_aeabi.S.obj
 .text.__wrap___aeabi_idiv
                0x20002248       0x50 CMakeFiles/i2c.dir/C_/Users/ishar/.pico-sdk/sdk/2.2.0/src/rp2_common/pico_divider/divider_hardware.S.obj
                0x20002248                __wrap___aeabi_idivmod
                0x20002248                divmod_s32s32
                0x20002248                div_s32s32
                0x20002248                __wrap___aeabi_idiv
                0x20002250                divmod_s32s32_unsafe
                0x2000227c                divmod_s32s32_savestate
 .text.__wrap___aeabi_uidiv
                0x20002298       0x4c CMakeFiles/i2c.dir/C_/Users/ishar/.pico-sdk/sdk/2.2.0/src/rp2_common/pico_divider/divider_hardware.S.obj
                0x20002298                __wrap___aeabi_uidiv
                0x20002298                __wrap___aeabi_uidivmod
                0x20002298                div_u32u32
                0x20002298                divmod_u32u32
                0x200022a0                divmod_u32u32_unsafe
                0x200022c8                divmod_u32u32_savestate
 .text.__wrap___aeabi_ldiv
                0x200022e4      0x424 CMakeFiles/i2c.dir/C_/Users/ishar/.pico-sdk/sdk/2.2.0/src/rp2_common/pico_divider/divider_hardware.S.obj
                0x200022e4                div_s64s64
                0x200022e4                divmod_s64s64
                0x200022e4                __wrap___aeabi_ldivmod
                0x20002314                divmod_u64u64
                0x20002314                div_u64u64
                0x20002314                __wrap___aeabi_uldivmod
                0x20002324                divmod_u64u64_savestate
                0x20002344                divmod_s64s64_unsafe
                0x200023cc                divmod_u64u64_unsafe
 .text.__wrap___aeabi_darithmetic
                0x20002708       0x80 CMakeFiles/i2c.dir/C_/Users/ishar/.pico-sdk/sdk/2.2.0/src/rp2_common/pico_double/double_aeabi_rp2040.S.obj
                0x20002708                __wrap___aeabi_drsub
                0x2000270e                __wrap___aeabi_dsub
                0x20002720                __wrap___aeabi_dadd
                0x20002732                __wrap___aeabi_ddiv
                0x2000276e                __wrap___aeabi_dmul
 .text.__wrap___aeabi_cdcmple
                0x20002788       0x6c CMakeFiles/i2c.dir/C_/Users/ishar/.pico-sdk/sdk/2.2.0/src/rp2_common/pico_double/double_aeabi_rp2040.S.obj
                0x20002788                __wrap___aeabi_cdrcmple
                0x20002798                __wrap___aeabi_cdcmpeq
                0x20002798                __wrap___aeabi_cdcmple
 .text.__wrap___aeabi_dcmplt
                0x200027f4        0xc CMakeFiles/i2c.dir/C_/Users/ishar/.pico-sdk/sdk/2.2.0/src/rp2_common/pico_double/double_aeabi_rp2040.S.obj
                0x200027f4                __wrap___aeabi_dcmplt
 .text.__wrap___aeabi_dcmple
                0x20002800       0x10 CMakeFiles/i2c.dir/C_/Users/ishar/.pico-sdk/sdk/2.2.0/src/rp2_common/pico_double/double_aeabi_rp2040.S.obj
                0x20002800                __wrap___aeabi_dcmple
 .text.__wrap___aeabi_dcmpge
                0x20002810       0x10 CMakeFiles/i2c.dir/C_/Users/ishar/.pico-sdk/sdk/2.2.0/src/rp2_common/pico_double/double_aeabi_rp2040.S.obj
                0x20002810                __wrap___aeabi_dcmpge
 .text.__wrap___aeabi_dcmpgt
                0x20002820        0xa CMakeFiles/i2c.dir/C_/Users/ishar/.pico-sdk/sdk/2.2.0/src/rp2_common/pico_double/double_aeabi_rp2040.S.obj
                0x20002820                __wrap___aeabi_dcmpgt
 .text.__wrap___aeabi_dcmpun
                0x2000282a       0x18 CMakeFiles/i2c.dir/C_/Users/ishar/.pico-sdk/sdk/2.2.0/src/rp2_common/pico_double/double_aeabi_rp2040.S.obj
                0x2000282a                __wrap___aeabi_dcmpun
 *fill*         0x20002842        0x2 
 .text.__wrap___aeabi_i2d
                0x20002844       0x38 CMakeFiles/i2c.dir/C_/Users/ishar/.pico-sdk/sdk/2.2.0/src/rp2_common/pico_double/double_aeabi_rp2040.S.obj
                0x20002844                uint2double
                0x20002844                __wrap___aeabi_ui2d
                0x2000284c                int2double
                0x2000284c                __wrap___aeabi_i2d
 .text.__wrap___aeabi_d2iz
                0x2000287c       0x48 CMakeFiles/i2c.dir/C_/Users/ishar/.pico-sdk/sdk/2.2.0/src/rp2_common/pico_double/double_aeabi_rp2040.S.obj
                0x2000287c                double2int_z
                0x2000287c                __wrap___aeabi_d2iz
 .text.__wrap___aeabi_d2uiz
                0x200028c4       0x18 CMakeFiles/i2c.dir/C_/Users/ishar/.pico-sdk/sdk/2.2.0/src/rp2_common/pico_double/double_aeabi_rp2040.S.obj
                0x200028c4                double2uint
                0x200028c4                __wrap___aeabi_d2uiz
                0x200028c4                double2uint_z
 .text.__aeabi_double_init
                0x200028dc       0xcc CMakeFiles/i2c.dir/C_/Users/ishar/.pico-sdk/sdk/2.2.0/src/rp2_common/pico_double/double_init_rom_rp2040.c.obj
                0x200028dc                __aeabi_double_init
 .text.double_table_shim_on_use_helper
                0x200029a8       0x34 CMakeFiles/i2c.dir/C_/Users/ishar/.pico-sdk/sdk/2.2.0/src/rp2_common/pico_double/double_v1_rom_shim_rp2040.S.obj
                0x200029a8                double_table_shim_on_use_helper
 .text.__wrap___aeabi_dsub
                0x200029dc       0x10 CMakeFiles/i2c.dir/C_/Users/ishar/.pico-sdk/sdk/2.2.0/src/rp2_common/pico_double/double_v1_rom_shim_rp2040.S.obj
                0x200029dc                drsub_shim
                0x200029e2                dsub_shim
 .text.dadd_shim
                0x200029ec      0x15c CMakeFiles/i2c.dir/C_/Users/ishar/.pico-sdk/sdk/2.2.0/src/rp2_common/pico_double/double_v1_rom_shim_rp2040.S.obj
                0x200029ec                dadd_shim
 .text.dmul_shim
                0x20002b48      0x15c CMakeFiles/i2c.dir/C_/Users/ishar/.pico-sdk/sdk/2.2.0/src/rp2_common/pico_double/double_v1_rom_shim_rp2040.S.obj
                0x20002b48                dmul_shim
 .text.ddiv_shim
                0x20002ca4      0x1b0 CMakeFiles/i2c.dir/C_/Users/ishar/.pico-sdk/sdk/2.2.0/src/rp2_common/pico_double/double_v1_rom_shim_rp2040.S.obj
                0x20002ca4                ddiv_shim
 .text.double2uint_shim
                0x20002e54        0xe CMakeFiles/i2c.dir/C_/Users/ishar/.pico-sdk/sdk/2.2.0/src/rp2_common/pico_double/double_v1_rom_shim_rp2040.S.obj
                0x20002e54                double2uint_shim
                0x20002e56                double2ufix_shim
 *fill*         0x20002e62        0x2 
 .text.double2uint64_shim
                0x20002e64       0x70 CMakeFiles/i2c.dir/C_/Users/ishar/.pico-sdk/sdk/2.2.0/src/rp2_common/pico_double/double_v1_rom_shim_rp2040.S.obj
                0x20002e64                double2uint64_shim
                0x20002e66                double2ufix64_shim
                0x20002e86                d2fix_a
 .text.dunpacks
                0x20002ed4       0x3c CMakeFiles/i2c.dir/C_/Users/ishar/.pico-sdk/sdk/2.2.0/src/rp2_common/pico_double/double_v1_rom_shim_rp2040.S.obj
                0x20002ed4                dunpacks
 .text.__aeabi_lmul
                0x20002f10       0x32 CMakeFiles/i2c.dir/C_/Users/ishar/.pico-sdk/sdk/2.2.0/src/rp2_common/pico_int64_ops/pico_int64_ops_aeabi.S.obj
                0x20002f10                __wrap___aeabi_lmul
 *fill*         0x20002f42        0x2 
 .text.__aeabi_float_init
                0x20002f44       0xfc CMakeFiles/i2c.dir/C_/Users/ishar/.pico-sdk/sdk/2.2.0/src/rp2_common/pico_float/float_init_rom_rp2040.c.obj
                0x20002f44                __aeabi_float_init
 .text.float_table_shim_on_use_helper
                0x20003040       0x34 CMakeFiles/i2c.dir/C_/Users/ishar/.pico-sdk/sdk/2.2.0/src/rp2_common/pico_float/float_v1_rom_shim_rp2040.S.obj
                0x20003040                float_table_shim_on_use_helper
 .text          0x20003074       0x10 CMakeFiles/i2c.dir/C_/Users/ishar/.pico-sdk/sdk/2.2.0/src/rp2_common/pico_mem_ops/mem_ops_aeabi.S.obj
                0x20003074                __aeabi_mem_init
 .text.memset   0x20003084        0xc CMakeFiles/i2c.dir/C_/Users/ishar/.pico-sdk/sdk/2.2.0/src/rp2_common/pico_mem_ops/mem_ops_aeabi.S.obj
                0x20003084                __wrap_memset
 .text.memcpy   0x20003090        0xc CMakeFiles/i2c.dir/C_/Users/ishar/.pico-sdk/sdk/2.2.0/src/rp2_common/pico_mem_ops/mem_ops_aeabi.S.obj
                0x20003090                __wrap_memcpy
                0x20003090                __wrap___aeabi_memcpy
 .text._out_null
                0x2000309c        0x2 CMakeFiles/i2c.dir/C_/Users/ishar/.pico-sdk/sdk/2.2.0/src/rp2_common/pico_printf/printf.c.obj
 .text._out_fct
                0x2000309e        0xe CMakeFiles/i2c.dir/C_/Users/ishar/.pico-sdk/sdk/2.2.0/src/rp2_common/pico_printf/printf.c.obj
 .text._atoi    0x200030ac       0x24 CMakeFiles/i2c.dir/C_/Users/ishar/.pico-sdk/sdk/2.2.0/src/rp2_common/pico_printf/printf.c.obj
 .text._out_rev
                0x200030d0       0xba CMakeFiles/i2c.dir/C_/Users/ishar/.pico-sdk/sdk/2.2.0/src/rp2_common/pico_printf/printf.c.obj
 .text._ntoa_format
                0x2000318a      0x116 CMakeFiles/i2c.dir/C_/Users/ishar/.pico-sdk/sdk/2.2.0/src/rp2_common/pico_printf/printf.c.obj
 .text._ntoa_long
                0x200032a0       0xb8 CMakeFiles/i2c.dir/C_/Users/ishar/.pico-sdk/sdk/2.2.0/src/rp2_common/pico_printf/printf.c.obj
 .text._ntoa_long_long
                0x20003358       0xf8 CMakeFiles/i2c.dir/C_/Users/ishar/.pico-sdk/sdk/2.2.0/src/rp2_common/pico_printf/printf.c.obj
 .text._etoa    0x20003450      0x448 CMakeFiles/i2c.dir/C_/Users/ishar/.pico-sdk/sdk/2.2.0/src/rp2_common/pico_printf/printf.c.obj
 .text._ftoa    0x20003898      0x340 CMakeFiles/i2c.dir/C_/Users/ishar/.pico-sdk/sdk/2.2.0/src/rp2_common/pico_printf/printf.c.obj
 .text._vsnprintf
                0x20003bd8      0x684 CMakeFiles/i2c.dir/C_/Users/ishar/.pico-sdk/sdk/2.2.0/src/rp2_common/pico_printf/printf.c.obj
 .text.vfctprintf
                0x2000425c       0x28 CMakeFiles/i2c.dir/C_/Users/ishar/.pico-sdk/sdk/2.2.0/src/rp2_common/pico_printf/printf.c.obj
                0x2000425c                vfctprintf
 .text._exit    0x20004284        0x4 CMakeFiles/i2c.dir/C_/Users/ishar/.pico-sdk/sdk/2.2.0/src/rp2_common/pico_clib_interface/newlib_interface.c.obj
                0x20004284                _exit
 .text.exit     0x20004288        0x6 CMakeFiles/i2c.dir/C_/Users/ishar/.pico-sdk/sdk/2.2.0/src/rp2_common/pico_clib_interface/newlib_interface.c.obj
                0x20004288                exit
 *fill*         0x2000428e        0x2 
 .text.__assert_func
                0x20004290       0x38 CMakeFiles/i2c.dir/C_/Users/ishar/.pico-sdk/sdk/2.2.0/src/rp2_common/pico_clib_interface/newlib_interface.c.obj
                0x20004290                __assert_func
 .text.runtime_init
                0x200042c8       0x28 CMakeFiles/i2c.dir/C_/Users/ishar/.pico-sdk/sdk/2.2.0/src/rp2_common/pico_clib_interface/newlib_interface.c.obj
                0x200042c8                runtime_init
 .text.stdio_out_chars_no_crlf
                0x200042f0        0xe CMakeFiles/i2c.dir/C_/Users/ishar/.pico-sdk/sdk/2.2.0/src/rp2_common/pico_stdio/stdio.c.obj
 *fill*         0x200042fe        0x2 
 .text.stdio_out_chars_crlf
                0x20004300       0x7c CMakeFiles/i2c.dir/C_/Users/ishar/.pico-sdk/sdk/2.2.0/src/rp2_common/pico_stdio/stdio.c.obj
 .text.stdio_stack_buffer_flush
                0x2000437c       0x44 CMakeFiles/i2c.dir/C_/Users/ishar/.pico-sdk/sdk/2.2.0/src/rp2_common/pico_stdio/stdio.c.obj
 .text.stdio_buffered_printer
                0x200043c0       0x20 CMakeFiles/i2c.dir/C_/Users/ishar/.pico-sdk/sdk/2.2.0/src/rp2_common/pico_stdio/stdio.c.obj
 .text.stdout_serialize_begin
                0x200043e0       0x30 CMakeFiles/i2c.dir/C_/Users/ishar/.pico-sdk/sdk/2.2.0/src/rp2_common/pico_stdio/stdio.c.obj
                0x200043e0                stdout_serialize_begin
 .text.stdout_serialize_end
                0x20004410       0x10 CMakeFiles/i2c.dir/C_/Users/ishar/.pico-sdk/sdk/2.2.0/src/rp2_common/pico_stdio/stdio.c.obj
                0x20004410                stdout_serialize_end
 .text.stdio_put_string
                0x20004420       0x94 CMakeFiles/i2c.dir/C_/Users/ishar/.pico-sdk/sdk/2.2.0/src/rp2_common/pico_stdio/stdio.c.obj
                0x20004420                stdio_put_string
 .text.stdio_set_driver_enabled
                0x200044b4       0x30 CMakeFiles/i2c.dir/C_/Users/ishar/.pico-sdk/sdk/2.2.0/src/rp2_common/pico_stdio/stdio.c.obj
                0x200044b4                stdio_set_driver_enabled
 .text.stdio_flush
                0x200044e4       0x20 CMakeFiles/i2c.dir/C_/Users/ishar/.pico-sdk/sdk/2.2.0/src/rp2_common/pico_stdio/stdio.c.obj
                0x200044e4                stdio_flush
 .text.stdio_init_all
                0x20004504        0x8 CMakeFiles/i2c.dir/C_/Users/ishar/.pico-sdk/sdk/2.2.0/src/rp2_common/pico_stdio/stdio.c.obj
                0x20004504                stdio_init_all
 .text.__wrap_puts
                0x2000450c       0x1e CMakeFiles/i2c.dir/C_/Users/ishar/.pico-sdk/sdk/2.2.0/src/rp2_common/pico_stdio/stdio.c.obj
                0x2000450c                stdio_puts
                0x2000450c                __wrap_puts
 *fill*         0x2000452a        0x2 
 .text.__wrap_vprintf
                0x2000452c       0x40 CMakeFiles/i2c.dir/C_/Users/ishar/.pico-sdk/sdk/2.2.0/src/rp2_common/pico_stdio/stdio.c.obj
                0x2000452c                stdio_vprintf
                0x2000452c                __wrap_vprintf
 .text.__wrap_printf
                0x2000456c       0x18 CMakeFiles/i2c.dir/C_/Users/ishar/.pico-sdk/sdk/2.2.0/src/rp2_common/pico_stdio/stdio.c.obj
                0x2000456c                __wrap_printf
                0x2000456c                stdio_printf
 .text.resetd_init
                0x20004584        0x2 CMakeFiles/i2c.dir/C_/Users/ishar/.pico-sdk/sdk/2.2.0/src/rp2_common/pico_stdio_usb/reset_interface.c.obj
 *fill*         0x20004586        0x2 
 .text.resetd_reset
                0x20004588        0xc CMakeFiles/i2c.dir/C_/Users/ishar/.pico-sdk/sdk/2.2.0/src/rp2_common/pico_stdio_usb/reset_interface.c.obj
 .text.resetd_open
                0x20004594       0x34 CMakeFiles/i2c.dir/C_/Users/ishar/.pico-sdk/sdk/2.2.0/src/rp2_common/pico_stdio_usb/reset_interface.c.obj
 .text.resetd_xfer_cb
                0x200045c8        0x4 CMakeFiles/i2c.dir/C_/Users/ishar/.pico-sdk/sdk/2.2.0/src/rp2_common/pico_stdio_usb/reset_interface.c.obj
 .text.resetd_control_xfer_cb
                0x200045cc       0x60 CMakeFiles/i2c.dir/C_/Users/ishar/.pico-sdk/sdk/2.2.0/src/rp2_common/pico_stdio_usb/reset_interface.c.obj
 .text.tud_descriptor_bos_cb
                0x2000462c        0x8 CMakeFiles/i2c.dir/C_/Users/ishar/.pico-sdk/sdk/2.2.0/src/rp2_common/pico_stdio_usb/reset_interface.c.obj
                0x2000462c                tud_descriptor_bos_cb
 .text.tud_vendor_control_xfer_cb
                0x20004634       0x3c CMakeFiles/i2c.dir/C_/Users/ishar/.pico-sdk/sdk/2.2.0/src/rp2_common/pico_stdio_usb/reset_interface.c.obj
                0x20004634                tud_vendor_control_xfer_cb
 .text.usbd_app_driver_get_cb
                0x20004670        0xc CMakeFiles/i2c.dir/C_/Users/ishar/.pico-sdk/sdk/2.2.0/src/rp2_common/pico_stdio_usb/reset_interface.c.obj
                0x20004670                usbd_app_driver_get_cb
 .text.tud_cdc_line_coding_cb
                0x2000467c       0x2c CMakeFiles/i2c.dir/C_/Users/ishar/.pico-sdk/sdk/2.2.0/src/rp2_common/pico_stdio_usb/reset_interface.c.obj
                0x2000467c                tud_cdc_line_coding_cb
 .text.stdio_usb_set_chars_available_callback
                0x200046a8       0x14 CMakeFiles/i2c.dir/C_/Users/ishar/.pico-sdk/sdk/2.2.0/src/rp2_common/pico_stdio_usb/stdio_usb.c.obj
                0x200046a8                stdio_usb_set_chars_available_callback
 .text.stdio_usb_out_flush
                0x200046bc       0x4c CMakeFiles/i2c.dir/C_/Users/ishar/.pico-sdk/sdk/2.2.0/src/rp2_common/pico_stdio_usb/stdio_usb.c.obj
 .text.usb_irq  0x20004708       0x10 CMakeFiles/i2c.dir/C_/Users/ishar/.pico-sdk/sdk/2.2.0/src/rp2_common/pico_stdio_usb/stdio_usb.c.obj
 .text.timer_task
                0x20004718       0x78 CMakeFiles/i2c.dir/C_/Users/ishar/.pico-sdk/sdk/2.2.0/src/rp2_common/pico_stdio_usb/stdio_usb.c.obj
 .text.alarm_pool_add_alarm_in_us
                0x20004790       0x40 CMakeFiles/i2c.dir/C_/Users/ishar/.pico-sdk/sdk/2.2.0/src/rp2_common/pico_stdio_usb/stdio_usb.c.obj
 .text.add_alarm_in_us
                0x200047d0       0x2e CMakeFiles/i2c.dir/C_/Users/ishar/.pico-sdk/sdk/2.2.0/src/rp2_common/pico_stdio_usb/stdio_usb.c.obj
 *fill*         0x200047fe        0x2 
 .text.low_priority_worker_irq
                0x20004800       0xa8 CMakeFiles/i2c.dir/C_/Users/ishar/.pico-sdk/sdk/2.2.0/src/rp2_common/pico_stdio_usb/stdio_usb.c.obj
 .text.stdio_usb_init
                0x200048a8       0xe0 CMakeFiles/i2c.dir/C_/Users/ishar/.pico-sdk/sdk/2.2.0/src/rp2_common/pico_stdio_usb/stdio_usb.c.obj
                0x200048a8                stdio_usb_init
 .text.stdio_usb_connected
                0x20004988        0xa CMakeFiles/i2c.dir/C_/Users/ishar/.pico-sdk/sdk/2.2.0/src/rp2_common/pico_stdio_usb/stdio_usb.c.obj
                0x20004988                stdio_usb_connected
 *fill*         0x20004992        0x2 
 .text.stdio_usb_in_chars
                0x20004994       0xa0 CMakeFiles/i2c.dir/C_/Users/ishar/.pico-sdk/sdk/2.2.0/src/rp2_common/pico_stdio_usb/stdio_usb.c.obj
                0x20004994                stdio_usb_in_chars
 .text.stdio_usb_out_chars
                0x20004a34       0xe8 CMakeFiles/i2c.dir/C_/Users/ishar/.pico-sdk/sdk/2.2.0/src/rp2_common/pico_stdio_usb/stdio_usb.c.obj
 .text.tud_descriptor_device_cb
                0x20004b1c        0x8 CMakeFiles/i2c.dir/C_/Users/ishar/.pico-sdk/sdk/2.2.0/src/rp2_common/pico_stdio_usb/stdio_usb_descriptors.c.obj
                0x20004b1c                tud_descriptor_device_cb
 .text.tud_descriptor_configuration_cb
                0x20004b24        0x8 CMakeFiles/i2c.dir/C_/Users/ishar/.pico-sdk/sdk/2.2.0/src/rp2_common/pico_stdio_usb/stdio_usb_descriptors.c.obj
                0x20004b24                tud_descriptor_configuration_cb
 .text.tud_descriptor_string_cb
                0x20004b2c       0x6c CMakeFiles/i2c.dir/C_/Users/ishar/.pico-sdk/sdk/2.2.0/src/rp2_common/pico_stdio_usb/stdio_usb_descriptors.c.obj
                0x20004b2c                tud_descriptor_string_cb
 .text._retrieve_unique_id_on_boot
                0x20004b98       0x18 CMakeFiles/i2c.dir/C_/Users/ishar/.pico-sdk/sdk/2.2.0/src/rp2_common/pico_unique_id/unique_id.c.obj
 .text.pico_get_unique_board_id_string
                0x20004bb0       0x58 CMakeFiles/i2c.dir/C_/Users/ishar/.pico-sdk/sdk/2.2.0/src/rp2_common/pico_unique_id/unique_id.c.obj
                0x20004bb0                pico_get_unique_board_id_string
 .text.hw_endpoint_init
                0x20004c08       0xd0 CMakeFiles/i2c.dir/C_/Users/ishar/.pico-sdk/sdk/2.2.0/lib/tinyusb/src/portable/raspberrypi/rp2040/dcd_rp2040.c.obj
 .text.hw_endpoint_alloc
                0x20004cd8       0x48 CMakeFiles/i2c.dir/C_/Users/ishar/.pico-sdk/sdk/2.2.0/lib/tinyusb/src/portable/raspberrypi/rp2040/dcd_rp2040.c.obj
 .text.hw_endpoint_open
                0x20004d20       0x54 CMakeFiles/i2c.dir/C_/Users/ishar/.pico-sdk/sdk/2.2.0/lib/tinyusb/src/portable/raspberrypi/rp2040/dcd_rp2040.c.obj
 .text.hw_endpoint_xfer
                0x20004d74       0x20 CMakeFiles/i2c.dir/C_/Users/ishar/.pico-sdk/sdk/2.2.0/lib/tinyusb/src/portable/raspberrypi/rp2040/dcd_rp2040.c.obj
 .text.dcd_int_enable
                0x20004d94       0x2c CMakeFiles/i2c.dir/C_/Users/ishar/.pico-sdk/sdk/2.2.0/lib/tinyusb/src/portable/raspberrypi/rp2040/dcd_rp2040.c.obj
                0x20004d94                dcd_int_enable
 .text.dcd_set_address
                0x20004dc0       0x2c CMakeFiles/i2c.dir/C_/Users/ishar/.pico-sdk/sdk/2.2.0/lib/tinyusb/src/portable/raspberrypi/rp2040/dcd_rp2040.c.obj
                0x20004dc0                dcd_set_address
 .text.dcd_connect
                0x20004dec       0x10 CMakeFiles/i2c.dir/C_/Users/ishar/.pico-sdk/sdk/2.2.0/lib/tinyusb/src/portable/raspberrypi/rp2040/dcd_rp2040.c.obj
                0x20004dec                dcd_connect
 .text.dcd_init
                0x20004dfc       0x80 CMakeFiles/i2c.dir/C_/Users/ishar/.pico-sdk/sdk/2.2.0/lib/tinyusb/src/portable/raspberrypi/rp2040/dcd_rp2040.c.obj
                0x20004dfc                dcd_init
 .text.dcd_sof_enable
                0x20004e7c       0x1c CMakeFiles/i2c.dir/C_/Users/ishar/.pico-sdk/sdk/2.2.0/lib/tinyusb/src/portable/raspberrypi/rp2040/dcd_rp2040.c.obj
                0x20004e7c                dcd_sof_enable
 .text.dcd_edpt0_status_complete
                0x20004e98       0x2c CMakeFiles/i2c.dir/C_/Users/ishar/.pico-sdk/sdk/2.2.0/lib/tinyusb/src/portable/raspberrypi/rp2040/dcd_rp2040.c.obj
                0x20004e98                dcd_edpt0_status_complete
 .text.dcd_edpt_open
                0x20004ec4       0x26 CMakeFiles/i2c.dir/C_/Users/ishar/.pico-sdk/sdk/2.2.0/lib/tinyusb/src/portable/raspberrypi/rp2040/dcd_rp2040.c.obj
                0x20004ec4                dcd_edpt_open
 .text.dcd_edpt_close_all
                0x20004eea        0x8 CMakeFiles/i2c.dir/C_/Users/ishar/.pico-sdk/sdk/2.2.0/lib/tinyusb/src/portable/raspberrypi/rp2040/dcd_rp2040.c.obj
                0x20004eea                dcd_edpt_close_all
 *fill*         0x20004ef2        0x2 
 .text.dcd_edpt_xfer
                0x20004ef4       0x34 CMakeFiles/i2c.dir/C_/Users/ishar/.pico-sdk/sdk/2.2.0/lib/tinyusb/src/portable/raspberrypi/rp2040/dcd_rp2040.c.obj
                0x20004ef4                dcd_edpt_xfer
 .text.dcd_edpt_stall
                0x20004f28       0x3c CMakeFiles/i2c.dir/C_/Users/ishar/.pico-sdk/sdk/2.2.0/lib/tinyusb/src/portable/raspberrypi/rp2040/dcd_rp2040.c.obj
                0x20004f28                dcd_edpt_stall
 .text.dcd_edpt_clear_stall
                0x20004f64       0x30 CMakeFiles/i2c.dir/C_/Users/ishar/.pico-sdk/sdk/2.2.0/lib/tinyusb/src/portable/raspberrypi/rp2040/dcd_rp2040.c.obj
                0x20004f64                dcd_edpt_clear_stall
 .text.unaligned_memcpy
                0x20004f94       0x14 CMakeFiles/i2c.dir/C_/Users/ishar/.pico-sdk/sdk/2.2.0/lib/tinyusb/src/portable/raspberrypi/rp2040/rp2040_usb.c.obj
 .text.rp2040_usb_init
                0x20004fa8       0x44 CMakeFiles/i2c.dir/C_/Users/ishar/.pico-sdk/sdk/2.2.0/lib/tinyusb/src/portable/raspberrypi/rp2040/rp2040_usb.c.obj
                0x20004fa8                rp2040_usb_init
 .text.hw_endpoint_xfer_start
                0x20004fec       0x50 CMakeFiles/i2c.dir/C_/Users/ishar/.pico-sdk/sdk/2.2.0/lib/tinyusb/src/portable/raspberrypi/rp2040/rp2040_usb.c.obj
                0x20004fec                hw_endpoint_xfer_start
 .text.configuration_reset
                0x2000503c       0x6c CMakeFiles/i2c.dir/C_/Users/ishar/.pico-sdk/sdk/2.2.0/lib/tinyusb/src/device/usbd.c.obj
 .text.usbd_reset
                0x200050a8        0xc CMakeFiles/i2c.dir/C_/Users/ishar/.pico-sdk/sdk/2.2.0/lib/tinyusb/src/device/usbd.c.obj
 .text.invoke_class_control
                0x200050b4       0x1a CMakeFiles/i2c.dir/C_/Users/ishar/.pico-sdk/sdk/2.2.0/lib/tinyusb/src/device/usbd.c.obj
 *fill*         0x200050ce        0x2 
 .text.process_set_config
                0x200050d0      0x164 CMakeFiles/i2c.dir/C_/Users/ishar/.pico-sdk/sdk/2.2.0/lib/tinyusb/src/device/usbd.c.obj
 .text.tud_event_hook_cb
                0x20005234        0x2 CMakeFiles/i2c.dir/C_/Users/ishar/.pico-sdk/sdk/2.2.0/lib/tinyusb/src/device/usbd.c.obj
                0x20005234                tud_event_hook_cb
 .text.tud_sof_cb
                0x20005236        0x2 CMakeFiles/i2c.dir/C_/Users/ishar/.pico-sdk/sdk/2.2.0/lib/tinyusb/src/device/usbd.c.obj
                0x20005236                tud_sof_cb
 .text.tud_descriptor_device_qualifier_cb
                0x20005238        0x4 CMakeFiles/i2c.dir/C_/Users/ishar/.pico-sdk/sdk/2.2.0/lib/tinyusb/src/device/usbd.c.obj
                0x20005238                tud_descriptor_device_qualifier_cb
 .text.tud_descriptor_other_speed_configuration_cb
                0x2000523c        0x4 CMakeFiles/i2c.dir/C_/Users/ishar/.pico-sdk/sdk/2.2.0/lib/tinyusb/src/device/usbd.c.obj
                0x2000523c                tud_descriptor_other_speed_configuration_cb
 .text.process_get_descriptor
                0x20005240       0xce CMakeFiles/i2c.dir/C_/Users/ishar/.pico-sdk/sdk/2.2.0/lib/tinyusb/src/device/usbd.c.obj
 .text.tud_mount_cb
                0x2000530e        0x2 CMakeFiles/i2c.dir/C_/Users/ishar/.pico-sdk/sdk/2.2.0/lib/tinyusb/src/device/usbd.c.obj
                0x2000530e                tud_mount_cb
 .text.tud_umount_cb
                0x20005310        0x2 CMakeFiles/i2c.dir/C_/Users/ishar/.pico-sdk/sdk/2.2.0/lib/tinyusb/src/device/usbd.c.obj
                0x20005310                tud_umount_cb
 .text.tud_suspend_cb
                0x20005312        0x2 CMakeFiles/i2c.dir/C_/Users/ishar/.pico-sdk/sdk/2.2.0/lib/tinyusb/src/device/usbd.c.obj
                0x20005312                tud_suspend_cb
 .text.tud_resume_cb
                0x20005314        0x2 CMakeFiles/i2c.dir/C_/Users/ishar/.pico-sdk/sdk/2.2.0/lib/tinyusb/src/device/usbd.c.obj
                0x20005314                tud_resume_cb
 *fill*         0x20005316        0x2 
 .text.tud_mounted
                0x20005318       0x10 CMakeFiles/i2c.dir/C_/Users/ishar/.pico-sdk/sdk/2.2.0/lib/tinyusb/src/device/usbd.c.obj
                0x20005318                tud_mounted
 .text.tud_suspended
                0x20005328       0x10 CMakeFiles/i2c.dir/C_/Users/ishar/.pico-sdk/sdk/2.2.0/lib/tinyusb/src/device/usbd.c.obj
                0x20005328                tud_suspended
 .text.tud_inited
                0x20005338       0x14 CMakeFiles/i2c.dir/C_/Users/ishar/.pico-sdk/sdk/2.2.0/lib/tinyusb/src/device/usbd.c.obj
                0x20005338                tud_inited
 .text.tud_rhport_init
                0x2000534c       0xd4 CMakeFiles/i2c.dir/C_/Users/ishar/.pico-sdk/sdk/2.2.0/lib/tinyusb/src/device/usbd.c.obj
                0x2000534c                tud_rhport_init
 .text.usbd_edpt_open
                0x20005420       0x34 CMakeFiles/i2c.dir/C_/Users/ishar/.pico-sdk/sdk/2.2.0/lib/tinyusb/src/device/usbd.c.obj
                0x20005420                usbd_edpt_open
 .text.usbd_open_edpt_pair
                0x20005454       0x5a CMakeFiles/i2c.dir/C_/Users/ishar/.pico-sdk/sdk/2.2.0/lib/tinyusb/src/device/usbd.c.obj
                0x20005454                usbd_open_edpt_pair
 *fill*         0x200054ae        0x2 
 .text.usbd_edpt_claim
                0x200054b0       0x28 CMakeFiles/i2c.dir/C_/Users/ishar/.pico-sdk/sdk/2.2.0/lib/tinyusb/src/device/usbd.c.obj
                0x200054b0                usbd_edpt_claim
 .text.usbd_edpt_release
                0x200054d8       0x28 CMakeFiles/i2c.dir/C_/Users/ishar/.pico-sdk/sdk/2.2.0/lib/tinyusb/src/device/usbd.c.obj
                0x200054d8                usbd_edpt_release
 .text.usbd_edpt_xfer
                0x20005500       0x7c CMakeFiles/i2c.dir/C_/Users/ishar/.pico-sdk/sdk/2.2.0/lib/tinyusb/src/device/usbd.c.obj
                0x20005500                usbd_edpt_xfer
 .text.usbd_edpt_stall
                0x2000557c       0x34 CMakeFiles/i2c.dir/C_/Users/ishar/.pico-sdk/sdk/2.2.0/lib/tinyusb/src/device/usbd.c.obj
                0x2000557c                usbd_edpt_stall
 .text.usbd_edpt_clear_stall
                0x200055b0       0x34 CMakeFiles/i2c.dir/C_/Users/ishar/.pico-sdk/sdk/2.2.0/lib/tinyusb/src/device/usbd.c.obj
                0x200055b0                usbd_edpt_clear_stall
 .text.usbd_edpt_stalled
                0x200055e4       0x1c CMakeFiles/i2c.dir/C_/Users/ishar/.pico-sdk/sdk/2.2.0/lib/tinyusb/src/device/usbd.c.obj
                0x200055e4                usbd_edpt_stalled
 .text.process_control_request
                0x20005600      0x384 CMakeFiles/i2c.dir/C_/Users/ishar/.pico-sdk/sdk/2.2.0/lib/tinyusb/src/device/usbd.c.obj
 .text.tud_task_ext
                0x20005984      0x1c0 CMakeFiles/i2c.dir/C_/Users/ishar/.pico-sdk/sdk/2.2.0/lib/tinyusb/src/device/usbd.c.obj
                0x20005984                tud_task_ext
 .text.status_stage_xact
                0x20005b44       0x1a CMakeFiles/i2c.dir/C_/Users/ishar/.pico-sdk/sdk/2.2.0/lib/tinyusb/src/device/usbd_control.c.obj
 *fill*         0x20005b5e        0x2 
 .text.data_stage_xact
                0x20005b60       0x60 CMakeFiles/i2c.dir/C_/Users/ishar/.pico-sdk/sdk/2.2.0/lib/tinyusb/src/device/usbd_control.c.obj
 .text.tud_control_status
                0x20005bc0       0x28 CMakeFiles/i2c.dir/C_/Users/ishar/.pico-sdk/sdk/2.2.0/lib/tinyusb/src/device/usbd_control.c.obj
                0x20005bc0                tud_control_status
 .text.tud_control_xfer
                0x20005be8       0x64 CMakeFiles/i2c.dir/C_/Users/ishar/.pico-sdk/sdk/2.2.0/lib/tinyusb/src/device/usbd_control.c.obj
                0x20005be8                tud_control_xfer
 .text.usbd_control_reset
                0x20005c4c       0x14 CMakeFiles/i2c.dir/C_/Users/ishar/.pico-sdk/sdk/2.2.0/lib/tinyusb/src/device/usbd_control.c.obj
                0x20005c4c                usbd_control_reset
 .text.usbd_control_set_complete_callback
                0x20005c60        0xc CMakeFiles/i2c.dir/C_/Users/ishar/.pico-sdk/sdk/2.2.0/lib/tinyusb/src/device/usbd_control.c.obj
                0x20005c60                usbd_control_set_complete_callback
 .text.usbd_control_set_request
                0x20005c6c       0x1c CMakeFiles/i2c.dir/C_/Users/ishar/.pico-sdk/sdk/2.2.0/lib/tinyusb/src/device/usbd_control.c.obj
                0x20005c6c                usbd_control_set_request
 .text.usbd_control_xfer_cb
                0x20005c88       0xb0 CMakeFiles/i2c.dir/C_/Users/ishar/.pico-sdk/sdk/2.2.0/lib/tinyusb/src/device/usbd_control.c.obj
                0x20005c88                usbd_control_xfer_cb
 .text._prep_out_transaction
                0x20005d38       0x98 CMakeFiles/i2c.dir/C_/Users/ishar/.pico-sdk/sdk/2.2.0/lib/tinyusb/src/class/cdc/cdc_device.c.obj
 .text.tud_cdc_n_connected
                0x20005dd0       0x34 CMakeFiles/i2c.dir/C_/Users/ishar/.pico-sdk/sdk/2.2.0/lib/tinyusb/src/class/cdc/cdc_device.c.obj
                0x20005dd0                tud_cdc_n_connected
 .text.tud_cdc_n_available
                0x20005e04       0x18 CMakeFiles/i2c.dir/C_/Users/ishar/.pico-sdk/sdk/2.2.0/lib/tinyusb/src/class/cdc/cdc_device.c.obj
                0x20005e04                tud_cdc_n_available
 .text.tud_cdc_n_read
                0x20005e1c       0x38 CMakeFiles/i2c.dir/C_/Users/ishar/.pico-sdk/sdk/2.2.0/lib/tinyusb/src/class/cdc/cdc_device.c.obj
                0x20005e1c                tud_cdc_n_read
 .text.tud_cdc_n_write_flush
                0x20005e54       0x94 CMakeFiles/i2c.dir/C_/Users/ishar/.pico-sdk/sdk/2.2.0/lib/tinyusb/src/class/cdc/cdc_device.c.obj
                0x20005e54                tud_cdc_n_write_flush
 .text.tud_cdc_n_write
                0x20005ee8       0x48 CMakeFiles/i2c.dir/C_/Users/ishar/.pico-sdk/sdk/2.2.0/lib/tinyusb/src/class/cdc/cdc_device.c.obj
                0x20005ee8                tud_cdc_n_write
 .text.tud_cdc_n_write_available
                0x20005f30       0x18 CMakeFiles/i2c.dir/C_/Users/ishar/.pico-sdk/sdk/2.2.0/lib/tinyusb/src/class/cdc/cdc_device.c.obj
                0x20005f30                tud_cdc_n_write_available
 .text.cdcd_init
                0x20005f48       0xa4 CMakeFiles/i2c.dir/C_/Users/ishar/.pico-sdk/sdk/2.2.0/lib/tinyusb/src/class/cdc/cdc_device.c.obj
                0x20005f48                cdcd_init
 .text.cdcd_deinit
                0x20005fec       0x4c CMakeFiles/i2c.dir/C_/Users/ishar/.pico-sdk/sdk/2.2.0/lib/tinyusb/src/class/cdc/cdc_device.c.obj
                0x20005fec                cdcd_deinit
 .text.cdcd_reset
                0x20006038       0x70 CMakeFiles/i2c.dir/C_/Users/ishar/.pico-sdk/sdk/2.2.0/lib/tinyusb/src/class/cdc/cdc_device.c.obj
                0x20006038                cdcd_reset
 .text.cdcd_open
                0x200060a8       0xd8 CMakeFiles/i2c.dir/C_/Users/ishar/.pico-sdk/sdk/2.2.0/lib/tinyusb/src/class/cdc/cdc_device.c.obj
                0x200060a8                cdcd_open
 .text.cdcd_control_xfer_cb
                0x20006180      0x148 CMakeFiles/i2c.dir/C_/Users/ishar/.pico-sdk/sdk/2.2.0/lib/tinyusb/src/class/cdc/cdc_device.c.obj
                0x20006180                cdcd_control_xfer_cb
 .text.cdcd_xfer_cb
                0x200062c8      0x138 CMakeFiles/i2c.dir/C_/Users/ishar/.pico-sdk/sdk/2.2.0/lib/tinyusb/src/class/cdc/cdc_device.c.obj
                0x200062c8                cdcd_xfer_cb
 .text.tud_vendor_n_mounted
                0x20006400       0x3c CMakeFiles/i2c.dir/C_/Users/ishar/.pico-sdk/sdk/2.2.0/lib/tinyusb/src/class/vendor/vendor_device.c.obj
                0x20006400                tud_vendor_n_mounted
 .text.tud_vendor_n_write_flush
                0x2000643c       0x20 CMakeFiles/i2c.dir/C_/Users/ishar/.pico-sdk/sdk/2.2.0/lib/tinyusb/src/class/vendor/vendor_device.c.obj
                0x2000643c                tud_vendor_n_write_flush
 .text.vendord_init
                0x2000645c       0x8c CMakeFiles/i2c.dir/C_/Users/ishar/.pico-sdk/sdk/2.2.0/lib/tinyusb/src/class/vendor/vendor_device.c.obj
                0x2000645c                vendord_init
 .text.vendord_deinit
                0x200064e8       0x34 CMakeFiles/i2c.dir/C_/Users/ishar/.pico-sdk/sdk/2.2.0/lib/tinyusb/src/class/vendor/vendor_device.c.obj
                0x200064e8                vendord_deinit
 .text.vendord_reset
                0x2000651c       0x44 CMakeFiles/i2c.dir/C_/Users/ishar/.pico-sdk/sdk/2.2.0/lib/tinyusb/src/class/vendor/vendor_device.c.obj
                0x2000651c                vendord_reset
 .text.vendord_open
                0x20006560      0x118 CMakeFiles/i2c.dir/C_/Users/ishar/.pico-sdk/sdk/2.2.0/lib/tinyusb/src/class/vendor/vendor_device.c.obj
                0x20006560                vendord_open
 .text.vendord_xfer_cb
                0x20006678       0xd8 CMakeFiles/i2c.dir/C_/Users/ishar/.pico-sdk/sdk/2.2.0/lib/tinyusb/src/class/vendor/vendor_device.c.obj
                0x20006678                vendord_xfer_cb
 .text.tusb_rhport_init
                0x20006750       0x50 CMakeFiles/i2c.dir/C_/Users/ishar/.pico-sdk/sdk/2.2.0/lib/tinyusb/src/tusb.c.obj
                0x20006750                tusb_rhport_init
 .text.tu_edpt_claim
                0x200067a0       0x56 CMakeFiles/i2c.dir/C_/Users/ishar/.pico-sdk/sdk/2.2.0/lib/tinyusb/src/tusb.c.obj
                0x200067a0                tu_edpt_claim
 .text.tu_edpt_release
                0x200067f6       0x40 CMakeFiles/i2c.dir/C_/Users/ishar/.pico-sdk/sdk/2.2.0/lib/tinyusb/src/tusb.c.obj
                0x200067f6                tu_edpt_release
 *fill*         0x20006836        0x2 
 .text.tu_edpt_validate
                0x20006838       0x78 CMakeFiles/i2c.dir/C_/Users/ishar/.pico-sdk/sdk/2.2.0/lib/tinyusb/src/tusb.c.obj
                0x20006838                tu_edpt_validate
 .text.tu_edpt_bind_driver
                0x200068b0       0x2a CMakeFiles/i2c.dir/C_/Users/ishar/.pico-sdk/sdk/2.2.0/lib/tinyusb/src/tusb.c.obj
                0x200068b0                tu_edpt_bind_driver
 .text.tu_edpt_stream_init
                0x200068da       0x5e CMakeFiles/i2c.dir/C_/Users/ishar/.pico-sdk/sdk/2.2.0/lib/tinyusb/src/tusb.c.obj
                0x200068da                tu_edpt_stream_init
 .text.tu_edpt_stream_deinit
                0x20006938        0x4 CMakeFiles/i2c.dir/C_/Users/ishar/.pico-sdk/sdk/2.2.0/lib/tinyusb/src/tusb.c.obj
                0x20006938                tu_edpt_stream_deinit
 .text.tu_edpt_stream_write_zlp_if_needed
                0x2000693c       0x70 CMakeFiles/i2c.dir/C_/Users/ishar/.pico-sdk/sdk/2.2.0/lib/tinyusb/src/tusb.c.obj
                0x2000693c                tu_edpt_stream_write_zlp_if_needed
 .text.tu_edpt_stream_write_xfer
                0x200069ac       0x70 CMakeFiles/i2c.dir/C_/Users/ishar/.pico-sdk/sdk/2.2.0/lib/tinyusb/src/tusb.c.obj
                0x200069ac                tu_edpt_stream_write_xfer
 .text.tu_edpt_stream_read_xfer
                0x20006a1c       0xde CMakeFiles/i2c.dir/C_/Users/ishar/.pico-sdk/sdk/2.2.0/lib/tinyusb/src/tusb.c.obj
                0x20006a1c                tu_edpt_stream_read_xfer
 .text.advance_index
                0x20006afa       0x1a CMakeFiles/i2c.dir/C_/Users/ishar/.pico-sdk/sdk/2.2.0/lib/tinyusb/src/common/tusb_fifo.c.obj
 .text._tu_fifo_peek
                0x20006b14       0x5a CMakeFiles/i2c.dir/C_/Users/ishar/.pico-sdk/sdk/2.2.0/lib/tinyusb/src/common/tusb_fifo.c.obj
 .text._ff_pull_n
                0x20006b6e       0x70 CMakeFiles/i2c.dir/C_/Users/ishar/.pico-sdk/sdk/2.2.0/lib/tinyusb/src/common/tusb_fifo.c.obj
 .text._tu_fifo_peek_n
                0x20006bde       0x70 CMakeFiles/i2c.dir/C_/Users/ishar/.pico-sdk/sdk/2.2.0/lib/tinyusb/src/common/tusb_fifo.c.obj
 .text._tu_fifo_read_n
                0x20006c4e       0x4e CMakeFiles/i2c.dir/C_/Users/ishar/.pico-sdk/sdk/2.2.0/lib/tinyusb/src/common/tusb_fifo.c.obj
 .text._ff_push_n
                0x20006c9c       0x70 CMakeFiles/i2c.dir/C_/Users/ishar/.pico-sdk/sdk/2.2.0/lib/tinyusb/src/common/tusb_fifo.c.obj
 .text._tu_fifo_write_n
                0x20006d0c       0xf0 CMakeFiles/i2c.dir/C_/Users/ishar/.pico-sdk/sdk/2.2.0/lib/tinyusb/src/common/tusb_fifo.c.obj
 .text.tu_fifo_config
                0x20006dfc       0x82 CMakeFiles/i2c.dir/C_/Users/ishar/.pico-sdk/sdk/2.2.0/lib/tinyusb/src/common/tusb_fifo.c.obj
                0x20006dfc                tu_fifo_config
 .text.tu_fifo_count
                0x20006e7e       0x2c CMakeFiles/i2c.dir/C_/Users/ishar/.pico-sdk/sdk/2.2.0/lib/tinyusb/src/common/tusb_fifo.c.obj
                0x20006e7e                tu_fifo_count
 .text.tu_fifo_empty
                0x20006eaa        0xe CMakeFiles/i2c.dir/C_/Users/ishar/.pico-sdk/sdk/2.2.0/lib/tinyusb/src/common/tusb_fifo.c.obj
                0x20006eaa                tu_fifo_empty
 .text.tu_fifo_full
                0x20006eb8       0x2e CMakeFiles/i2c.dir/C_/Users/ishar/.pico-sdk/sdk/2.2.0/lib/tinyusb/src/common/tusb_fifo.c.obj
                0x20006eb8                tu_fifo_full
 .text.tu_fifo_remaining
                0x20006ee6       0x2e CMakeFiles/i2c.dir/C_/Users/ishar/.pico-sdk/sdk/2.2.0/lib/tinyusb/src/common/tusb_fifo.c.obj
                0x20006ee6                tu_fifo_remaining
 .text.tu_fifo_read
                0x20006f14       0x42 CMakeFiles/i2c.dir/C_/Users/ishar/.pico-sdk/sdk/2.2.0/lib/tinyusb/src/common/tusb_fifo.c.obj
                0x20006f14                tu_fifo_read
 .text.tu_fifo_read_n
                0x20006f56        0xa CMakeFiles/i2c.dir/C_/Users/ishar/.pico-sdk/sdk/2.2.0/lib/tinyusb/src/common/tusb_fifo.c.obj
                0x20006f56                tu_fifo_read_n
 .text.tu_fifo_write
                0x20006f60       0x66 CMakeFiles/i2c.dir/C_/Users/ishar/.pico-sdk/sdk/2.2.0/lib/tinyusb/src/common/tusb_fifo.c.obj
                0x20006f60                tu_fifo_write
 .text.tu_fifo_write_n
                0x20006fc6        0xa CMakeFiles/i2c.dir/C_/Users/ishar/.pico-sdk/sdk/2.2.0/lib/tinyusb/src/common/tusb_fifo.c.obj
                0x20006fc6                tu_fifo_write_n
 .text.tu_fifo_clear
                0x20006fd0       0x3e CMakeFiles/i2c.dir/C_/Users/ishar/.pico-sdk/sdk/2.2.0/lib/tinyusb/src/common/tusb_fifo.c.obj
                0x20006fd0                tu_fifo_clear
 .text.tu_fifo_set_overwritable
                0x2000700e       0x46 CMakeFiles/i2c.dir/C_/Users/ishar/.pico-sdk/sdk/2.2.0/lib/tinyusb/src/common/tusb_fifo.c.obj
                0x2000700e                tu_fifo_set_overwritable
 .text.i2c_unreset
                0x20007054       0x2c CMakeFiles/i2c.dir/C_/Users/ishar/.pico-sdk/sdk/2.2.0/src/rp2_common/hardware_i2c/i2c.c.obj
 .text.i2c_write_blocking_internal
                0x20007080      0x158 CMakeFiles/i2c.dir/C_/Users/ishar/.pico-sdk/sdk/2.2.0/src/rp2_common/hardware_i2c/i2c.c.obj
 .text.i2c_read_blocking_internal
                0x200071d8       0xf8 CMakeFiles/i2c.dir/C_/Users/ishar/.pico-sdk/sdk/2.2.0/src/rp2_common/hardware_i2c/i2c.c.obj
 .text.i2c_set_baudrate
                0x200072d0       0xec CMakeFiles/i2c.dir/C_/Users/ishar/.pico-sdk/sdk/2.2.0/src/rp2_common/hardware_i2c/i2c.c.obj
                0x200072d0                i2c_set_baudrate
 .text.i2c_init
                0x200073bc       0x54 CMakeFiles/i2c.dir/C_/Users/ishar/.pico-sdk/sdk/2.2.0/src/rp2_common/hardware_i2c/i2c.c.obj
                0x200073bc                i2c_init
 .text.i2c_write_blocking
                0x20007410       0x18 CMakeFiles/i2c.dir/C_/Users/ishar/.pico-sdk/sdk/2.2.0/src/rp2_common/hardware_i2c/i2c.c.obj
                0x20007410                i2c_write_blocking
 .text.i2c_read_blocking
                0x20007428       0x18 CMakeFiles/i2c.dir/C_/Users/ishar/.pico-sdk/sdk/2.2.0/src/rp2_common/hardware_i2c/i2c.c.obj
                0x20007428                i2c_read_blocking
 .text.adc_init
                0x20007440       0x34 CMakeFiles/i2c.dir/C_/Users/ishar/.pico-sdk/sdk/2.2.0/src/rp2_common/hardware_adc/adc.c.obj
                0x20007440                adc_init
 .text          0x20007474        0x4 C:/Program Files/arm-gnu-toolchain-15.2.rel1-mingw-w64-x86_64-arm-none-eabi/bin/../lib/gcc/arm-none-eabi/15.2.1/thumb/v6-m/nofp\libgcc.a(_dvmd_tls.o)
                0x20007474                __aeabi_idiv0
                0x20007474                __aeabi_ldiv0
 .text.strlen   0x20007478       0x60 C:/Program Files/arm-gnu-toolchain-15.2.rel1-mingw-w64-x86_64-arm-none-eabi/bin/../lib/gcc/arm-none-eabi/15.2.1/../../../../arm-none-eabi/lib/thumb/v6-m/nofp\libg.a(libc_a-strlen-stub.o)
                0x20007478                strlen
                0x200074d8                        . = ALIGN (0x4)
 *(.init)
 *(.fini)
 *crtbegin.o(.ctors)
 *crtbegin?.o(.ctors)
 *(EXCLUDE_FILE(*crtend.o *crtend?.o) .ctors)
 *(SORT_BY_NAME(.ctors.*))
 *(.ctors)
 *crtbegin.o(.dtors)
 *crtbegin?.o(.dtors)
 *(EXCLUDE_FILE(*crtend.o *crtend?.o) .dtors)
 *(SORT_BY_NAME(.dtors.*))
 *(.dtors)
 *(.eh_frame*)

.glue_7         0x200074d8        0x0
 .glue_7        0x200074d8        0x0 linker stubs

.glue_7t        0x200074d8        0x0
 .glue_7t       0x200074d8        0x0 linker stubs

.vfp11_veneer   0x200074d8        0x0
 .vfp11_veneer  0x200074d8        0x0 linker stubs

.v4_bx          0x200074d8        0x0
 .v4_bx         0x200074d8        0x0 linker stubs

.iplt           0x200074d8        0x0
 .iplt          0x200074d8        0x0 CMakeFiles/i2c.dir/main.c.obj

.rodata         0x200074d8      0xea8
                0x200074d8                        . = ALIGN (0x4)
 *(.rodata*)
 .rodata.i2c_bus_scan.str1.4
                0x200074d8      0xab9 CMakeFiles/i2c.dir/main.c.obj
                                 0x53 (size before relaxing)
 .rodata.main.str1.4
                0x20007f91        0x0 CMakeFiles/i2c.dir/main.c.obj
                                 0x49 (size before relaxing)
 *fill*         0x20007f91        0x3 
 .rodata.row_offsets.0
                0x20007f94        0x4 CMakeFiles/i2c.dir/pcf8574_lcd.c.obj
 .rodata.rp2040_chip_version.str1.4
                0x20007f98        0x0 CMakeFiles/i2c.dir/C_/Users/ishar/.pico-sdk/sdk/2.2.0/src/rp2040/pico_platform/platform.c.obj
                                 0x7d (size before relaxing)
 .rodata.__func__.0
                0x20007f98       0x14 CMakeFiles/i2c.dir/C_/Users/ishar/.pico-sdk/sdk/2.2.0/src/rp2040/pico_platform/platform.c.obj
 .rodata.panic.str1.4
                0x20007fac        0x0 CMakeFiles/i2c.dir/C_/Users/ishar/.pico-sdk/sdk/2.2.0/src/rp2_common/pico_platform_panic/panic.c.obj
                                 0x12 (size before relaxing)
 .rodata.spin_lock_claim_unused.str1.4
                0x20007fac        0x0 CMakeFiles/i2c.dir/C_/Users/ishar/.pico-sdk/sdk/2.2.0/src/rp2_common/hardware_sync/sync.c.obj
                                 0x1b (size before relaxing)
 .rodata.resolve_j_16.str1.4
                0x20007fac        0x0 CMakeFiles/i2c.dir/C_/Users/ishar/.pico-sdk/sdk/2.2.0/src/rp2_common/hardware_irq/irq.c.obj
                                 0x5d (size before relaxing)
 .rodata.make_j_16.str1.4
                0x20007fac        0x0 CMakeFiles/i2c.dir/C_/Users/ishar/.pico-sdk/sdk/2.2.0/src/rp2_common/hardware_irq/irq.c.obj
                                 0x30 (size before relaxing)
 .rodata.irq_set_exclusive_handler.str1.4
                0x20007fac        0x0 CMakeFiles/i2c.dir/C_/Users/ishar/.pico-sdk/sdk/2.2.0/src/rp2_common/hardware_irq/irq.c.obj
                                 0x36 (size before relaxing)
 .rodata.irq_add_shared_handler.str1.4
                0x20007fac        0x0 CMakeFiles/i2c.dir/C_/Users/ishar/.pico-sdk/sdk/2.2.0/src/rp2_common/hardware_irq/irq.c.obj
                                 0xd2 (size before relaxing)
 .rodata.irq_add_tail_to_free_list.str1.4
                0x20007fac        0x0 CMakeFiles/i2c.dir/C_/Users/ishar/.pico-sdk/sdk/2.2.0/src/rp2_common/hardware_irq/irq.c.obj
                                 0x3a (size before relaxing)
 .rodata.user_irq_claim_unused.str1.4
                0x20007fac        0x0 CMakeFiles/i2c.dir/C_/Users/ishar/.pico-sdk/sdk/2.2.0/src/rp2_common/hardware_irq/irq.c.obj
                                 0x1b (size before relaxing)
 .rodata.__func__.0
                0x20007fac       0x1a CMakeFiles/i2c.dir/C_/Users/ishar/.pico-sdk/sdk/2.2.0/src/rp2_common/hardware_irq/irq.c.obj
 *fill*         0x20007fc6        0x2 
 .rodata.__func__.3
                0x20007fc8        0xa CMakeFiles/i2c.dir/C_/Users/ishar/.pico-sdk/sdk/2.2.0/src/rp2_common/hardware_irq/irq.c.obj
 *fill*         0x20007fd2        0x2 
 .rodata.__func__.4
                0x20007fd4        0xd CMakeFiles/i2c.dir/C_/Users/ishar/.pico-sdk/sdk/2.2.0/src/rp2_common/hardware_irq/irq.c.obj
 *fill*         0x20007fe1        0x3 
 .rodata.__func__.5
                0x20007fe4       0x17 CMakeFiles/i2c.dir/C_/Users/ishar/.pico-sdk/sdk/2.2.0/src/rp2_common/hardware_irq/irq.c.obj
 *fill*         0x20007ffb        0x1 
 .rodata.__func__.6
                0x20007ffc       0x1a CMakeFiles/i2c.dir/C_/Users/ishar/.pico-sdk/sdk/2.2.0/src/rp2_common/hardware_irq/irq.c.obj
 .rodata.runtime_init_mutex.str1.4
                0x20008016        0x0 CMakeFiles/i2c.dir/C_/Users/ishar/.pico-sdk/sdk/2.2.0/src/common/pico_sync/mutex.c.obj
                                 0x60 (size before relaxing)
 .rodata.str1.4
                0x20008016        0x0 CMakeFiles/i2c.dir/C_/Users/ishar/.pico-sdk/sdk/2.2.0/src/common/pico_sync/mutex.c.obj
                                 0x51 (size before relaxing)
 *fill*         0x20008016        0x2 
 .rodata.__func__.1
                0x20008018        0xb CMakeFiles/i2c.dir/C_/Users/ishar/.pico-sdk/sdk/2.2.0/src/common/pico_sync/mutex.c.obj
 *fill*         0x20008023        0x1 
 .rodata.__func__.3
                0x20008024       0x18 CMakeFiles/i2c.dir/C_/Users/ishar/.pico-sdk/sdk/2.2.0/src/common/pico_sync/mutex.c.obj
 .rodata.__func__.6
                0x2000803c       0x13 CMakeFiles/i2c.dir/C_/Users/ishar/.pico-sdk/sdk/2.2.0/src/common/pico_sync/mutex.c.obj
 .rodata.alarm_pool_irq_handler.str1.4
                0x2000804f        0x0 CMakeFiles/i2c.dir/C_/Users/ishar/.pico-sdk/sdk/2.2.0/src/common/pico_time/time.c.obj
                                 0x6b (size before relaxing)
 .rodata.alarm_pool_get_default.str1.4
                0x2000804f        0x0 CMakeFiles/i2c.dir/C_/Users/ishar/.pico-sdk/sdk/2.2.0/src/common/pico_time/time.c.obj
                                 0x21 (size before relaxing)
 .rodata.sleep_until.str1.4
                0x2000804f        0x0 CMakeFiles/i2c.dir/C_/Users/ishar/.pico-sdk/sdk/2.2.0/src/common/pico_time/time.c.obj
                                 0x4d (size before relaxing)
 *fill*         0x2000804f        0x1 
 .rodata.__func__.1
                0x20008050       0x17 CMakeFiles/i2c.dir/C_/Users/ishar/.pico-sdk/sdk/2.2.0/src/common/pico_time/time.c.obj
 *fill*         0x20008067        0x1 
 .rodata.__func__.2
                0x20008068       0x17 CMakeFiles/i2c.dir/C_/Users/ishar/.pico-sdk/sdk/2.2.0/src/common/pico_time/time.c.obj
 .rodata.timer_hardware_alarm_claim.str1.4
                0x2000807f        0x0 CMakeFiles/i2c.dir/C_/Users/ishar/.pico-sdk/sdk/2.2.0/src/rp2_common/hardware_timer/timer.c.obj
                                 0x22 (size before relaxing)
 .rodata.pll_init.str1.4
                0x2000807f        0x0 CMakeFiles/i2c.dir/C_/Users/ishar/.pico-sdk/sdk/2.2.0/src/rp2_common/hardware_pll/pll.c.obj
                                0x11c (size before relaxing)
 *fill*         0x2000807f        0x1 
 .rodata.__func__.0
                0x20008080        0x9 CMakeFiles/i2c.dir/C_/Users/ishar/.pico-sdk/sdk/2.2.0/src/rp2_common/hardware_pll/pll.c.obj
 .rodata.__aeabi_double_init.str1.4
                0x20008089        0x0 CMakeFiles/i2c.dir/C_/Users/ishar/.pico-sdk/sdk/2.2.0/src/rp2_common/pico_double/double_init_rom_rp2040.c.obj
                                 0x9b (size before relaxing)
 *fill*         0x20008089        0x3 
 .rodata.__func__.0
                0x2000808c       0x14 CMakeFiles/i2c.dir/C_/Users/ishar/.pico-sdk/sdk/2.2.0/src/rp2_common/pico_double/double_init_rom_rp2040.c.obj
 .rodata.__aeabi_float_init.str1.4
                0x200080a0        0x0 CMakeFiles/i2c.dir/C_/Users/ishar/.pico-sdk/sdk/2.2.0/src/rp2_common/pico_float/float_init_rom_rp2040.c.obj
                                 0x8d (size before relaxing)
 .rodata.__func__.0
                0x200080a0       0x13 CMakeFiles/i2c.dir/C_/Users/ishar/.pico-sdk/sdk/2.2.0/src/rp2_common/pico_float/float_init_rom_rp2040.c.obj
 .rodata.str1.4
                0x200080b3        0x0 CMakeFiles/i2c.dir/C_/Users/ishar/.pico-sdk/sdk/2.2.0/src/rp2_common/pico_standard_binary_info/standard_binary_info.c.obj
                                 0x28 (size before relaxing)
 *fill*         0x200080b3        0x1 
 .rodata.__bi_84
                0x200080b4        0xc CMakeFiles/i2c.dir/C_/Users/ishar/.pico-sdk/sdk/2.2.0/src/rp2_common/pico_standard_binary_info/standard_binary_info.c.obj
 .rodata.__bi_48
                0x200080c0        0xc CMakeFiles/i2c.dir/C_/Users/ishar/.pico-sdk/sdk/2.2.0/src/rp2_common/pico_standard_binary_info/standard_binary_info.c.obj
 .rodata._ftoa.str1.4
                0x200080cc        0x0 CMakeFiles/i2c.dir/C_/Users/ishar/.pico-sdk/sdk/2.2.0/src/rp2_common/pico_printf/printf.c.obj
                                 0x15 (size before relaxing)
 *fill*         0x200080cc        0x4 
 .rodata.pow10.0
                0x200080d0       0x50 CMakeFiles/i2c.dir/C_/Users/ishar/.pico-sdk/sdk/2.2.0/src/rp2_common/pico_printf/printf.c.obj
 .rodata.__assert_func.str1.4
                0x20008120        0x0 CMakeFiles/i2c.dir/C_/Users/ishar/.pico-sdk/sdk/2.2.0/src/rp2_common/pico_clib_interface/newlib_interface.c.obj
                                 0x43 (size before relaxing)
 .rodata.crlf_str.0
                0x20008120        0x2 CMakeFiles/i2c.dir/C_/Users/ishar/.pico-sdk/sdk/2.2.0/src/rp2_common/pico_stdio/stdio.c.obj
 *fill*         0x20008122        0x2 
 .rodata._resetd_driver
                0x20008124       0x20 CMakeFiles/i2c.dir/C_/Users/ishar/.pico-sdk/sdk/2.2.0/src/rp2_common/pico_stdio_usb/reset_interface.c.obj
 .rodata.desc_ms_os_20
                0x20008144       0xa6 CMakeFiles/i2c.dir/C_/Users/ishar/.pico-sdk/sdk/2.2.0/src/rp2_common/pico_stdio_usb/reset_interface.c.obj
 *fill*         0x200081ea        0x2 
 .rodata.desc_bos
                0x200081ec       0x21 CMakeFiles/i2c.dir/C_/Users/ishar/.pico-sdk/sdk/2.2.0/src/rp2_common/pico_stdio_usb/reset_interface.c.obj
                0x200081ec                desc_bos
 .rodata.stdio_usb_init.str1.4
                0x2000820d        0x0 CMakeFiles/i2c.dir/C_/Users/ishar/.pico-sdk/sdk/2.2.0/src/rp2_common/pico_stdio_usb/stdio_usb.c.obj
                                 0x55 (size before relaxing)
 .rodata.str1.4
                0x2000820d        0x0 CMakeFiles/i2c.dir/C_/Users/ishar/.pico-sdk/sdk/2.2.0/src/rp2_common/pico_stdio_usb/stdio_usb.c.obj
                                 0x13 (size before relaxing)
 *fill*         0x2000820d        0x3 
 .rodata.__bi_202.1
                0x20008210        0xc CMakeFiles/i2c.dir/C_/Users/ishar/.pico-sdk/sdk/2.2.0/src/rp2_common/pico_stdio_usb/stdio_usb.c.obj
 .rodata.__func__.2
                0x2000821c        0xf CMakeFiles/i2c.dir/C_/Users/ishar/.pico-sdk/sdk/2.2.0/src/rp2_common/pico_stdio_usb/stdio_usb.c.obj
 .rodata.str1.4
                0x2000822b        0x0 CMakeFiles/i2c.dir/C_/Users/ishar/.pico-sdk/sdk/2.2.0/src/rp2_common/pico_stdio_usb/stdio_usb_descriptors.c.obj
                                 0x2a (size before relaxing)
 *fill*         0x2000822b        0x1 
 .rodata.usbd_desc_str
                0x2000822c       0x18 CMakeFiles/i2c.dir/C_/Users/ishar/.pico-sdk/sdk/2.2.0/src/rp2_common/pico_stdio_usb/stdio_usb_descriptors.c.obj
 .rodata.usbd_desc_cfg
                0x20008244       0x54 CMakeFiles/i2c.dir/C_/Users/ishar/.pico-sdk/sdk/2.2.0/src/rp2_common/pico_stdio_usb/stdio_usb_descriptors.c.obj
 .rodata.usbd_desc_device
                0x20008298       0x12 CMakeFiles/i2c.dir/C_/Users/ishar/.pico-sdk/sdk/2.2.0/src/rp2_common/pico_stdio_usb/stdio_usb_descriptors.c.obj
 .rodata.pico_get_unique_board_id_string.str1.4
                0x200082aa        0x0 CMakeFiles/i2c.dir/C_/Users/ishar/.pico-sdk/sdk/2.2.0/src/rp2_common/pico_unique_id/unique_id.c.obj
                                 0x55 (size before relaxing)
 *fill*         0x200082aa        0x2 
 .rodata.__func__.0
                0x200082ac       0x20 CMakeFiles/i2c.dir/C_/Users/ishar/.pico-sdk/sdk/2.2.0/src/rp2_common/pico_unique_id/unique_id.c.obj
 .rodata.hw_endpoint_alloc.str1.4
                0x200082cc        0x0 CMakeFiles/i2c.dir/C_/Users/ishar/.pico-sdk/sdk/2.2.0/lib/tinyusb/src/portable/raspberrypi/rp2040/dcd_rp2040.c.obj
                                 0xa0 (size before relaxing)
 .rodata.str1.4
                0x200082cc        0x0 CMakeFiles/i2c.dir/C_/Users/ishar/.pico-sdk/sdk/2.2.0/lib/tinyusb/src/portable/raspberrypi/rp2040/dcd_rp2040.c.obj
                                 0x14 (size before relaxing)
 .rodata.dcd_int_enable.str1.4
                0x200082cc        0x0 CMakeFiles/i2c.dir/C_/Users/ishar/.pico-sdk/sdk/2.2.0/lib/tinyusb/src/portable/raspberrypi/rp2040/dcd_rp2040.c.obj
                                  0xc (size before relaxing)
 .rodata.__func__.0
                0x200082cc        0xe CMakeFiles/i2c.dir/C_/Users/ishar/.pico-sdk/sdk/2.2.0/lib/tinyusb/src/portable/raspberrypi/rp2040/dcd_rp2040.c.obj
 *fill*         0x200082da        0x2 
 .rodata.__func__.2
                0x200082dc       0x10 CMakeFiles/i2c.dir/C_/Users/ishar/.pico-sdk/sdk/2.2.0/lib/tinyusb/src/portable/raspberrypi/rp2040/dcd_rp2040.c.obj
 .rodata.__func__.4
                0x200082ec        0xf CMakeFiles/i2c.dir/C_/Users/ishar/.pico-sdk/sdk/2.2.0/lib/tinyusb/src/portable/raspberrypi/rp2040/dcd_rp2040.c.obj
 *fill*         0x200082fb        0x1 
 .rodata.__func__.5
                0x200082fc       0x12 CMakeFiles/i2c.dir/C_/Users/ishar/.pico-sdk/sdk/2.2.0/lib/tinyusb/src/portable/raspberrypi/rp2040/dcd_rp2040.c.obj
 *fill*         0x2000830e        0x2 
 .rodata.__func__.6
                0x20008310        0x9 CMakeFiles/i2c.dir/C_/Users/ishar/.pico-sdk/sdk/2.2.0/lib/tinyusb/src/portable/raspberrypi/rp2040/dcd_rp2040.c.obj
 .rodata.str1.4
                0x20008319        0x0 CMakeFiles/i2c.dir/C_/Users/ishar/.pico-sdk/sdk/2.2.0/lib/tinyusb/src/portable/raspberrypi/rp2040/rp2040_usb.c.obj
                                 0xe4 (size before relaxing)
 *fill*         0x20008319        0x3 
 .rodata.__func__.0
                0x2000831c        0xf CMakeFiles/i2c.dir/C_/Users/ishar/.pico-sdk/sdk/2.2.0/lib/tinyusb/src/portable/raspberrypi/rp2040/rp2040_usb.c.obj
 *fill*         0x2000832b        0x1 
 .rodata._usbd_driver
                0x2000832c       0x40 CMakeFiles/i2c.dir/C_/Users/ishar/.pico-sdk/sdk/2.2.0/lib/tinyusb/src/device/usbd.c.obj
 .rodata.i2c_set_baudrate.str1.4
                0x2000836c        0x0 CMakeFiles/i2c.dir/C_/Users/ishar/.pico-sdk/sdk/2.2.0/src/rp2_common/hardware_i2c/i2c.c.obj
                                 0x65 (size before relaxing)
 .rodata.__func__.0
                0x2000836c       0x11 CMakeFiles/i2c.dir/C_/Users/ishar/.pico-sdk/sdk/2.2.0/src/rp2_common/hardware_i2c/i2c.c.obj
                0x20008380                        . = ALIGN (0x4)
 *fill*         0x2000837d        0x3 
 *(SORT_BY_ALIGNMENT(SORT_BY_NAME(.flashdata*)))
                0x20008380                        . = ALIGN (0x4)

.ARM.extab
 *(.ARM.extab* .gnu.linkonce.armextab.*)
                0x20008380                        __exidx_start = .

.ARM.exidx
 *(.ARM.exidx* .gnu.linkonce.armexidx.*)
                0x20008380                        __exidx_end = .
                0x20008380                        . = ALIGN (0x4)
                0x20008380                        __binary_info_start = .

.binary_info    0x20008380       0x18
 *(.binary_info.keep.*)
 .binary_info.keep.__bi_ptr84
                0x20008380        0x4 CMakeFiles/i2c.dir/C_/Users/ishar/.pico-sdk/sdk/2.2.0/src/rp2_common/pico_standard_binary_info/standard_binary_info.c.obj
 .binary_info.keep.__bi_ptr54
                0x20008384        0x4 CMakeFiles/i2c.dir/C_/Users/ishar/.pico-sdk/sdk/2.2.0/src/rp2_common/pico_standard_binary_info/standard_binary_info.c.obj
 .binary_info.keep.__bi_ptr48
                0x20008388        0x4 CMakeFiles/i2c.dir/C_/Users/ishar/.pico-sdk/sdk/2.2.0/src/rp2_common/pico_standard_binary_info/standard_binary_info.c.obj
 .binary_info.keep.__bi_ptr42
                0x2000838c        0x4 CMakeFiles/i2c.dir/C_/Users/ishar/.pico-sdk/sdk/2.2.0/src/rp2_common/pico_standard_binary_info/standard_binary_info.c.obj
 .binary_info.keep.__bi_ptr34
                0x20008390        0x4 CMakeFiles/i2c.dir/C_/Users/ishar/.pico-sdk/sdk/2.2.0/src/rp2_common/pico_standard_binary_info/standard_binary_info.c.obj
 *(.binary_info.*)
 .binary_info.__bi_ptr202
                0x20008394        0x4 CMakeFiles/i2c.dir/C_/Users/ishar/.pico-sdk/sdk/2.2.0/src/rp2_common/pico_stdio_usb/stdio_usb.c.obj
                0x20008398                        __binary_info_end = .
                0x20008398                        . = ALIGN (0x4)

.data           0x200083a0      0x11c
                0x200083a0                        __data_start__ = .
 *(vtable)
 *(.data*)
 .data.striped_spin_lock_num
                0x200083a0        0x1 CMakeFiles/i2c.dir/C_/Users/ishar/.pico-sdk/sdk/2.2.0/src/rp2_common/hardware_sync/sync.c.obj
 *fill*         0x200083a1        0x3 
 .data          0x200083a4       0x48 CMakeFiles/i2c.dir/C_/Users/ishar/.pico-sdk/sdk/2.2.0/src/rp2_common/hardware_irq/irq_handler_chain.S.obj
                0x200083a4                irq_handler_chain_slots
                0x200083d4                irq_handler_chain_first_slot
                0x200083de                irq_handler_chain_remove_tail
 .data.default_alarm_pool
                0x200083ec       0x18 CMakeFiles/i2c.dir/C_/Users/ishar/.pico-sdk/sdk/2.2.0/src/common/pico_time/time.c.obj
 *fill*         0x20008404        0xc 
 .data.aeabi_bits_funcs
                0x20008410       0x10 CMakeFiles/i2c.dir/C_/Users/ishar/.pico-sdk/sdk/2.2.0/src/rp2_common/pico_bit_ops/bit_ops_aeabi.S.obj
                0x20008410                aeabi_bits_funcs
                0x20008420                aeabi_bits_funcs_end
 .data.aeabi_mem_funcs
                0x20008420       0x10 CMakeFiles/i2c.dir/C_/Users/ishar/.pico-sdk/sdk/2.2.0/src/rp2_common/pico_mem_ops/mem_ops_aeabi.S.obj
                0x20008420                aeabi_mem_funcs
                0x20008430                aeabi_mem_funcs_end
 .data.stdio_usb
                0x20008430       0x18 CMakeFiles/i2c.dir/C_/Users/ishar/.pico-sdk/sdk/2.2.0/src/rp2_common/pico_stdio_usb/stdio_usb.c.obj
                0x20008430                stdio_usb
 .data._usbd_qdef
                0x20008448       0x1c CMakeFiles/i2c.dir/C_/Users/ishar/.pico-sdk/sdk/2.2.0/lib/tinyusb/src/device/usbd.c.obj
                0x20008448                _usbd_qdef
 .data._usbd_rhport
                0x20008464        0x1 CMakeFiles/i2c.dir/C_/Users/ishar/.pico-sdk/sdk/2.2.0/lib/tinyusb/src/device/usbd.c.obj
 *fill*         0x20008465        0x3 
 .data.i2c1_inst
                0x20008468        0x8 CMakeFiles/i2c.dir/C_/Users/ishar/.pico-sdk/sdk/2.2.0/src/rp2_common/hardware_i2c/i2c.c.obj
                0x20008468                i2c1_inst
 .data.i2c0_inst
                0x20008470        0x8 CMakeFiles/i2c.dir/C_/Users/ishar/.pico-sdk/sdk/2.2.0/src/rp2_common/hardware_i2c/i2c.c.obj
                0x20008470                i2c0_inst
                0x20008478                        . = ALIGN (0x4)
 *(.after_data.*)
                0x20008478                        . = ALIGN (0x4)
                0x20008478                        PROVIDE (__mutex_array_start = .)
 *(SORT_BY_NAME(.mutex_array.*))
 *(.mutex_array)
 .mutex_array   0x20008478        0x8 CMakeFiles/i2c.dir/C_/Users/ishar/.pico-sdk/sdk/2.2.0/src/rp2_common/pico_stdio/stdio.c.obj
                0x20008480                        PROVIDE (__mutex_array_end = .)
                0x20008480                        . = ALIGN (0x4)
                0x20008480                        PROVIDE (__preinit_array_start = .)
 *(SORT_BY_NAME(.preinit_array.*))
 .preinit_array.00100
                0x20008480        0x4 CMakeFiles/i2c.dir/C_/Users/ishar/.pico-sdk/sdk/2.2.0/src/rp2_common/pico_runtime_init/runtime_init.c.obj
                0x20008480                __pre_init_runtime_init_early_resets
 .preinit_array.00101
                0x20008484        0x4 CMakeFiles/i2c.dir/C_/Users/ishar/.pico-sdk/sdk/2.2.0/src/rp2_common/pico_runtime_init/runtime_init.c.obj
                0x20008484                __pre_init_runtime_init_usb_power_down
 .preinit_array.00275
                0x20008488        0x4 CMakeFiles/i2c.dir/C_/Users/ishar/.pico-sdk/sdk/2.2.0/src/rp2_common/pico_bit_ops/bit_ops_aeabi.S.obj
 .preinit_array.00300
                0x2000848c        0x4 CMakeFiles/i2c.dir/C_/Users/ishar/.pico-sdk/sdk/2.2.0/src/rp2_common/pico_mem_ops/mem_ops_aeabi.S.obj
 .preinit_array.00350
                0x20008490        0x4 CMakeFiles/i2c.dir/C_/Users/ishar/.pico-sdk/sdk/2.2.0/src/rp2_common/pico_double/double_aeabi_rp2040.S.obj
 .preinit_array.00350
                0x20008494        0x4 CMakeFiles/i2c.dir/C_/Users/ishar/.pico-sdk/sdk/2.2.0/src/rp2_common/pico_float/float_aeabi_rp2040.S.obj
 .preinit_array.00500
                0x20008498        0x4 CMakeFiles/i2c.dir/C_/Users/ishar/.pico-sdk/sdk/2.2.0/src/rp2_common/pico_runtime_init/runtime_init.c.obj
                0x20008498                __pre_init_runtime_init_clocks
 .preinit_array.00600
                0x2000849c        0x4 CMakeFiles/i2c.dir/C_/Users/ishar/.pico-sdk/sdk/2.2.0/src/rp2_common/pico_runtime_init/runtime_init.c.obj
                0x2000849c                __pre_init_runtime_init_post_clock_resets
 .preinit_array.00700
                0x200084a0        0x4 CMakeFiles/i2c.dir/C_/Users/ishar/.pico-sdk/sdk/2.2.0/src/rp2_common/pico_runtime_init/runtime_init.c.obj
                0x200084a0                __pre_init_runtime_init_rp2040_gpio_ie_disable
 .preinit_array.01000
                0x200084a4        0x4 CMakeFiles/i2c.dir/C_/Users/ishar/.pico-sdk/sdk/2.2.0/src/rp2_common/pico_runtime_init/runtime_init.c.obj
                0x200084a4                __pre_init_runtime_init_spin_locks_reset
 .preinit_array.01100
                0x200084a8        0x4 CMakeFiles/i2c.dir/C_/Users/ishar/.pico-sdk/sdk/2.2.0/src/common/pico_sync/mutex.c.obj
                0x200084a8                __pre_init_runtime_init_mutex
 .preinit_array.11000
                0x200084ac        0x4 CMakeFiles/i2c.dir/C_/Users/ishar/.pico-sdk/sdk/2.2.0/src/common/pico_time/time.c.obj
                0x200084ac                __pre_init_runtime_init_default_alarm_pool
 .preinit_array.YYYYY
                0x200084b0        0x4 CMakeFiles/i2c.dir/C_/Users/ishar/.pico-sdk/sdk/2.2.0/src/rp2_common/pico_runtime/runtime.c.obj
                0x200084b0                __pre_init_first_per_core_initializer
 .preinit_array.ZZZZZ.01200
                0x200084b4        0x4 CMakeFiles/i2c.dir/C_/Users/ishar/.pico-sdk/sdk/2.2.0/src/rp2_common/hardware_irq/irq.c.obj
                0x200084b4                __pre_init_runtime_init_per_core_irq_priorities
 *(.preinit_array)
                0x200084b8                        PROVIDE (__preinit_array_end = .)
                0x200084b8                        . = ALIGN (0x4)
                0x200084b8                        PROVIDE (__init_array_start = .)
 *(SORT_BY_NAME(.init_array.*))
 .init_array.01000
                0x200084b8        0x4 CMakeFiles/i2c.dir/C_/Users/ishar/.pico-sdk/sdk/2.2.0/src/rp2_common/pico_unique_id/unique_id.c.obj
 *(.init_array)
                0x200084bc                        PROVIDE (__init_array_end = .)
                0x200084bc                        . = ALIGN (0x4)
                [!provide]                        PROVIDE (__fini_array_start = .)
 *(SORT_BY_NAME(.fini_array.*))
 *(.fini_array)
                [!provide]                        PROVIDE (__fini_array_end = .)
 *(.jcr)
                0x200084bc                        . = ALIGN (0x4)

.igot.plt       0x200084bc        0x0
 .igot.plt      0x200084bc        0x0 CMakeFiles/i2c.dir/main.c.obj

.tdata          0x200084bc        0x0
                0x200084bc                        . = ALIGN (0x4)
 *(.tdata .tdata.* .gnu.linkonce.td.*)
                0x200084bc                        __tdata_end = .
                0x200084bc                        PROVIDE (__data_end__ = .)

.uninitialized_data
                0x200084bc        0x0
                0x200084bc                        . = ALIGN (0x4)
 *(.uninitialized_data*)
                0x200083a0                        __etext = LOADADDR (.data)

.tbss           0x200084bc        0x0
                0x200084bc                        . = ALIGN (0x4)
                0x200084bc                        __bss_start__ = .
                0x200084bc                        __tls_base = .
 *(.tbss .tbss.* .gnu.linkonce.tb.*)
 *(.tcommon)
                0x200084bc                        __tls_end = .

.bss            0x200084c0      0xde4
                0x200084c0                        . = ALIGN (0x4)
                0x200084c0                        __tbss_end = .
 *(SORT_BY_ALIGNMENT(SORT_BY_NAME(.bss*)))
 .bss.default_alarm_pool_entries
                0x200084c0      0x180 CMakeFiles/i2c.dir/C_/Users/ishar/.pico-sdk/sdk/2.2.0/src/common/pico_time/time.c.obj
 .bss.last_avail_time.3
                0x20008640        0x8 CMakeFiles/i2c.dir/C_/Users/ishar/.pico-sdk/sdk/2.2.0/src/rp2_common/pico_stdio_usb/stdio_usb.c.obj
 .bss._app_driver
                0x20008648        0x4 CMakeFiles/i2c.dir/C_/Users/ishar/.pico-sdk/sdk/2.2.0/lib/tinyusb/src/device/usbd.c.obj
 .bss._cdcd_epbuf
                0x2000864c       0x80 CMakeFiles/i2c.dir/C_/Users/ishar/.pico-sdk/sdk/2.2.0/lib/tinyusb/src/class/cdc/cdc_device.c.obj
 .bss._cdcd_fifo_cfg
                0x200086cc        0x1 CMakeFiles/i2c.dir/C_/Users/ishar/.pico-sdk/sdk/2.2.0/lib/tinyusb/src/class/cdc/cdc_device.c.obj
 *fill*         0x200086cd        0x3 
 .bss._cdcd_itf
                0x200086d0       0xc8 CMakeFiles/i2c.dir/C_/Users/ishar/.pico-sdk/sdk/2.2.0/lib/tinyusb/src/class/cdc/cdc_device.c.obj
 .bss._ctrl_epbuf
                0x20008798       0x40 CMakeFiles/i2c.dir/C_/Users/ishar/.pico-sdk/sdk/2.2.0/lib/tinyusb/src/device/usbd_control.c.obj
 .bss._ctrl_xfer
                0x200087d8       0x14 CMakeFiles/i2c.dir/C_/Users/ishar/.pico-sdk/sdk/2.2.0/lib/tinyusb/src/device/usbd_control.c.obj
 .bss._tusb_rhport_role