Archive member included to satisfy reference by file (symbol)

C:/Program Files/arm-gnu-toolchain-15.2.rel1-mingw-w64-x86_64-arm-none-eabi/bin/../lib/gcc/arm-none-eabi/15.2.1/thumb/v6-m/nofp\libgcc.a(_dvmd_tls.o)
                              CMakeFiles/usb.dir/C_/Users/ishar/.pico-sdk/sdk/2.2.0/src/rp2_common/pico_divider/divider_hardware.S.obj (__aeabi_idiv0)
C:/Program Files/arm-gnu-toolchain-15.2.rel1-mingw-w64-x86_64-arm-none-eabi/bin/../lib/gcc/arm-none-eabi/15.2.1/../../../../arm-none-eabi/lib/thumb/v6-m/nofp\libg.a(libc_a-calloc.o)
                              CMakeFiles/usb.dir/C_/Users/ishar/.pico-sdk/sdk/2.2.0/src/rp2_common/pico_malloc/malloc.c.obj (calloc)
C:/Program Files/arm-gnu-toolchain-15.2.rel1-mingw-w64-x86_64-arm-none-eabi/bin/../lib/gcc/arm-none-eabi/15.2.1/../../../../arm-none-eabi/lib/thumb/v6-m/nofp\libg.a(libc_a-callocr.o)
                              C:/Program Files/arm-gnu-toolchain-15.2.rel1-mingw-w64-x86_64-arm-none-eabi/bin/../lib/gcc/arm-none-eabi/15.2.1/../../../../arm-none-eabi/lib/thumb/v6-m/nofp\libg.a(libc_a-calloc.o) (_calloc_r)
C:/Program Files/arm-gnu-toolchain-15.2.rel1-mingw-w64-x86_64-arm-none-eabi/bin/../lib/gcc/arm-none-eabi/15.2.1/../../../../arm-none-eabi/lib/thumb/v6-m/nofp\libg.a(libc_a-malloc.o)
                              CMakeFiles/usb.dir/C_/Users/ishar/.pico-sdk/sdk/2.2.0/src/rp2_common/pico_malloc/malloc.c.obj (malloc)
C:/Program Files/arm-gnu-toolchain-15.2.rel1-mingw-w64-x86_64-arm-none-eabi/bin/../lib/gcc/arm-none-eabi/15.2.1/../../../../arm-none-eabi/lib/thumb/v6-m/nofp\libg.a(libc_a-mallocr.o)
                              C:/Program Files/arm-gnu-toolchain-15.2.rel1-mingw-w64-x86_64-arm-none-eabi/bin/../lib/gcc/arm-none-eabi/15.2.1/../../../../arm-none-eabi/lib/thumb/v6-m/nofp\libg.a(libc_a-callocr.o) (_malloc_r)
C:/Program Files/arm-gnu-toolchain-15.2.rel1-mingw-w64-x86_64-arm-none-eabi/bin/../lib/gcc/arm-none-eabi/15.2.1/../../../../arm-none-eabi/lib/thumb/v6-m/nofp\libg.a(libc_a-mlock.o)
                              C:/Program Files/arm-gnu-toolchain-15.2.rel1-mingw-w64-x86_64-arm-none-eabi/bin/../lib/gcc/arm-none-eabi/15.2.1/../../../../arm-none-eabi/lib/thumb/v6-m/nofp\libg.a(libc_a-mallocr.o) (__malloc_lock)
C:/Program Files/arm-gnu-toolchain-15.2.rel1-mingw-w64-x86_64-arm-none-eabi/bin/../lib/gcc/arm-none-eabi/15.2.1/../../../../arm-none-eabi/lib/thumb/v6-m/nofp\libg.a(libc_a-realloc.o)
                              CMakeFiles/usb.dir/C_/Users/ishar/.pico-sdk/sdk/2.2.0/src/rp2_common/pico_malloc/malloc.c.obj (realloc)
C:/Program Files/arm-gnu-toolchain-15.2.rel1-mingw-w64-x86_64-arm-none-eabi/bin/../lib/gcc/arm-none-eabi/15.2.1/../../../../arm-none-eabi/lib/thumb/v6-m/nofp\libg.a(libc_a-reallocr.o)
                              C:/Program Files/arm-gnu-toolchain-15.2.rel1-mingw-w64-x86_64-arm-none-eabi/bin/../lib/gcc/arm-none-eabi/15.2.1/../../../../arm-none-eabi/lib/thumb/v6-m/nofp\libg.a(libc_a-realloc.o) (_realloc_r)
C:/Program Files/arm-gnu-toolchain-15.2.rel1-mingw-w64-x86_64-arm-none-eabi/bin/../lib/gcc/arm-none-eabi/15.2.1/../../../../arm-none-eabi/lib/thumb/v6-m/nofp\libg.a(libc_a-memcmp.o)
                              CMakeFiles/usb.dir/C_/Users/ishar/.pico-sdk/sdk/2.2.0/src/rp2_common/pico_atomic/atomic.c.obj (memcmp)
C:/Program Files/arm-gnu-toolchain-15.2.rel1-mingw-w64-x86_64-arm-none-eabi/bin/../lib/gcc/arm-none-eabi/15.2.1/../../../../arm-none-eabi/lib/thumb/v6-m/nofp\libg.a(libc_a-memmove.o)
                              C:/Program Files/arm-gnu-toolchain-15.2.rel1-mingw-w64-x86_64-arm-none-eabi/bin/../lib/gcc/arm-none-eabi/15.2.1/../../../../arm-none-eabi/lib/thumb/v6-m/nofp\libg.a(libc_a-reallocr.o) (memmove)
C:/Program Files/arm-gnu-toolchain-15.2.rel1-mingw-w64-x86_64-arm-none-eabi/bin/../lib/gcc/arm-none-eabi/15.2.1/../../../../arm-none-eabi/lib/thumb/v6-m/nofp\libg.a(libc_a-lcltime_r.o)
                              CMakeFiles/usb.dir/C_/Users/ishar/.pico-sdk/sdk/2.2.0/src/common/pico_util/datetime.c.obj (localtime_r)
C:/Program Files/arm-gnu-toolchain-15.2.rel1-mingw-w64-x86_64-arm-none-eabi/bin/../lib/gcc/arm-none-eabi/15.2.1/../../../../arm-none-eabi/lib/thumb/v6-m/nofp\libg.a(libc_a-mktime.o)
                              CMakeFiles/usb.dir/C_/Users/ishar/.pico-sdk/sdk/2.2.0/src/common/pico_util/datetime.c.obj (mktime)
C:/Program Files/arm-gnu-toolchain-15.2.rel1-mingw-w64-x86_64-arm-none-eabi/bin/../lib/gcc/arm-none-eabi/15.2.1/../../../../arm-none-eabi/lib/thumb/v6-m/nofp\libg.a(libc_a-month_lengths.o)
                              C:/Program Files/arm-gnu-toolchain-15.2.rel1-mingw-w64-x86_64-arm-none-eabi/bin/../lib/gcc/arm-none-eabi/15.2.1/../../../../arm-none-eabi/lib/thumb/v6-m/nofp\libg.a(libc_a-lcltime_r.o) (__month_lengths)
C:/Program Files/arm-gnu-toolchain-15.2.rel1-mingw-w64-x86_64-arm-none-eabi/bin/../lib/gcc/arm-none-eabi/15.2.1/../../../../arm-none-eabi/lib/thumb/v6-m/nofp\libg.a(libc_a-tzcalc_limits.o)
[...]
Memory Configuration

Name             Origin             Length             Attributes
RAM              0x20000000         0x00040000         xrw
SCRATCH_X        0x20040000         0x00001000         xrw
SCRATCH_Y        0x20041000         0x00001000         xrw
*default*        0x00000000         0xffffffff

Linker script and memory map


.text           0x20000000     0x7138
                0x20000000                        __logical_binary_start = .
                0x20000000                        __reset_start = .
 *(.reset)
 .reset         0x20000000       0x88 CMakeFiles/usb.dir/C_/Users/ishar/.pico-sdk/sdk/2.2.0/src/rp2_common/pico_crt0/crt0.S.obj
                0x20000000                _entry_point
                0x20000088                        __reset_end = .
 *(.binary_info_header)
 .binary_info_header
                0x20000088       0x24 CMakeFiles/usb.dir/C_/Users/ishar/.pico-sdk/sdk/2.2.0/src/rp2_common/pico_standard_binary_info/standard_binary_info.c.obj
 .binary_info_header
                0x200000ac       0x14 CMakeFiles/usb.dir/C_/Users/ishar/.pico-sdk/sdk/2.2.0/src/rp2_common/pico_crt0/crt0.S.obj
                0x200000c0                        __binary_info_header_end = .
 *(.embedded_block)
                0x200000c0                        __embedded_block_end = .
                0x20000100                        . = ALIGN (0x100)
 *fill*         0x200000c0       0x40 
 *(.vectors)
 .vectors       0x20000100       0xd4 CMakeFiles/usb.dir/C_/Users/ishar/.pico-sdk/sdk/2.2.0/src/rp2_common/pico_crt0/crt0.S.obj
                0x20000100                __VECTOR_TABLE
                0x20000100                __vectors
                0x200001c0                isr_irq13
                0x200001c0                isr_irq27
                0x200001c0                isr_irq31
                0x200001c0                isr_irq12
                0x200001c0                isr_irq5
                0x200001c0                isr_irq11
                0x200001c0                isr_irq3
                0x200001c0                isr_irq23
                0x200001c0                __unhandled_user_irq
                0x200001c0                isr_irq26
                0x200001c0                isr_irq28
                0x200001c0                isr_irq19
                0x200001c0                isr_irq0
                0x200001c0                isr_irq6
                0x200001c0                isr_irq29
                0x200001c0                isr_irq16
                0x200001c0                isr_irq22
                0x200001c0                isr_irq18
                0x200001c0                isr_irq17
                0x200001c0                isr_irq14
                0x200001c0                __vectors_end
                0x200001c0                __default_isrs_start
                0x200001c0                isr_irq2
                0x200001c0                isr_irq10
                0x200001c0                isr_irq8
                0x200001c0                isr_irq24
                0x200001c0                isr_irq1
                0x200001c0                isr_irq7
                0x200001c0                isr_irq21
                0x200001c0                isr_irq20
                0x200001c0                isr_irq15
                0x200001c0                isr_irq25
                0x200001c0                isr_irq4
                0x200001c0                isr_irq30
                0x200001c0                isr_irq9
                0x200001c6                unhandled_user_irq_num_in_r0
                0x200001c8                isr_invalid
                0x200001ca                isr_nmi
                0x200001cc                isr_hardfault
                0x200001ce                isr_svcall
                0x200001d0                isr_pendsv
                0x200001d2                isr_systick
                0x200001d4                __default_isrs_end
 *(.time_critical*)
 .time_critical.mutex_try_enter
                0x200001d4       0x4a CMakeFiles/usb.dir/C_/Users/ishar/.pico-sdk/sdk/2.2.0/src/common/pico_sync/mutex.c.obj
                0x200001d4                mutex_try_enter
 *fill*         0x2000021e        0x2 
 .time_critical.mutex_enter_block_until
                0x20000220       0x7c CMakeFiles/usb.dir/C_/Users/ishar/.pico-sdk/sdk/2.2.0/src/common/pico_sync/mutex.c.obj
                0x20000220                mutex_enter_block_until
 .time_critical.mutex_try_enter_block_until
                0x2000029c       0x34 CMakeFiles/usb.dir/C_/Users/ishar/.pico-sdk/sdk/2.2.0/src/common/pico_sync/mutex.c.obj
                0x2000029c                mutex_try_enter_block_until
 .time_critical.mutex_enter_timeout_ms
                0x200002d0       0x3c CMakeFiles/usb.dir/C_/Users/ishar/.pico-sdk/sdk/2.2.0/src/common/pico_sync/mutex.c.obj
                0x200002d0                mutex_enter_timeout_ms
 .time_critical.mutex_exit
                0x2000030c       0x4c CMakeFiles/usb.dir/C_/Users/ishar/.pico-sdk/sdk/2.2.0/src/common/pico_sync/mutex.c.obj
                0x2000030c                mutex_exit
 .time_critical.reset_non_control_endpoints
                0x20000358       0x40 CMakeFiles/usb.dir/C_/Users/ishar/.pico-sdk/sdk/2.2.0/lib/tinyusb/src/portable/raspberrypi/rp2040/dcd_rp2040.c.obj
 .time_critical.hw_handle_buff_status
                0x20000398       0x9c CMakeFiles/usb.dir/C_/Users/ishar/.pico-sdk/sdk/2.2.0/lib/tinyusb/src/portable/raspberrypi/rp2040/dcd_rp2040.c.obj
 .time_critical.dcd_rp2040_irq
                0x20000434      0x1fc CMakeFiles/usb.dir/C_/Users/ishar/.pico-sdk/sdk/2.2.0/lib/tinyusb/src/portable/raspberrypi/rp2040/dcd_rp2040.c.obj
 .time_critical.prepare_ep_buffer
                0x20000630       0x6c CMakeFiles/usb.dir/C_/Users/ishar/.pico-sdk/sdk/2.2.0/lib/tinyusb/src/portable/raspberrypi/rp2040/rp2040_usb.c.obj
 .time_critical.e15_is_bulkin_ep
                0x2000069c       0x2c CMakeFiles/usb.dir/C_/Users/ishar/.pico-sdk/sdk/2.2.0/lib/tinyusb/src/portable/raspberrypi/rp2040/rp2040_usb.c.obj
 .time_critical.e15_is_critical_frame_period
                0x200006c8       0x30 CMakeFiles/usb.dir/C_/Users/ishar/.pico-sdk/sdk/2.2.0/lib/tinyusb/src/portable/raspberrypi/rp2040/rp2040_usb.c.obj
 .time_critical.sync_ep_buffer
                0x200006f8       0x78 CMakeFiles/usb.dir/C_/Users/ishar/.pico-sdk/sdk/2.2.0/lib/tinyusb/src/portable/raspberrypi/rp2040/rp2040_usb.c.obj
 .time_critical._hw_endpoint_xfer_sync
                0x20000770       0x28 CMakeFiles/usb.dir/C_/Users/ishar/.pico-sdk/sdk/2.2.0/lib/tinyusb/src/portable/raspberrypi/rp2040/rp2040_usb.c.obj
 .time_critical.hw_endpoint_reset_transfer
                0x20000798        0xc CMakeFiles/usb.dir/C_/Users/ishar/.pico-sdk/sdk/2.2.0/lib/tinyusb/src/portable/raspberrypi/rp2040/rp2040_usb.c.obj
                0x20000798                hw_endpoint_reset_transfer
 .time_critical._hw_endpoint_buffer_control_update32
                0x200007a4       0x4c CMakeFiles/usb.dir/C_/Users/ishar/.pico-sdk/sdk/2.2.0/lib/tinyusb/src/portable/raspberrypi/rp2040/rp2040_usb.c.obj
                0x200007a4                _hw_endpoint_buffer_control_update32
 .time_critical.hw_endpoint_start_next_buffer
                0x200007f0       0x7c CMakeFiles/usb.dir/C_/Users/ishar/.pico-sdk/sdk/2.2.0/lib/tinyusb/src/portable/raspberrypi/rp2040/rp2040_usb.c.obj
                0x200007f0                hw_endpoint_start_next_buffer
 .time_critical.hw_endpoint_xfer_continue
                0x2000086c       0x40 CMakeFiles/usb.dir/C_/Users/ishar/.pico-sdk/sdk/2.2.0/lib/tinyusb/src/portable/raspberrypi/rp2040/rp2040_usb.c.obj
                0x2000086c                hw_endpoint_xfer_continue
 .time_critical.tinyusb
                0x200008ac      0x1d0 CMakeFiles/usb.dir/C_/Users/ishar/.pico-sdk/sdk/2.2.0/lib/tinyusb/src/device/usbd.c.obj
                0x200008ac                dcd_event_handler
 *(.text*)
 .text.uart_putc
                0x20000a7c       0x60 CMakeFiles/usb.dir/main.c.obj
 .text.uart_puts
                0x20000adc       0x4a CMakeFiles/usb.dir/main.c.obj
 *fill*         0x20000b26        0x2 
 .text.main     0x20000b28       0x90 CMakeFiles/usb.dir/main.c.obj
                0x20000b28                main
 .text.gpio_set_function
                0x20000bb8       0x34 CMakeFiles/usb.dir/C_/Users/ishar/.pico-sdk/sdk/2.2.0/src/rp2_common/hardware_gpio/gpio.c.obj
                0x20000bb8                gpio_set_function
 .text.gpio_init
                0x20000bec       0x16 CMakeFiles/usb.dir/C_/Users/ishar/.pico-sdk/sdk/2.2.0/src/rp2_common/hardware_gpio/gpio.c.obj
                0x20000bec                gpio_init
 *fill*         0x20000c02        0x2 
 .text.rp2040_chip_version
                0x20000c04       0x54 CMakeFiles/usb.dir/C_/Users/ishar/.pico-sdk/sdk/2.2.0/src/rp2040/pico_platform/platform.c.obj
                0x20000c04                rp2040_chip_version
 .text.panic    0x20000c58       0x30 CMakeFiles/usb.dir/C_/Users/ishar/.pico-sdk/sdk/2.2.0/src/rp2_common/pico_platform_panic/panic.c.obj
                0x20000c58                panic
 .text.hw_claim_lock
                0x20000c88       0x18 CMakeFiles/usb.dir/C_/Users/ishar/.pico-sdk/sdk/2.2.0/src/common/hardware_claim/claim.c.obj
                0x20000c88                hw_claim_lock
 .text.hw_claim_unlock
                0x20000ca0       0x14 CMakeFiles/usb.dir/C_/Users/ishar/.pico-sdk/sdk/2.2.0/src/common/hardware_claim/claim.c.obj
                0x20000ca0                hw_claim_unlock
 .text.hw_claim_or_assert
                0x20000cb4       0x36 CMakeFiles/usb.dir/C_/Users/ishar/.pico-sdk/sdk/2.2.0/src/common/hardware_claim/claim.c.obj
                0x20000cb4                hw_claim_or_assert
 .text.hw_claim_unused_from_range
                0x20000cea       0x50 CMakeFiles/usb.dir/C_/Users/ishar/.pico-sdk/sdk/2.2.0/src/common/hardware_claim/claim.c.obj
                0x20000cea                hw_claim_unused_from_range
 *fill*         0x20000d3a        0x2 
 .text.next_striped_spin_lock_num
                0x20000d3c       0x1c CMakeFiles/usb.dir/C_/Users/ishar/.pico-sdk/sdk/2.2.0/src/rp2_common/hardware_sync/sync.c.obj
                0x20000d3c                next_striped_spin_lock_num
 .text.spin_lock_claim_unused
                0x20000d58       0x20 CMakeFiles/usb.dir/C_/Users/ishar/.pico-sdk/sdk/2.2.0/src/rp2_common/hardware_sync/sync.c.obj
                0x20000d58                spin_lock_claim_unused
 .text.spin_locks_reset
                0x20000d78       0x20 CMakeFiles/usb.dir/C_/Users/ishar/.pico-sdk/sdk/2.2.0/src/rp2_common/hardware_sync_spin_lock/sync_spin_lock.c.obj
                0x20000d78                spin_locks_reset
 .text.set_raw_irq_handler_and_unlock
                0x20000d98       0x28 CMakeFiles/usb.dir/C_/Users/ishar/.pico-sdk/sdk/2.2.0/src/rp2_common/hardware_irq/irq.c.obj
 .text.nvic_ipr0
                0x20000dc0        0x8 CMakeFiles/usb.dir/C_/Users/ishar/.pico-sdk/sdk/2.2.0/src/rp2_common/hardware_irq/irq.c.obj
 .text.runtime_init_per_core_irq_priorities
                0x20000dc8       0x1c CMakeFiles/usb.dir/C_/Users/ishar/.pico-sdk/sdk/2.2.0/src/rp2_common/hardware_irq/irq.c.obj
                0x20000dc8                runtime_init_per_core_irq_priorities
 .text.resolve_j_16
                0x20000de4       0x30 CMakeFiles/usb.dir/C_/Users/ishar/.pico-sdk/sdk/2.2.0/src/rp2_common/hardware_irq/irq.c.obj
 .text.make_j_16
                0x20000e14       0x48 CMakeFiles/usb.dir/C_/Users/ishar/.pico-sdk/sdk/2.2.0/src/rp2_common/hardware_irq/irq.c.obj
 .text.irq_is_enabled
                0x20000e5c       0x18 CMakeFiles/usb.dir/C_/Users/ishar/.pico-sdk/sdk/2.2.0/src/rp2_common/hardware_irq/irq.c.obj
                0x20000e5c                irq_is_enabled
 .text.irq_set_mask_n_enabled
                0x20000e74       0x1c CMakeFiles/usb.dir/C_/Users/ishar/.pico-sdk/sdk/2.2.0/src/rp2_common/hardware_irq/irq.c.obj
                0x20000e74                irq_set_mask_n_enabled
 .text.irq_set_enabled
                0x20000e90       0x14 CMakeFiles/usb.dir/C_/Users/ishar/.pico-sdk/sdk/2.2.0/src/rp2_common/hardware_irq/irq.c.obj
                0x20000e90                irq_set_enabled
 .text.irq_set_pending
                0x20000ea4       0x10 CMakeFiles/usb.dir/C_/Users/ishar/.pico-sdk/sdk/2.2.0/src/rp2_common/hardware_irq/irq.c.obj
                0x20000ea4                irq_set_pending
 .text.irq_get_vtable_handler
                0x20000eb4       0x10 CMakeFiles/usb.dir/C_/Users/ishar/.pico-sdk/sdk/2.2.0/src/rp2_common/hardware_irq/irq.c.obj
                0x20000eb4                irq_get_vtable_handler
 .text.irq_has_shared_handler
                0x20000ec4       0x1c CMakeFiles/usb.dir/C_/Users/ishar/.pico-sdk/sdk/2.2.0/src/rp2_common/hardware_irq/irq.c.obj
                0x20000ec4                irq_has_shared_handler
 .text.irq_set_exclusive_handler
                0x20000ee0       0x54 CMakeFiles/usb.dir/C_/Users/ishar/.pico-sdk/sdk/2.2.0/src/rp2_common/hardware_irq/irq.c.obj
                0x20000ee0                irq_set_exclusive_handler
 .text.irq_add_shared_handler
                0x20000f34      0x218 CMakeFiles/usb.dir/C_/Users/ishar/.pico-sdk/sdk/2.2.0/src/rp2_common/hardware_irq/irq.c.obj
                0x20000f34                irq_add_shared_handler
 .text.irq_add_tail_to_free_list
                0x2000114c       0xf8 CMakeFiles/usb.dir/C_/Users/ishar/.pico-sdk/sdk/2.2.0/src/rp2_common/hardware_irq/irq.c.obj
                0x2000114c                irq_add_tail_to_free_list
 .text.user_irq_claim_unused
                0x20001244       0x28 CMakeFiles/usb.dir/C_/Users/ishar/.pico-sdk/sdk/2.2.0/src/rp2_common/hardware_irq/irq.c.obj
                0x20001244                user_irq_claim_unused
 .text.lock_init
                0x2000126c       0x10 CMakeFiles/usb.dir/C_/Users/ishar/.pico-sdk/sdk/2.2.0/src/common/pico_sync/lock_core.c.obj
                0x2000126c                lock_init
 .text.mutex_init
                0x2000127c       0x1a CMakeFiles/usb.dir/C_/Users/ishar/.pico-sdk/sdk/2.2.0/src/common/pico_sync/mutex.c.obj
                0x2000127c                mutex_init
 .text.recursive_mutex_init
                0x20001296       0x1e CMakeFiles/usb.dir/C_/Users/ishar/.pico-sdk/sdk/2.2.0/src/common/pico_sync/mutex.c.obj
                0x20001296                recursive_mutex_init
 .text.runtime_init_mutex
                0x200012b4       0x4c CMakeFiles/usb.dir/C_/Users/ishar/.pico-sdk/sdk/2.2.0/src/common/pico_sync/mutex.c.obj
                0x200012b4                runtime_init_mutex
 .text.critical_section_init_with_lock_num
                0x20001300       0x14 CMakeFiles/usb.dir/C_/Users/ishar/.pico-sdk/sdk/2.2.0/src/common/pico_sync/critical_section.c.obj
                0x20001300                critical_section_init_with_lock_num
 .text.critical_section_init
                0x20001314       0x14 CMakeFiles/usb.dir/C_/Users/ishar/.pico-sdk/sdk/2.2.0/src/common/pico_sync/critical_section.c.obj
                0x20001314                critical_section_init
 .text.ta_set_timeout
                0x20001328       0x28 CMakeFiles/usb.dir/C_/Users/ishar/.pico-sdk/sdk/2.2.0/src/common/pico_time/time.c.obj
 .text.make_alarm_id
                0x20001350        0x6 CMakeFiles/usb.dir/C_/Users/ishar/.pico-sdk/sdk/2.2.0/src/common/pico_time/time.c.obj
 *fill*         0x20001356        0x2 
 .text.sleep_until_callback
                0x20001358       0x30 CMakeFiles/usb.dir/C_/Users/ishar/.pico-sdk/sdk/2.2.0/src/common/pico_time/time.c.obj
 .text.alarm_pool_irq_handler
                0x20001388      0x2f4 CMakeFiles/usb.dir/C_/Users/ishar/.pico-sdk/sdk/2.2.0/src/common/pico_time/time.c.obj
 .text.ta_enable_irq_handler
                0x2000167c       0x2c CMakeFiles/usb.dir/C_/Users/ishar/.pico-sdk/sdk/2.2.0/src/common/pico_time/time.c.obj
 .text.alarm_pool_post_alloc_init
                0x200016a8       0x68 CMakeFiles/usb.dir/C_/Users/ishar/.pico-sdk/sdk/2.2.0/src/common/pico_time/time.c.obj
 .text.alarm_pool_get_default
                0x20001710       0x2c CMakeFiles/usb.dir/C_/Users/ishar/.pico-sdk/sdk/2.2.0/src/common/pico_time/time.c.obj
                0x20001710                alarm_pool_get_default
 .text.alarm_pool_add_alarm_at_force_in_context
                0x2000173c       0xa4 CMakeFiles/usb.dir/C_/Users/ishar/.pico-sdk/sdk/2.2.0/src/common/pico_time/time.c.obj
                0x2000173c                alarm_pool_add_alarm_at_force_in_context
 .text.alarm_pool_add_alarm_at
                0x200017e0       0x3c CMakeFiles/usb.dir/C_/Users/ishar/.pico-sdk/sdk/2.2.0/src/common/pico_time/time.c.obj
                0x200017e0                alarm_pool_add_alarm_at
 .text.add_alarm_at
                0x2000181c       0x2e CMakeFiles/usb.dir/C_/Users/ishar/.pico-sdk/sdk/2.2.0/src/common/pico_time/time.c.obj
 *fill*         0x2000184a        0x2 
 .text.alarm_pool_cancel_alarm
                0x2000184c       0x7c CMakeFiles/usb.dir/C_/Users/ishar/.pico-sdk/sdk/2.2.0/src/common/pico_time/time.c.obj
                0x2000184c                alarm_pool_cancel_alarm
 .text.cancel_alarm
                0x200018c8       0x10 CMakeFiles/usb.dir/C_/Users/ishar/.pico-sdk/sdk/2.2.0/src/common/pico_time/time.c.obj
 .text.alarm_pool_core_num
                0x200018d8        0x4 CMakeFiles/usb.dir/C_/Users/ishar/.pico-sdk/sdk/2.2.0/src/common/pico_time/time.c.obj
                0x200018d8                alarm_pool_core_num
 .text.sleep_until
                0x200018dc       0xb0 CMakeFiles/usb.dir/C_/Users/ishar/.pico-sdk/sdk/2.2.0/src/common/pico_time/time.c.obj
                0x200018dc                sleep_until
 .text.sleep_us
                0x2000198c       0x2c CMakeFiles/usb.dir/C_/Users/ishar/.pico-sdk/sdk/2.2.0/src/common/pico_time/time.c.obj
                0x2000198c                sleep_us
 .text.sleep_ms
                0x200019b8       0x14 CMakeFiles/usb.dir/C_/Users/ishar/.pico-sdk/sdk/2.2.0/src/common/pico_time/time.c.obj
                0x200019b8                sleep_ms
 .text.best_effort_wfe_or_timeout
                0x200019cc      0x120 CMakeFiles/usb.dir/C_/Users/ishar/.pico-sdk/sdk/2.2.0/src/common/pico_time/time.c.obj
                0x200019cc                best_effort_wfe_or_timeout
 .text.alarm_pool_get_default_timer
                0x20001aec        0x8 CMakeFiles/usb.dir/C_/Users/ishar/.pico-sdk/sdk/2.2.0/src/common/pico_time/time.c.obj
                0x20001aec                alarm_pool_get_default_timer
 .text.runtime_init_default_alarm_pool
                0x20001af4       0x38 CMakeFiles/usb.dir/C_/Users/ishar/.pico-sdk/sdk/2.2.0/src/common/pico_time/time.c.obj
                0x20001af4                runtime_init_default_alarm_pool
 .text.timer_hardware_alarm_claim
                0x20001b2c       0x14 CMakeFiles/usb.dir/C_/Users/ishar/.pico-sdk/sdk/2.2.0/src/rp2_common/hardware_timer/timer.c.obj
                0x20001b2c                timer_hardware_alarm_claim
 .text.timer_time_us_64
                0x20001b40       0x10 CMakeFiles/usb.dir/C_/Users/ishar/.pico-sdk/sdk/2.2.0/src/rp2_common/hardware_timer/timer.c.obj
                0x20001b40                timer_time_us_64
 .text.timer_busy_wait_until
                0x20001b50       0x1a CMakeFiles/usb.dir/C_/Users/ishar/.pico-sdk/sdk/2.2.0/src/rp2_common/hardware_timer/timer.c.obj
                0x20001b50                timer_busy_wait_until
 .text.timer_busy_wait_us
                0x20001b6a       0x34 CMakeFiles/usb.dir/C_/Users/ishar/.pico-sdk/sdk/2.2.0/src/rp2_common/hardware_timer/timer.c.obj
                0x20001b6a                timer_busy_wait_us
 *fill*         0x20001b9e        0x2 
 .text.time_us_64
                0x20001ba0       0x10 CMakeFiles/usb.dir/C_/Users/ishar/.pico-sdk/sdk/2.2.0/src/rp2_common/hardware_timer/timer.c.obj
                0x20001ba0                time_us_64
 .text.busy_wait_us
                0x20001bb0       0x14 CMakeFiles/usb.dir/C_/Users/ishar/.pico-sdk/sdk/2.2.0/src/rp2_common/hardware_timer/timer.c.obj
                0x20001bb0                busy_wait_us
 .text.busy_wait_until
                0x20001bc4       0x14 CMakeFiles/usb.dir/C_/Users/ishar/.pico-sdk/sdk/2.2.0/src/rp2_common/hardware_timer/timer.c.obj
                0x20001bc4                busy_wait_until
 .text.uart_unreset
                0x20001bd8       0x2c CMakeFiles/usb.dir/C_/Users/ishar/.pico-sdk/sdk/2.2.0/src/rp2_common/hardware_uart/uart.c.obj
 .text.uart_disable_before_lcr_write
                0x20001c04       0x48 CMakeFiles/usb.dir/C_/Users/ishar/.pico-sdk/sdk/2.2.0/src/rp2_common/hardware_uart/uart.c.obj
 .text.uart_write_lcr_bits_masked
                0x20001c4c       0x28 CMakeFiles/usb.dir/C_/Users/ishar/.pico-sdk/sdk/2.2.0/src/rp2_common/hardware_uart/uart.c.obj
 .text.uart_set_baudrate
                0x20001c74       0x5c CMakeFiles/usb.dir/C_/Users/ishar/.pico-sdk/sdk/2.2.0/src/rp2_common/hardware_uart/uart.c.obj
                0x20001c74                uart_set_baudrate
 .text.uart_set_translate_crlf
                0x20001cd0       0x28 CMakeFiles/usb.dir/C_/Users/ishar/.pico-sdk/sdk/2.2.0/src/rp2_common/hardware_uart/uart.c.obj
                0x20001cd0                uart_set_translate_crlf
 .text.uart_init
                0x20001cf8       0x64 CMakeFiles/usb.dir/C_/Users/ishar/.pico-sdk/sdk/2.2.0/src/rp2_common/hardware_uart/uart.c.obj
                0x20001cf8                uart_init
 .text.clock_configure_internal
                0x20001d5c       0xc0 CMakeFiles/usb.dir/C_/Users/ishar/.pico-sdk/sdk/2.2.0/src/rp2_common/hardware_clocks/clocks.c.obj
 .text.clock_configure_int_divider
                0x20001e1c       0x28 CMakeFiles/usb.dir/C_/Users/ishar/.pico-sdk/sdk/2.2.0/src/rp2_common/hardware_clocks/clocks.c.obj
                0x20001e1c                clock_configure_int_divider
 .text.clock_configure_undivided
                0x20001e44       0x12 CMakeFiles/usb.dir/C_/Users/ishar/.pico-sdk/sdk/2.2.0/src/rp2_common/hardware_clocks/clocks.c.obj
                0x20001e44                clock_configure_undivided
 *fill*         0x20001e56        0x2 
 .text.clock_get_hz
                0x20001e58        0xc CMakeFiles/usb.dir/C_/Users/ishar/.pico-sdk/sdk/2.2.0/src/rp2_common/hardware_clocks/clocks.c.obj
                0x20001e58                clock_get_hz
 .text.pll_init
                0x20001e64      0x124 CMakeFiles/usb.dir/C_/Users/ishar/.pico-sdk/sdk/2.2.0/src/rp2_common/hardware_pll/pll.c.obj
                0x20001e64                pll_init
 .text.watchdog_update
                0x20001f88       0x14 CMakeFiles/usb.dir/C_/Users/ishar/.pico-sdk/sdk/2.2.0/src/rp2_common/hardware_watchdog/watchdog.c.obj
                0x20001f88                watchdog_update
 .text._watchdog_enable
                0x20001f9c       0x78 CMakeFiles/usb.dir/C_/Users/ishar/.pico-sdk/sdk/2.2.0/src/rp2_common/hardware_watchdog/watchdog.c.obj
                0x20001f9c                _watchdog_enable
 .text.watchdog_reboot
                0x20002014       0x48 CMakeFiles/usb.dir/C_/Users/ishar/.pico-sdk/sdk/2.2.0/src/rp2_common/hardware_watchdog/watchdog.c.obj
                0x20002014                watchdog_reboot
 .text.tick_start
                0x2000205c       0x10 CMakeFiles/usb.dir/C_/Users/ishar/.pico-sdk/sdk/2.2.0/src/rp2_common/hardware_ticks/ticks.c.obj
                0x2000205c                tick_start
 .text.rom_func_lookup
                0x2000206c       0x10 CMakeFiles/usb.dir/C_/Users/ishar/.pico-sdk/sdk/2.2.0/src/rp2_common/pico_bootrom/bootrom.c.obj
                0x2000206c                rom_func_lookup
 .text.rom_data_lookup
                0x2000207c       0x10 CMakeFiles/usb.dir/C_/Users/ishar/.pico-sdk/sdk/2.2.0/src/rp2_common/pico_bootrom/bootrom.c.obj
                0x2000207c                rom_data_lookup
 .text.rom_funcs_lookup
                0x2000208c       0x36 CMakeFiles/usb.dir/C_/Users/ishar/.pico-sdk/sdk/2.2.0/src/rp2_common/pico_bootrom/bootrom.c.obj
                0x2000208c                rom_funcs_lookup
 *fill*         0x200020c2        0x2 
 .text.rom_reset_usb_boot_extra
                0x200020c4       0x24 CMakeFiles/usb.dir/C_/Users/ishar/.pico-sdk/sdk/2.2.0/src/rp2_common/pico_bootrom/bootrom.c.obj
                0x200020c4                rom_reset_usb_boot_extra
 .text.xosc_init
                0x200020e8       0x2c CMakeFiles/usb.dir/C_/Users/ishar/.pico-sdk/sdk/2.2.0/src/rp2_common/hardware_xosc/xosc.c.obj
                0x200020e8                xosc_init
 .text.runtime_run_initializers_from
                0x20002114       0x18 CMakeFiles/usb.dir/C_/Users/ishar/.pico-sdk/sdk/2.2.0/src/rp2_common/pico_runtime/runtime.c.obj
 .text.first_per_core_initializer
                0x2000212c        0x2 CMakeFiles/usb.dir/C_/Users/ishar/.pico-sdk/sdk/2.2.0/src/rp2_common/pico_runtime/runtime.c.obj
 *fill*         0x2000212e        0x2 
 .text.runtime_run_initializers
                0x20002130       0x10 CMakeFiles/usb.dir/C_/Users/ishar/.pico-sdk/sdk/2.2.0/src/rp2_common/pico_runtime/runtime.c.obj
                0x20002130                runtime_run_initializers
 .text.runtime_init_early_resets
                0x20002140       0x2c CMakeFiles/usb.dir/C_/Users/ishar/.pico-sdk/sdk/2.2.0/src/rp2_common/pico_runtime_init/runtime_init.c.obj
                0x20002140                runtime_init_early_resets
 .text.runtime_init_usb_power_down
                0x2000216c       0x1c CMakeFiles/usb.dir/C_/Users/ishar/.pico-sdk/sdk/2.2.0/src/rp2_common/pico_runtime_init/runtime_init.c.obj
                0x2000216c                runtime_init_usb_power_down
 .text.runtime_init_post_clock_resets
                0x20002188       0x20 CMakeFiles/usb.dir/C_/Users/ishar/.pico-sdk/sdk/2.2.0/src/rp2_common/pico_runtime_init/runtime_init.c.obj
                0x20002188                runtime_init_post_clock_resets
 .text.runtime_init_rp2040_gpio_ie_disable
                0x200021a8       0x14 CMakeFiles/usb.dir/C_/Users/ishar/.pico-sdk/sdk/2.2.0/src/rp2_common/pico_runtime_init/runtime_init.c.obj
                0x200021a8                runtime_init_rp2040_gpio_ie_disable
 .text.runtime_init_spin_locks_reset
                0x200021bc        0x8 CMakeFiles/usb.dir/C_/Users/ishar/.pico-sdk/sdk/2.2.0/src/rp2_common/pico_runtime_init/runtime_init.c.obj
                0x200021bc                runtime_init_spin_locks_reset
 .text.start_all_ticks
                0x200021c4       0x28 CMakeFiles/usb.dir/C_/Users/ishar/.pico-sdk/sdk/2.2.0/src/rp2_common/pico_runtime_init/runtime_init_clocks.c.obj
 .text.runtime_init_clocks
                0x200021ec       0xcc CMakeFiles/usb.dir/C_/Users/ishar/.pico-sdk/sdk/2.2.0/src/rp2_common/pico_runtime_init/runtime_init_clocks.c.obj
                0x200021ec                runtime_init_clocks
 .text          0x200022b8       0x10 CMakeFiles/usb.dir/C_/Users/ishar/.pico-sdk/sdk/2.2.0/src/rp2_common/pico_bit_ops/bit_ops_aeabi.S.obj
 .text.__wrap___aeabi_idiv
                0x200022c8       0x50 CMakeFiles/usb.dir/C_/Users/ishar/.pico-sdk/sdk/2.2.0/src/rp2_common/pico_divider/divider_hardware.S.obj
                0x200022c8                __wrap___aeabi_idivmod
                0x200022c8                divmod_s32s32
                0x200022c8                div_s32s32
                0x200022c8                __wrap___aeabi_idiv
                0x200022d0                divmod_s32s32_unsafe
                0x200022fc                divmod_s32s32_savestate
 .text.__wrap___aeabi_uidiv
                0x20002318       0x4c CMakeFiles/usb.dir/C_/Users/ishar/.pico-sdk/sdk/2.2.0/src/rp2_common/pico_divider/divider_hardware.S.obj
                0x20002318                __wrap___aeabi_uidiv
                0x20002318                __wrap___aeabi_uidivmod
                0x20002318                div_u32u32
                0x20002318                divmod_u32u32
                0x20002320                divmod_u32u32_unsafe
                0x20002348                divmod_u32u32_savestate
 .text.__wrap___aeabi_ldiv
                0x20002364      0x424 CMakeFiles/usb.dir/C_/Users/ishar/.pico-sdk/sdk/2.2.0/src/rp2_common/pico_divider/divider_hardware.S.obj
                0x20002364                div_s64s64
                0x20002364                divmod_s64s64
                0x20002364                __wrap___aeabi_ldivmod
                0x20002394                divmod_u64u64
                0x20002394                div_u64u64
                0x20002394                __wrap___aeabi_uldivmod
                0x200023a4                divmod_u64u64_savestate
                0x200023c4                divmod_s64s64_unsafe
                0x2000244c                divmod_u64u64_unsafe
 .text.__wrap___aeabi_darithmetic
                0x20002788       0x80 CMakeFiles/usb.dir/C_/Users/ishar/.pico-sdk/sdk/2.2.0/src/rp2_common/pico_double/double_aeabi_rp2040.S.obj
                0x20002788                __wrap___aeabi_drsub
                0x2000278e                __wrap___aeabi_dsub
                0x200027a0                __wrap___aeabi_dadd
                0x200027b2                __wrap___aeabi_ddiv
                0x200027ee                __wrap___aeabi_dmul
 .text.__wrap___aeabi_cdcmple
                0x20002808       0x6c CMakeFiles/usb.dir/C_/Users/ishar/.pico-sdk/sdk/2.2.0/src/rp2_common/pico_double/double_aeabi_rp2040.S.obj
                0x20002808                __wrap___aeabi_cdrcmple
                0x20002818                __wrap___aeabi_cdcmpeq
                0x20002818                __wrap___aeabi_cdcmple
 .text.__wrap___aeabi_dcmplt
                0x20002874        0xc CMakeFiles/usb.dir/C_/Users/ishar/.pico-sdk/sdk/2.2.0/src/rp2_common/pico_double/double_aeabi_rp2040.S.obj
                0x20002874                __wrap___aeabi_dcmplt
 .text.__wrap___aeabi_dcmple
                0x20002880       0x10 CMakeFiles/usb.dir/C_/Users/ishar/.pico-sdk/sdk/2.2.0/src/rp2_common/pico_double/double_aeabi_rp2040.S.obj
                0x20002880                __wrap___aeabi_dcmple
 .text.__wrap___aeabi_dcmpge
                0x20002890       0x10 CMakeFiles/usb.dir/C_/Users/ishar/.pico-sdk/sdk/2.2.0/src/rp2_common/pico_double/double_aeabi_rp2040.S.obj
                0x20002890                __wrap___aeabi_dcmpge
 .text.__wrap___aeabi_dcmpgt
                0x200028a0        0xa CMakeFiles/usb.dir/C_/Users/ishar/.pico-sdk/sdk/2.2.0/src/rp2_common/pico_double/double_aeabi_rp2040.S.obj
                0x200028a0                __wrap___aeabi_dcmpgt
 .text.__wrap___aeabi_dcmpun
                0x200028aa       0x18 CMakeFiles/usb.dir/C_/Users/ishar/.pico-sdk/sdk/2.2.0/src/rp2_common/pico_double/double_aeabi_rp2040.S.obj
                0x200028aa                __wrap___aeabi_dcmpun
 *fill*         0x200028c2        0x2 
 .text.__wrap___aeabi_i2d
                0x200028c4       0x38 CMakeFiles/usb.dir/C_/Users/ishar/.pico-sdk/sdk/2.2.0/src/rp2_common/pico_double/double_aeabi_rp2040.S.obj
                0x200028c4                uint2double
                0x200028c4                __wrap___aeabi_ui2d
                0x200028cc                int2double
                0x200028cc                __wrap___aeabi_i2d
 .text.__wrap___aeabi_d2iz
                0x200028fc       0x48 CMakeFiles/usb.dir/C_/Users/ishar/.pico-sdk/sdk/2.2.0/src/rp2_common/pico_double/double_aeabi_rp2040.S.obj
                0x200028fc                double2int_z
                0x200028fc                __wrap___aeabi_d2iz
 .text.__wrap___aeabi_d2uiz
                0x20002944       0x18 CMakeFiles/usb.dir/C_/Users/ishar/.pico-sdk/sdk/2.2.0/src/rp2_common/pico_double/double_aeabi_rp2040.S.obj
                0x20002944                double2uint
                0x20002944                __wrap___aeabi_d2uiz
                0x20002944                double2uint_z
 .text.__aeabi_double_init
                0x2000295c       0xcc CMakeFiles/usb.dir/C_/Users/ishar/.pico-sdk/sdk/2.2.0/src/rp2_common/pico_double/double_init_rom_rp2040.c.obj
                0x2000295c                __aeabi_double_init
 .text.double_table_shim_on_use_helper
                0x20002a28       0x34 CMakeFiles/usb.dir/C_/Users/ishar/.pico-sdk/sdk/2.2.0/src/rp2_common/pico_double/double_v1_rom_shim_rp2040.S.obj
                0x20002a28                double_table_shim_on_use_helper
 .text.__wrap___aeabi_dsub
                0x20002a5c       0x10 CMakeFiles/usb.dir/C_/Users/ishar/.pico-sdk/sdk/2.2.0/src/rp2_common/pico_double/double_v1_rom_shim_rp2040.S.obj
                0x20002a5c                drsub_shim
                0x20002a62                dsub_shim
 .text.dadd_shim
                0x20002a6c      0x15c CMakeFiles/usb.dir/C_/Users/ishar/.pico-sdk/sdk/2.2.0/src/rp2_common/pico_double/double_v1_rom_shim_rp2040.S.obj
                0x20002a6c                dadd_shim
 .text.dmul_shim
                0x20002bc8      0x15c CMakeFiles/usb.dir/C_/Users/ishar/.pico-sdk/sdk/2.2.0/src/rp2_common/pico_double/double_v1_rom_shim_rp2040.S.obj
                0x20002bc8                dmul_shim
 .text.ddiv_shim
                0x20002d24      0x1b0 CMakeFiles/usb.dir/C_/Users/ishar/.pico-sdk/sdk/2.2.0/src/rp2_common/pico_double/double_v1_rom_shim_rp2040.S.obj
                0x20002d24                ddiv_shim
 .text.double2uint_shim
                0x20002ed4        0xe CMakeFiles/usb.dir/C_/Users/ishar/.pico-sdk/sdk/2.2.0/src/rp2_common/pico_double/double_v1_rom_shim_rp2040.S.obj
                0x20002ed4                double2uint_shim
                0x20002ed6                double2ufix_shim
 *fill*         0x20002ee2        0x2 
 .text.double2uint64_shim
                0x20002ee4       0x70 CMakeFiles/usb.dir/C_/Users/ishar/.pico-sdk/sdk/2.2.0/src/rp2_common/pico_double/double_v1_rom_shim_rp2040.S.obj
                0x20002ee4                double2uint64_shim
                0x20002ee6                double2ufix64_shim
                0x20002f06                d2fix_a
 .text.dunpacks
                0x20002f54       0x3c CMakeFiles/usb.dir/C_/Users/ishar/.pico-sdk/sdk/2.2.0/src/rp2_common/pico_double/double_v1_rom_shim_rp2040.S.obj
                0x20002f54                dunpacks
 .text.__aeabi_lmul
                0x20002f90       0x32 CMakeFiles/usb.dir/C_/Users/ishar/.pico-sdk/sdk/2.2.0/src/rp2_common/pico_int64_ops/pico_int64_ops_aeabi.S.obj
                0x20002f90                __wrap___aeabi_lmul
 *fill*         0x20002fc2        0x2 
 .text.__aeabi_float_init
                0x20002fc4       0xfc CMakeFiles/usb.dir/C_/Users/ishar/.pico-sdk/sdk/2.2.0/src/rp2_common/pico_float/float_init_rom_rp2040.c.obj
                0x20002fc4                __aeabi_float_init
 .text.float_table_shim_on_use_helper
                0x200030c0       0x34 CMakeFiles/usb.dir/C_/Users/ishar/.pico-sdk/sdk/2.2.0/src/rp2_common/pico_float/float_v1_rom_shim_rp2040.S.obj
                0x200030c0                float_table_shim_on_use_helper
 .text          0x200030f4       0x10 CMakeFiles/usb.dir/C_/Users/ishar/.pico-sdk/sdk/2.2.0/src/rp2_common/pico_mem_ops/mem_ops_aeabi.S.obj
                0x200030f4                __aeabi_mem_init
 .text.memset   0x20003104        0xc CMakeFiles/usb.dir/C_/Users/ishar/.pico-sdk/sdk/2.2.0/src/rp2_common/pico_mem_ops/mem_ops_aeabi.S.obj
                0x20003104                __wrap_memset
 .text.memcpy   0x20003110        0xc CMakeFiles/usb.dir/C_/Users/ishar/.pico-sdk/sdk/2.2.0/src/rp2_common/pico_mem_ops/mem_ops_aeabi.S.obj
                0x20003110                __wrap_memcpy
                0x20003110                __wrap___aeabi_memcpy
 .text._out_null
                0x2000311c        0x2 CMakeFiles/usb.dir/C_/Users/ishar/.pico-sdk/sdk/2.2.0/src/rp2_common/pico_printf/printf.c.obj
 .text._out_fct
                0x2000311e        0xe CMakeFiles/usb.dir/C_/Users/ishar/.pico-sdk/sdk/2.2.0/src/rp2_common/pico_printf/printf.c.obj
 .text._atoi    0x2000312c       0x24 CMakeFiles/usb.dir/C_/Users/ishar/.pico-sdk/sdk/2.2.0/src/rp2_common/pico_printf/printf.c.obj
 .text._out_rev
                0x20003150       0xba CMakeFiles/usb.dir/C_/Users/ishar/.pico-sdk/sdk/2.2.0/src/rp2_common/pico_printf/printf.c.obj
 .text._ntoa_format
                0x2000320a      0x116 CMakeFiles/usb.dir/C_/Users/ishar/.pico-sdk/sdk/2.2.0/src/rp2_common/pico_printf/printf.c.obj
 .text._ntoa_long
                0x20003320       0xb8 CMakeFiles/usb.dir/C_/Users/ishar/.pico-sdk/sdk/2.2.0/src/rp2_common/pico_printf/printf.c.obj
 .text._ntoa_long_long
                0x200033d8       0xf8 CMakeFiles/usb.dir/C_/Users/ishar/.pico-sdk/sdk/2.2.0/src/rp2_common/pico_printf/printf.c.obj
 .text._etoa    0x200034d0      0x448 CMakeFiles/usb.dir/C_/Users/ishar/.pico-sdk/sdk/2.2.0/src/rp2_common/pico_printf/printf.c.obj
 .text._ftoa    0x20003918      0x340 CMakeFiles/usb.dir/C_/Users/ishar/.pico-sdk/sdk/2.2.0/src/rp2_common/pico_printf/printf.c.obj
 .text._vsnprintf
                0x20003c58      0x684 CMakeFiles/usb.dir/C_/Users/ishar/.pico-sdk/sdk/2.2.0/src/rp2_common/pico_printf/printf.c.obj
 .text.vfctprintf
                0x200042dc       0x28 CMakeFiles/usb.dir/C_/Users/ishar/.pico-sdk/sdk/2.2.0/src/rp2_common/pico_printf/printf.c.obj
                0x200042dc                vfctprintf
 .text._exit    0x20004304        0x4 CMakeFiles/usb.dir/C_/Users/ishar/.pico-sdk/sdk/2.2.0/src/rp2_common/pico_clib_interface/newlib_interface.c.obj
                0x20004304                _exit
 .text.exit     0x20004308        0x6 CMakeFiles/usb.dir/C_/Users/ishar/.pico-sdk/sdk/2.2.0/src/rp2_common/pico_clib_interface/newlib_interface.c.obj
                0x20004308                exit
 *fill*         0x2000430e        0x2 
 .text.__assert_func
                0x20004310       0x38 CMakeFiles/usb.dir/C_/Users/ishar/.pico-sdk/sdk/2.2.0/src/rp2_common/pico_clib_interface/newlib_interface.c.obj
                0x20004310                __assert_func
 .text.runtime_init
                0x20004348       0x28 CMakeFiles/usb.dir/C_/Users/ishar/.pico-sdk/sdk/2.2.0/src/rp2_common/pico_clib_interface/newlib_interface.c.obj
                0x20004348                runtime_init
 .text.stdio_out_chars_no_crlf
                0x20004370        0xe CMakeFiles/usb.dir/C_/Users/ishar/.pico-sdk/sdk/2.2.0/src/rp2_common/pico_stdio/stdio.c.obj
 *fill*         0x2000437e        0x2 
 .text.stdio_out_chars_crlf
                0x20004380       0x7c CMakeFiles/usb.dir/C_/Users/ishar/.pico-sdk/sdk/2.2.0/src/rp2_common/pico_stdio/stdio.c.obj
 .text.stdio_stack_buffer_flush
                0x200043fc       0x44 CMakeFiles/usb.dir/C_/Users/ishar/.pico-sdk/sdk/2.2.0/src/rp2_common/pico_stdio/stdio.c.obj
 .text.stdio_buffered_printer
                0x20004440       0x20 CMakeFiles/usb.dir/C_/Users/ishar/.pico-sdk/sdk/2.2.0/src/rp2_common/pico_stdio/stdio.c.obj
 .text.stdout_serialize_begin
                0x20004460       0x30 CMakeFiles/usb.dir/C_/Users/ishar/.pico-sdk/sdk/2.2.0/src/rp2_common/pico_stdio/stdio.c.obj
                0x20004460                stdout_serialize_begin
 .text.stdout_serialize_end
                0x20004490       0x10 CMakeFiles/usb.dir/C_/Users/ishar/.pico-sdk/sdk/2.2.0/src/rp2_common/pico_stdio/stdio.c.obj
                0x20004490                stdout_serialize_end
 .text.stdio_put_string
                0x200044a0       0x94 CMakeFiles/usb.dir/C_/Users/ishar/.pico-sdk/sdk/2.2.0/src/rp2_common/pico_stdio/stdio.c.obj
                0x200044a0                stdio_put_string
 .text.stdio_set_driver_enabled
                0x20004534       0x30 CMakeFiles/usb.dir/C_/Users/ishar/.pico-sdk/sdk/2.2.0/src/rp2_common/pico_stdio/stdio.c.obj
                0x20004534                stdio_set_driver_enabled
 .text.stdio_flush
                0x20004564       0x20 CMakeFiles/usb.dir/C_/Users/ishar/.pico-sdk/sdk/2.2.0/src/rp2_common/pico_stdio/stdio.c.obj
                0x20004564                stdio_flush
 .text.stdio_init_all
                0x20004584        0x8 CMakeFiles/usb.dir/C_/Users/ishar/.pico-sdk/sdk/2.2.0/src/rp2_common/pico_stdio/stdio.c.obj
                0x20004584                stdio_init_all
 .text.__wrap_puts
                0x2000458c       0x1e CMakeFiles/usb.dir/C_/Users/ishar/.pico-sdk/sdk/2.2.0/src/rp2_common/pico_stdio/stdio.c.obj
                0x2000458c                stdio_puts
                0x2000458c                __wrap_puts
 *fill*         0x200045aa        0x2 
 .text.__wrap_vprintf
                0x200045ac       0x40 CMakeFiles/usb.dir/C_/Users/ishar/.pico-sdk/sdk/2.2.0/src/rp2_common/pico_stdio/stdio.c.obj
                0x200045ac                stdio_vprintf
                0x200045ac                __wrap_vprintf
 .text.__wrap_printf
                0x200045ec       0x18 CMakeFiles/usb.dir/C_/Users/ishar/.pico-sdk/sdk/2.2.0/src/rp2_common/pico_stdio/stdio.c.obj
                0x200045ec                __wrap_printf
                0x200045ec                stdio_printf
 .text.resetd_init
                0x20004604        0x2 CMakeFiles/usb.dir/C_/Users/ishar/.pico-sdk/sdk/2.2.0/src/rp2_common/pico_stdio_usb/reset_interface.c.obj
 *fill*         0x20004606        0x2 
 .text.resetd_reset
                0x20004608        0xc CMakeFiles/usb.dir/C_/Users/ishar/.pico-sdk/sdk/2.2.0/src/rp2_common/pico_stdio_usb/reset_interface.c.obj
 .text.resetd_open
                0x20004614       0x34 CMakeFiles/usb.dir/C_/Users/ishar/.pico-sdk/sdk/2.2.0/src/rp2_common/pico_stdio_usb/reset_interface.c.obj
 .text.resetd_xfer_cb
                0x20004648        0x4 CMakeFiles/usb.dir/C_/Users/ishar/.pico-sdk/sdk/2.2.0/src/rp2_common/pico_stdio_usb/reset_interface.c.obj
 .text.resetd_control_xfer_cb
                0x2000464c       0x60 CMakeFiles/usb.dir/C_/Users/ishar/.pico-sdk/sdk/2.2.0/src/rp2_common/pico_stdio_usb/reset_interface.c.obj
 .text.tud_descriptor_bos_cb
                0x200046ac        0x8 CMakeFiles/usb.dir/C_/Users/ishar/.pico-sdk/sdk/2.2.0/src/rp2_common/pico_stdio_usb/reset_interface.c.obj
                0x200046ac                tud_descriptor_bos_cb
 .text.tud_vendor_control_xfer_cb
                0x200046b4       0x3c CMakeFiles/usb.dir/C_/Users/ishar/.pico-sdk/sdk/2.2.0/src/rp2_common/pico_stdio_usb/reset_interface.c.obj
                0x200046b4                tud_vendor_control_xfer_cb
 .text.usbd_app_driver_get_cb
                0x200046f0        0xc CMakeFiles/usb.dir/C_/Users/ishar/.pico-sdk/sdk/2.2.0/src/rp2_common/pico_stdio_usb/reset_interface.c.obj
                0x200046f0                usbd_app_driver_get_cb
 .text.tud_cdc_line_coding_cb
                0x200046fc       0x2c CMakeFiles/usb.dir/C_/Users/ishar/.pico-sdk/sdk/2.2.0/src/rp2_common/pico_stdio_usb/reset_interface.c.obj
                0x200046fc                tud_cdc_line_coding_cb
 .text.stdio_usb_set_chars_available_callback
                0x20004728       0x14 CMakeFiles/usb.dir/C_/Users/ishar/.pico-sdk/sdk/2.2.0/src/rp2_common/pico_stdio_usb/stdio_usb.c.obj
                0x20004728                stdio_usb_set_chars_available_callback
 .text.stdio_usb_out_flush
                0x2000473c       0x4c CMakeFiles/usb.dir/C_/Users/ishar/.pico-sdk/sdk/2.2.0/src/rp2_common/pico_stdio_usb/stdio_usb.c.obj
 .text.usb_irq  0x20004788       0x10 CMakeFiles/usb.dir/C_/Users/ishar/.pico-sdk/sdk/2.2.0/src/rp2_common/pico_stdio_usb/stdio_usb.c.obj
 .text.timer_task
                0x20004798       0x78 CMakeFiles/usb.dir/C_/Users/ishar/.pico-sdk/sdk/2.2.0/src/rp2_common/pico_stdio_usb/stdio_usb.c.obj
 .text.alarm_pool_add_alarm_in_us
                0x20004810       0x40 CMakeFiles/usb.dir/C_/Users/ishar/.pico-sdk/sdk/2.2.0/src/rp2_common/pico_stdio_usb/stdio_usb.c.obj
 .text.add_alarm_in_us
                0x20004850       0x2e CMakeFiles/usb.dir/C_/Users/ishar/.pico-sdk/sdk/2.2.0/src/rp2_common/pico_stdio_usb/stdio_usb.c.obj
 *fill*         0x2000487e        0x2 
 .text.low_priority_worker_irq
                0x20004880       0xa8 CMakeFiles/usb.dir/C_/Users/ishar/.pico-sdk/sdk/2.2.0/src/rp2_common/pico_stdio_usb/stdio_usb.c.obj
 .text.stdio_usb_init
                0x20004928       0xe0 CMakeFiles/usb.dir/C_/Users/ishar/.pico-sdk/sdk/2.2.0/src/rp2_common/pico_stdio_usb/stdio_usb.c.obj
                0x20004928                stdio_usb_init
 .text.stdio_usb_connected
                0x20004a08        0xa CMakeFiles/usb.dir/C_/Users/ishar/.pico-sdk/sdk/2.2.0/src/rp2_common/pico_stdio_usb/stdio_usb.c.obj
                0x20004a08                stdio_usb_connected
 *fill*         0x20004a12        0x2 
 .text.stdio_usb_in_chars
                0x20004a14       0xa0 CMakeFiles/usb.dir/C_/Users/ishar/.pico-sdk/sdk/2.2.0/src/rp2_common/pico_stdio_usb/stdio_usb.c.obj
                0x20004a14                stdio_usb_in_chars
 .text.stdio_usb_out_chars
                0x20004ab4       0xe8 CMakeFiles/usb.dir/C_/Users/ishar/.pico-sdk/sdk/2.2.0/src/rp2_common/pico_stdio_usb/stdio_usb.c.obj
 .text.tud_descriptor_device_cb
                0x20004b9c        0x8 CMakeFiles/usb.dir/C_/Users/ishar/.pico-sdk/sdk/2.2.0/src/rp2_common/pico_stdio_usb/stdio_usb_descriptors.c.obj
                0x20004b9c                tud_descriptor_device_cb
 .text.tud_descriptor_configuration_cb
                0x20004ba4        0x8 CMakeFiles/usb.dir/C_/Users/ishar/.pico-sdk/sdk/2.2.0/src/rp2_common/pico_stdio_usb/stdio_usb_descriptors.c.obj
                0x20004ba4                tud_descriptor_configuration_cb
 .text.tud_descriptor_string_cb
                0x20004bac       0x6c CMakeFiles/usb.dir/C_/Users/ishar/.pico-sdk/sdk/2.2.0/src/rp2_common/pico_stdio_usb/stdio_usb_descriptors.c.obj
                0x20004bac                tud_descriptor_string_cb
 .text._retrieve_unique_id_on_boot
                0x20004c18       0x18 CMakeFiles/usb.dir/C_/Users/ishar/.pico-sdk/sdk/2.2.0/src/rp2_common/pico_unique_id/unique_id.c.obj
 .text.pico_get_unique_board_id_string
                0x20004c30       0x58 CMakeFiles/usb.dir/C_/Users/ishar/.pico-sdk/sdk/2.2.0/src/rp2_common/pico_unique_id/unique_id.c.obj
                0x20004c30                pico_get_unique_board_id_string
 .text.hw_endpoint_init
                0x20004c88       0xd0 CMakeFiles/usb.dir/C_/Users/ishar/.pico-sdk/sdk/2.2.0/lib/tinyusb/src/portable/raspberrypi/rp2040/dcd_rp2040.c.obj
 .text.hw_endpoint_alloc
                0x20004d58       0x48 CMakeFiles/usb.dir/C_/Users/ishar/.pico-sdk/sdk/2.2.0/lib/tinyusb/src/portable/raspberrypi/rp2040/dcd_rp2040.c.obj
 .text.hw_endpoint_open
                0x20004da0       0x54 CMakeFiles/usb.dir/C_/Users/ishar/.pico-sdk/sdk/2.2.0/lib/tinyusb/src/portable/raspberrypi/rp2040/dcd_rp2040.c.obj
 .text.hw_endpoint_xfer
                0x20004df4       0x20 CMakeFiles/usb.dir/C_/Users/ishar/.pico-sdk/sdk/2.2.0/lib/tinyusb/src/portable/raspberrypi/rp2040/dcd_rp2040.c.obj
 .text.dcd_int_enable
                0x20004e14       0x2c CMakeFiles/usb.dir/C_/Users/ishar/.pico-sdk/sdk/2.2.0/lib/tinyusb/src/portable/raspberrypi/rp2040/dcd_rp2040.c.obj
                0x20004e14                dcd_int_enable
 .text.dcd_set_address
                0x20004e40       0x2c CMakeFiles/usb.dir/C_/Users/ishar/.pico-sdk/sdk/2.2.0/lib/tinyusb/src/portable/raspberrypi/rp2040/dcd_rp2040.c.obj
                0x20004e40                dcd_set_address
 .text.dcd_connect
                0x20004e6c       0x10 CMakeFiles/usb.dir/C_/Users/ishar/.pico-sdk/sdk/2.2.0/lib/tinyusb/src/portable/raspberrypi/rp2040/dcd_rp2040.c.obj
                0x20004e6c                dcd_connect
 .text.dcd_init
                0x20004e7c       0x80 CMakeFiles/usb.dir/C_/Users/ishar/.pico-sdk/sdk/2.2.0/lib/tinyusb/src/portable/raspberrypi/rp2040/dcd_rp2040.c.obj
                0x20004e7c                dcd_init
 .text.dcd_sof_enable
                0x20004efc       0x1c CMakeFiles/usb.dir/C_/Users/ishar/.pico-sdk/sdk/2.2.0/lib/tinyusb/src/portable/raspberrypi/rp2040/dcd_rp2040.c.obj
                0x20004efc                dcd_sof_enable
 .text.dcd_edpt0_status_complete
                0x20004f18       0x2c CMakeFiles/usb.dir/C_/Users/ishar/.pico-sdk/sdk/2.2.0/lib/tinyusb/src/portable/raspberrypi/rp2040/dcd_rp2040.c.obj
                0x20004f18                dcd_edpt0_status_complete
 .text.dcd_edpt_open
                0x20004f44       0x26 CMakeFiles/usb.dir/C_/Users/ishar/.pico-sdk/sdk/2.2.0/lib/tinyusb/src/portable/raspberrypi/rp2040/dcd_rp2040.c.obj
                0x20004f44                dcd_edpt_open
 .text.dcd_edpt_close_all
                0x20004f6a        0x8 CMakeFiles/usb.dir/C_/Users/ishar/.pico-sdk/sdk/2.2.0/lib/tinyusb/src/portable/raspberrypi/rp2040/dcd_rp2040.c.obj
                0x20004f6a                dcd_edpt_close_all
 *fill*         0x20004f72        0x2 
 .text.dcd_edpt_xfer
                0x20004f74       0x34 CMakeFiles/usb.dir/C_/Users/ishar/.pico-sdk/sdk/2.2.0/lib/tinyusb/src/portable/raspberrypi/rp2040/dcd_rp2040.c.obj
                0x20004f74                dcd_edpt_xfer
 .text.dcd_edpt_stall
                0x20004fa8       0x3c CMakeFiles/usb.dir/C_/Users/ishar/.pico-sdk/sdk/2.2.0/lib/tinyusb/src/portable/raspberrypi/rp2040/dcd_rp2040.c.obj
                0x20004fa8                dcd_edpt_stall
 .text.dcd_edpt_clear_stall
                0x20004fe4       0x30 CMakeFiles/usb.dir/C_/Users/ishar/.pico-sdk/sdk/2.2.0/lib/tinyusb/src/portable/raspberrypi/rp2040/dcd_rp2040.c.obj
                0x20004fe4                dcd_edpt_clear_stall
 .text.unaligned_memcpy
                0x20005014       0x14 CMakeFiles/usb.dir/C_/Users/ishar/.pico-sdk/sdk/2.2.0/lib/tinyusb/src/portable/raspberrypi/rp2040/rp2040_usb.c.obj
 .text.rp2040_usb_init
                0x20005028       0x44 CMakeFiles/usb.dir/C_/Users/ishar/.pico-sdk/sdk/2.2.0/lib/tinyusb/src/portable/raspberrypi/rp2040/rp2040_usb.c.obj
                0x20005028                rp2040_usb_init
 .text.hw_endpoint_xfer_start
                0x2000506c       0x50 CMakeFiles/usb.dir/C_/Users/ishar/.pico-sdk/sdk/2.2.0/lib/tinyusb/src/portable/raspberrypi/rp2040/rp2040_usb.c.obj
                0x2000506c                hw_endpoint_xfer_start
 .text.configuration_reset
                0x200050bc       0x6c CMakeFiles/usb.dir/C_/Users/ishar/.pico-sdk/sdk/2.2.0/lib/tinyusb/src/device/usbd.c.obj
 .text.usbd_reset
                0x20005128        0xc CMakeFiles/usb.dir/C_/Users/ishar/.pico-sdk/sdk/2.2.0/lib/tinyusb/src/device/usbd.c.obj
 .text.invoke_class_control
                0x20005134       0x1a CMakeFiles/usb.dir/C_/Users/ishar/.pico-sdk/sdk/2.2.0/lib/tinyusb/src/device/usbd.c.obj
 *fill*         0x2000514e        0x2 
 .text.process_set_config
                0x20005150      0x164 CMakeFiles/usb.dir/C_/Users/ishar/.pico-sdk/sdk/2.2.0/lib/tinyusb/src/device/usbd.c.obj
 .text.tud_event_hook_cb
                0x200052b4        0x2 CMakeFiles/usb.dir/C_/Users/ishar/.pico-sdk/sdk/2.2.0/lib/tinyusb/src/device/usbd.c.obj
                0x200052b4                tud_event_hook_cb
 .text.tud_sof_cb
                0x200052b6        0x2 CMakeFiles/usb.dir/C_/Users/ishar/.pico-sdk/sdk/2.2.0/lib/tinyusb/src/device/usbd.c.obj
                0x200052b6                tud_sof_cb
 .text.tud_descriptor_device_qualifier_cb
                0x200052b8        0x4 CMakeFiles/usb.dir/C_/Users/ishar/.pico-sdk/sdk/2.2.0/lib/tinyusb/src/device/usbd.c.obj
                0x200052b8                tud_descriptor_device_qualifier_cb
 .text.tud_descriptor_other_speed_configuration_cb
                0x200052bc        0x4 CMakeFiles/usb.dir/C_/Users/ishar/.pico-sdk/sdk/2.2.0/lib/tinyusb/src/device/usbd.c.obj
                0x200052bc                tud_descriptor_other_speed_configuration_cb
 .text.process_get_descriptor
                0x200052c0       0xce CMakeFiles/usb.dir/C_/Users/ishar/.pico-sdk/sdk/2.2.0/lib/tinyusb/src/device/usbd.c.obj
 .text.tud_mount_cb
                0x2000538e        0x2 CMakeFiles/usb.dir/C_/Users/ishar/.pico-sdk/sdk/2.2.0/lib/tinyusb/src/device/usbd.c.obj
                0x2000538e                tud_mount_cb
 .text.tud_umount_cb
                0x20005390        0x2 CMakeFiles/usb.dir/C_/Users/ishar/.pico-sdk/sdk/2.2.0/lib/tinyusb/src/device/usbd.c.obj
                0x20005390                tud_umount_cb
 .text.tud_suspend_cb
                0x20005392        0x2 CMakeFiles/usb.dir/C_/Users/ishar/.pico-sdk/sdk/2.2.0/lib/tinyusb/src/device/usbd.c.obj
                0x20005392                tud_suspend_cb
 .text.tud_resume_cb
                0x20005394        0x2 CMakeFiles/usb.dir/C_/Users/ishar/.pico-sdk/sdk/2.2.0/lib/tinyusb/src/device/usbd.c.obj
                0x20005394                tud_resume_cb
 *fill*         0x20005396        0x2 
 .text.tud_mounted
                0x20005398       0x10 CMakeFiles/usb.dir/C_/Users/ishar/.pico-sdk/sdk/2.2.0/lib/tinyusb/src/device/usbd.c.obj
                0x20005398                tud_mounted
 .text.tud_suspended
                0x200053a8       0x10 CMakeFiles/usb.dir/C_/Users/ishar/.pico-sdk/sdk/2.2.0/lib/tinyusb/src/device/usbd.c.obj
                0x200053a8                tud_suspended
 .text.tud_inited
                0x200053b8       0x14 CMakeFiles/usb.dir/C_/Users/ishar/.pico-sdk/sdk/2.2.0/lib/tinyusb/src/device/usbd.c.obj
                0x200053b8                tud_inited
 .text.tud_rhport_init
                0x200053cc       0xd4 CMakeFiles/usb.dir/C_/Users/ishar/.pico-sdk/sdk/2.2.0/lib/tinyusb/src/device/usbd.c.obj
                0x200053cc                tud_rhport_init
 .text.usbd_edpt_open
                0x200054a0       0x34 CMakeFiles/usb.dir/C_/Users/ishar/.pico-sdk/sdk/2.2.0/lib/tinyusb/src/device/usbd.c.obj
                0x200054a0                usbd_edpt_open
 .text.usbd_open_edpt_pair
                0x200054d4       0x5a CMakeFiles/usb.dir/C_/Users/ishar/.pico-sdk/sdk/2.2.0/lib/tinyusb/src/device/usbd.c.obj
                0x200054d4                usbd_open_edpt_pair
 *fill*         0x2000552e        0x2 
 .text.usbd_edpt_claim
                0x20005530       0x28 CMakeFiles/usb.dir/C_/Users/ishar/.pico-sdk/sdk/2.2.0/lib/tinyusb/src/device/usbd.c.obj
                0x20005530                usbd_edpt_claim
 .text.usbd_edpt_release
                0x20005558       0x28 CMakeFiles/usb.dir/C_/Users/ishar/.pico-sdk/sdk/2.2.0/lib/tinyusb/src/device/usbd.c.obj
                0x20005558                usbd_edpt_release
 .text.usbd_edpt_xfer
                0x20005580       0x7c CMakeFiles/usb.dir/C_/Users/ishar/.pico-sdk/sdk/2.2.0/lib/tinyusb/src/device/usbd.c.obj
                0x20005580                usbd_edpt_xfer
 .text.usbd_edpt_stall
                0x200055fc       0x34 CMakeFiles/usb.dir/C_/Users/ishar/.pico-sdk/sdk/2.2.0/lib/tinyusb/src/device/usbd.c.obj
                0x200055fc                usbd_edpt_stall
 .text.usbd_edpt_clear_stall
                0x20005630       0x34 CMakeFiles/usb.dir/C_/Users/ishar/.pico-sdk/sdk/2.2.0/lib/tinyusb/src/device/usbd.c.obj
                0x20005630                usbd_edpt_clear_stall
 .text.usbd_edpt_stalled
                0x20005664       0x1c CMakeFiles/usb.dir/C_/Users/ishar/.pico-sdk/sdk/2.2.0/lib/tinyusb/src/device/usbd.c.obj
                0x20005664                usbd_edpt_stalled
 .text.process_control_request
                0x20005680      0x384 CMakeFiles/usb.dir/C_/Users/ishar/.pico-sdk/sdk/2.2.0/lib/tinyusb/src/device/usbd.c.obj
 .text.tud_task_ext
                0x20005a04      0x1c0 CMakeFiles/usb.dir/C_/Users/ishar/.pico-sdk/sdk/2.2.0/lib/tinyusb/src/device/usbd.c.obj
                0x20005a04                tud_task_ext
 .text.status_stage_xact
                0x20005bc4       0x1a CMakeFiles/usb.dir/C_/Users/ishar/.pico-sdk/sdk/2.2.0/lib/tinyusb/src/device/usbd_control.c.obj
 *fill*         0x20005bde        0x2 
 .text.data_stage_xact
                0x20005be0       0x60 CMakeFiles/usb.dir/C_/Users/ishar/.pico-sdk/sdk/2.2.0/lib/tinyusb/src/device/usbd_control.c.obj
 .text.tud_control_status
                0x20005c40       0x28 CMakeFiles/usb.dir/C_/Users/ishar/.pico-sdk/sdk/2.2.0/lib/tinyusb/src/device/usbd_control.c.obj
                0x20005c40                tud_control_status
 .text.tud_control_xfer
                0x20005c68       0x64 CMakeFiles/usb.dir/C_/Users/ishar/.pico-sdk/sdk/2.2.0/lib/tinyusb/src/device/usbd_control.c.obj
                0x20005c68                tud_control_xfer
 .text.usbd_control_reset
                0x20005ccc       0x14 CMakeFiles/usb.dir/C_/Users/ishar/.pico-sdk/sdk/2.2.0/lib/tinyusb/src/device/usbd_control.c.obj
                0x20005ccc                usbd_control_reset
 .text.usbd_control_set_complete_callback
                0x20005ce0        0xc CMakeFiles/usb.dir/C_/Users/ishar/.pico-sdk/sdk/2.2.0/lib/tinyusb/src/device/usbd_control.c.obj
                0x20005ce0                usbd_control_set_complete_callback
 .text.usbd_control_set_request
                0x20005cec       0x1c CMakeFiles/usb.dir/C_/Users/ishar/.pico-sdk/sdk/2.2.0/lib/tinyusb/src/device/usbd_control.c.obj
                0x20005cec                usbd_control_set_request
 .text.usbd_control_xfer_cb
                0x20005d08       0xb0 CMakeFiles/usb.dir/C_/Users/ishar/.pico-sdk/sdk/2.2.0/lib/tinyusb/src/device/usbd_control.c.obj
                0x20005d08                usbd_control_xfer_cb
 .text._prep_out_transaction
                0x20005db8       0x98 CMakeFiles/usb.dir/C_/Users/ishar/.pico-sdk/sdk/2.2.0/lib/tinyusb/src/class/cdc/cdc_device.c.obj
 .text.tud_cdc_n_connected
                0x20005e50       0x34 CMakeFiles/usb.dir/C_/Users/ishar/.pico-sdk/sdk/2.2.0/lib/tinyusb/src/class/cdc/cdc_device.c.obj
                0x20005e50                tud_cdc_n_connected
 .text.tud_cdc_n_available
                0x20005e84       0x18 CMakeFiles/usb.dir/C_/Users/ishar/.pico-sdk/sdk/2.2.0/lib/tinyusb/src/class/cdc/cdc_device.c.obj
                0x20005e84                tud_cdc_n_available
 .text.tud_cdc_n_read
                0x20005e9c       0x38 CMakeFiles/usb.dir/C_/Users/ishar/.pico-sdk/sdk/2.2.0/lib/tinyusb/src/class/cdc/cdc_device.c.obj
                0x20005e9c                tud_cdc_n_read
 .text.tud_cdc_n_write_flush
                0x20005ed4       0x94 CMakeFiles/usb.dir/C_/Users/ishar/.pico-sdk/sdk/2.2.0/lib/tinyusb/src/class/cdc/cdc_device.c.obj
                0x20005ed4                tud_cdc_n_write_flush
 .text.tud_cdc_n_write
                0x20005f68       0x48 CMakeFiles/usb.dir/C_/Users/ishar/.pico-sdk/sdk/2.2.0/lib/tinyusb/src/class/cdc/cdc_device.c.obj
                0x20005f68                tud_cdc_n_write
 .text.tud_cdc_n_write_available
                0x20005fb0       0x18 CMakeFiles/usb.dir/C_/Users/ishar/.pico-sdk/sdk/2.2.0/lib/tinyusb/src/class/cdc/cdc_device.c.obj
                0x20005fb0                tud_cdc_n_write_available
 .text.cdcd_init
                0x20005fc8       0xa4 CMakeFiles/usb.dir/C_/Users/ishar/.pico-sdk/sdk/2.2.0/lib/tinyusb/src/class/cdc/cdc_device.c.obj
                0x20005fc8                cdcd_init
 .text.cdcd_deinit
                0x2000606c       0x4c CMakeFiles/usb.dir/C_/Users/ishar/.pico-sdk/sdk/2.2.0/lib/tinyusb/src/class/cdc/cdc_device.c.obj
                0x2000606c                cdcd_deinit
 .text.cdcd_reset
                0x200060b8       0x70 CMakeFiles/usb.dir/C_/Users/ishar/.pico-sdk/sdk/2.2.0/lib/tinyusb/src/class/cdc/cdc_device.c.obj
                0x200060b8                cdcd_reset
 .text.cdcd_open
                0x20006128       0xd8 CMakeFiles/usb.dir/C_/Users/ishar/.pico-sdk/sdk/2.2.0/lib/tinyusb/src/class/cdc/cdc_device.c.obj
                0x20006128                cdcd_open
 .text.cdcd_control_xfer_cb
                0x20006200      0x148 CMakeFiles/usb.dir/C_/Users/ishar/.pico-sdk/sdk/2.2.0/lib/tinyusb/src/class/cdc/cdc_device.c.obj
                0x20006200                cdcd_control_xfer_cb
 .text.cdcd_xfer_cb
                0x20006348      0x138 CMakeFiles/usb.dir/C_/Users/ishar/.pico-sdk/sdk/2.2.0/lib/tinyusb/src/class/cdc/cdc_device.c.obj
                0x20006348                cdcd_xfer_cb
 .text.tud_vendor_n_mounted
                0x20006480       0x3c CMakeFiles/usb.dir/C_/Users/ishar/.pico-sdk/sdk/2.2.0/lib/tinyusb/src/class/vendor/vendor_device.c.obj
                0x20006480                tud_vendor_n_mounted
 .text.tud_vendor_n_write_flush
                0x200064bc       0x20 CMakeFiles/usb.dir/C_/Users/ishar/.pico-sdk/sdk/2.2.0/lib/tinyusb/src/class/vendor/vendor_device.c.obj
                0x200064bc                tud_vendor_n_write_flush
 .text.vendord_init
                0x200064dc       0x8c CMakeFiles/usb.dir/C_/Users/ishar/.pico-sdk/sdk/2.2.0/lib/tinyusb/src/class/vendor/vendor_device.c.obj
                0x200064dc                vendord_init
 .text.vendord_deinit
                0x20006568       0x34 CMakeFiles/usb.dir/C_/Users/ishar/.pico-sdk/sdk/2.2.0/lib/tinyusb/src/class/vendor/vendor_device.c.obj
                0x20006568                vendord_deinit
 .text.vendord_reset
                0x2000659c       0x44 CMakeFiles/usb.dir/C_/Users/ishar/.pico-sdk/sdk/2.2.0/lib/tinyusb/src/class/vendor/vendor_device.c.obj
                0x2000659c                vendord_reset
 .text.vendord_open
                0x200065e0      0x118 CMakeFiles/usb.dir/C_/Users/ishar/.pico-sdk/sdk/2.2.0/lib/tinyusb/src/class/vendor/vendor_device.c.obj
                0x200065e0                vendord_open
 .text.vendord_xfer_cb
                0x200066f8       0xd8 CMakeFiles/usb.dir/C_/Users/ishar/.pico-sdk/sdk/2.2.0/lib/tinyusb/src/class/vendor/vendor_device.c.obj
                0x200066f8                vendord_xfer_cb
 .text.tusb_rhport_init
                0x200067d0       0x50 CMakeFiles/usb.dir/C_/Users/ishar/.pico-sdk/sdk/2.2.0/lib/tinyusb/src/tusb.c.obj
                0x200067d0                tusb_rhport_init
 .text.tu_edpt_claim
                0x20006820       0x56 CMakeFiles/usb.dir/C_/Users/ishar/.pico-sdk/sdk/2.2.0/lib/tinyusb/src/tusb.c.obj
                0x20006820                tu_edpt_claim
 .text.tu_edpt_release
                0x20006876       0x40 CMakeFiles/usb.dir/C_/Users/ishar/.pico-sdk/sdk/2.2.0/lib/tinyusb/src/tusb.c.obj
                0x20006876                tu_edpt_release
 *fill*         0x200068b6        0x2 
 .text.tu_edpt_validate
                0x200068b8       0x78 CMakeFiles/usb.dir/C_/Users/ishar/.pico-sdk/sdk/2.2.0/lib/tinyusb/src/tusb.c.obj
                0x200068b8                tu_edpt_validate
 .text.tu_edpt_bind_driver
                0x20006930       0x2a CMakeFiles/usb.dir/C_/Users/ishar/.pico-sdk/sdk/2.2.0/lib/tinyusb/src/tusb.c.obj
                0x20006930                tu_edpt_bind_driver
 .text.tu_edpt_stream_init
                0x2000695a       0x5e CMakeFiles/usb.dir/C_/Users/ishar/.pico-sdk/sdk/2.2.0/lib/tinyusb/src/tusb.c.obj
                0x2000695a                tu_edpt_stream_init
 .text.tu_edpt_stream_deinit
                0x200069b8        0x4 CMakeFiles/usb.dir/C_/Users/ishar/.pico-sdk/sdk/2.2.0/lib/tinyusb/src/tusb.c.obj
                0x200069b8                tu_edpt_stream_deinit
 .text.tu_edpt_stream_write_zlp_if_needed
                0x200069bc       0x70 CMakeFiles/usb.dir/C_/Users/ishar/.pico-sdk/sdk/2.2.0/lib/tinyusb/src/tusb.c.obj
                0x200069bc                tu_edpt_stream_write_zlp_if_needed
 .text.tu_edpt_stream_write_xfer
                0x20006a2c       0x70 CMakeFiles/usb.dir/C_/Users/ishar/.pico-sdk/sdk/2.2.0/lib/tinyusb/src/tusb.c.obj
                0x20006a2c                tu_edpt_stream_write_xfer
 .text.tu_edpt_stream_read_xfer
                0x20006a9c       0xde CMakeFiles/usb.dir/C_/Users/ishar/.pico-sdk/sdk/2.2.0/lib/tinyusb/src/tusb.c.obj
                0x20006a9c                tu_edpt_stream_read_xfer
 .text.advance_index
                0x20006b7a       0x1a CMakeFiles/usb.dir/C_/Users/ishar/.pico-sdk/sdk/2.2.0/lib/tinyusb/src/common/tusb_fifo.c.obj
 .text._tu_fifo_peek
                0x20006b94       0x5a CMakeFiles/usb.dir/C_/Users/ishar/.pico-sdk/sdk/2.2.0/lib/tinyusb/src/common/tusb_fifo.c.obj
 .text._ff_pull_n
                0x20006bee       0x70 CMakeFiles/usb.dir/C_/Users/ishar/.pico-sdk/sdk/2.2.0/lib/tinyusb/src/common/tusb_fifo.c.obj
 .text._tu_fifo_peek_n
                0x20006c5e       0x70 CMakeFiles/usb.dir/C_/Users/ishar/.pico-sdk/sdk/2.2.0/lib/tinyusb/src/common/tusb_fifo.c.obj
 .text._tu_fifo_read_n
                0x20006cce       0x4e CMakeFiles/usb.dir/C_/Users/ishar/.pico-sdk/sdk/2.2.0/lib/tinyusb/src/common/tusb_fifo.c.obj
 .text._ff_push_n
                0x20006d1c       0x70 CMakeFiles/usb.dir/C_/Users/ishar/.pico-sdk/sdk/2.2.0/lib/tinyusb/src/common/tusb_fifo.c.obj
 .text._tu_fifo_write_n
                0x20006d8c       0xf0 CMakeFiles/usb.dir/C_/Users/ishar/.pico-sdk/sdk/2.2.0/lib/tinyusb/src/common/tusb_fifo.c.obj
 .text.tu_fifo_config
                0x20006e7c       0x82 CMakeFiles/usb.dir/C_/Users/ishar/.pico-sdk/sdk/2.2.0/lib/tinyusb/src/common/tusb_fifo.c.obj
                0x20006e7c                tu_fifo_config
 .text.tu_fifo_count
                0x20006efe       0x2c CMakeFiles/usb.dir/C_/Users/ishar/.pico-sdk/sdk/2.2.0/lib/tinyusb/src/common/tusb_fifo.c.obj
                0x20006efe                tu_fifo_count
 .text.tu_fifo_empty
                0x20006f2a        0xe CMakeFiles/usb.dir/C_/Users/ishar/.pico-sdk/sdk/2.2.0/lib/tinyusb/src/common/tusb_fifo.c.obj
                0x20006f2a                tu_fifo_empty
 .text.tu_fifo_full
                0x20006f38       0x2e CMakeFiles/usb.dir/C_/Users/ishar/.pico-sdk/sdk/2.2.0/lib/tinyusb/src/common/tusb_fifo.c.obj
                0x20006f38                tu_fifo_full
 .text.tu_fifo_remaining
                0x20006f66       0x2e CMakeFiles/usb.dir/C_/Users/ishar/.pico-sdk/sdk/2.2.0/lib/tinyusb/src/common/tusb_fifo.c.obj
                0x20006f66                tu_fifo_remaining
 .text.tu_fifo_read
                0x20006f94       0x42 CMakeFiles/usb.dir/C_/Users/ishar/.pico-sdk/sdk/2.2.0/lib/tinyusb/src/common/tusb_fifo.c.obj
                0x20006f94                tu_fifo_read
 .text.tu_fifo_read_n
                0x20006fd6        0xa CMakeFiles/usb.dir/C_/Users/ishar/.pico-sdk/sdk/2.2.0/lib/tinyusb/src/common/tusb_fifo.c.obj
                0x20006fd6                tu_fifo_read_n
 .text.tu_fifo_write
                0x20006fe0       0x66 CMakeFiles/usb.dir/C_/Users/ishar/.pico-sdk/sdk/2.2.0/lib/tinyusb/src/common/tusb_fifo.c.obj
                0x20006fe0                tu_fifo_write
 .text.tu_fifo_write_n
                0x20007046        0xa CMakeFiles/usb.dir/C_/Users/ishar/.pico-sdk/sdk/2.2.0/lib/tinyusb/src/common/tusb_fifo.c.obj
                0x20007046                tu_fifo_write_n
 .text.tu_fifo_clear
                0x20007050       0x3e CMakeFiles/usb.dir/C_/Users/ishar/.pico-sdk/sdk/2.2.0/lib/tinyusb/src/common/tusb_fifo.c.obj
                0x20007050                tu_fifo_clear
 .text.tu_fifo_set_overwritable
                0x2000708e       0x46 CMakeFiles/usb.dir/C_/Users/ishar/.pico-sdk/sdk/2.2.0/lib/tinyusb/src/common/tusb_fifo.c.obj
                0x2000708e                tu_fifo_set_overwritable
 .text          0x200070d4        0x4 C:/Program Files/arm-gnu-toolchain-15.2.rel1-mingw-w64-x86_64-arm-none-eabi/bin/../lib/gcc/arm-none-eabi/15.2.1/thumb/v6-m/nofp\libgcc.a(_dvmd_tls.o)
                0x200070d4                __aeabi_idiv0
                0x200070d4                __aeabi_ldiv0
 .text.strlen   0x200070d8       0x60 C:/Program Files/arm-gnu-toolchain-15.2.rel1-mingw-w64-x86_64-arm-none-eabi/bin/../lib/gcc/arm-none-eabi/15.2.1/../../../../arm-none-eabi/lib/thumb/v6-m/nofp\libg.a(libc_a-strlen-stub.o)
                0x200070d8                strlen
                0x20007138                        . = ALIGN (0x4)
 *(.init)
 *(.fini)
 *crtbegin.o(.ctors)
 *crtbegin?.o(.ctors)
 *(EXCLUDE_FILE(*crtend.o *crtend?.o) .ctors)
 *(SORT_BY_NAME(.ctors.*))
 *(.ctors)
 *crtbegin.o(.dtors)
 *crtbegin?.o(.dtors)
 *(EXCLUDE_FILE(*crtend.o *crtend?.o) .dtors)
 *(SORT_BY_NAME(.dtors.*))
 *(.dtors)
 *(.eh_frame*)

.glue_7         0x20007138        0x0
 .glue_7        0x20007138        0x0 linker stubs

.glue_7t        0x20007138        0x0
 .glue_7t       0x20007138        0x0 linker stubs

.vfp11_veneer   0x20007138        0x0
 .vfp11_veneer  0x20007138        0x0 linker stubs

.v4_bx          0x20007138        0x0
 .v4_bx         0x20007138        0x0 linker stubs

.iplt           0x20007138        0x0
 .iplt          0x20007138        0x0 CMakeFiles/usb.dir/main.c.obj

.rodata         0x20007138      0xdb4
                0x20007138                        . = ALIGN (0x4)
 *(.rodata*)
 .rodata.main.str1.4
                0x20007138      0x9e0 CMakeFiles/usb.dir/main.c.obj
                                 0x2c (size before relaxing)
 .rodata.rp2040_chip_version.str1.4
                0x20007b18        0x0 CMakeFiles/usb.dir/C_/Users/ishar/.pico-sdk/sdk/2.2.0/src/rp2040/pico_platform/platform.c.obj
                                 0x7d (size before relaxing)
 .rodata.__func__.0
                0x20007b18       0x14 CMakeFiles/usb.dir/C_/Users/ishar/.pico-sdk/sdk/2.2.0/src/rp2040/pico_platform/platform.c.obj
 .rodata.panic.str1.4
                0x20007b2c        0x0 CMakeFiles/usb.dir/C_/Users/ishar/.pico-sdk/sdk/2.2.0/src/rp2_common/pico_platform_panic/panic.c.obj
                                 0x12 (size before relaxing)
 .rodata.spin_lock_claim_unused.str1.4
                0x20007b2c        0x0 CMakeFiles/usb.dir/C_/Users/ishar/.pico-sdk/sdk/2.2.0/src/rp2_common/hardware_sync/sync.c.obj
                                 0x1b (size before relaxing)
 .rodata.resolve_j_16.str1.4
                0x20007b2c        0x0 CMakeFiles/usb.dir/C_/Users/ishar/.pico-sdk/sdk/2.2.0/src/rp2_common/hardware_irq/irq.c.obj
                                 0x5d (size before relaxing)
 .rodata.make_j_16.str1.4
                0x20007b2c        0x0 CMakeFiles/usb.dir/C_/Users/ishar/.pico-sdk/sdk/2.2.0/src/rp2_common/hardware_irq/irq.c.obj
                                 0x30 (size before relaxing)
 .rodata.irq_set_exclusive_handler.str1.4
                0x20007b2c        0x0 CMakeFiles/usb.dir/C_/Users/ishar/.pico-sdk/sdk/2.2.0/src/rp2_common/hardware_irq/irq.c.obj
                                 0x36 (size before relaxing)
 .rodata.irq_add_shared_handler.str1.4
                0x20007b2c        0x0 CMakeFiles/usb.dir/C_/Users/ishar/.pico-sdk/sdk/2.2.0/src/rp2_common/hardware_irq/irq.c.obj
                                 0xd2 (size before relaxing)
 .rodata.irq_add_tail_to_free_list.str1.4
                0x20007b2c        0x0 CMakeFiles/usb.dir/C_/Users/ishar/.pico-sdk/sdk/2.2.0/src/rp2_common/hardware_irq/irq.c.obj
                                 0x3a (size before relaxing)
 .rodata.user_irq_claim_unused.str1.4
                0x20007b2c        0x0 CMakeFiles/usb.dir/C_/Users/ishar/.pico-sdk/sdk/2.2.0/src/rp2_common/hardware_irq/irq.c.obj
                                 0x1b (size before relaxing)
 .rodata.__func__.0
                0x20007b2c       0x1a CMakeFiles/usb.dir/C_/Users/ishar/.pico-sdk/sdk/2.2.0/src/rp2_common/hardware_irq/irq.c.obj
 *fill*         0x20007b46        0x2 
 .rodata.__func__.3
                0x20007b48        0xa CMakeFiles/usb.dir/C_/Users/ishar/.pico-sdk/sdk/2.2.0/src/rp2_common/hardware_irq/irq.c.obj
 *fill*         0x20007b52        0x2 
 .rodata.__func__.4
                0x20007b54        0xd CMakeFiles/usb.dir/C_/Users/ishar/.pico-sdk/sdk/2.2.0/src/rp2_common/hardware_irq/irq.c.obj
 *fill*         0x20007b61        0x3 
 .rodata.__func__.5
                0x20007b64       0x17 CMakeFiles/usb.dir/C_/Users/ishar/.pico-sdk/sdk/2.2.0/src/rp2_common/hardware_irq/irq.c.obj
 *fill*         0x20007b7b        0x1 
 .rodata.__func__.6
                0x20007b7c       0x1a CMakeFiles/usb.dir/C_/Users/ishar/.pico-sdk/sdk/2.2.0/src/rp2_common/hardware_irq/irq.c.obj
 .rodata.runtime_init_mutex.str1.4
                0x20007b96        0x0 CMakeFiles/usb.dir/C_/Users/ishar/.pico-sdk/sdk/2.2.0/src/common/pico_sync/mutex.c.obj
                                 0x60 (size before relaxing)
 .rodata.str1.4
                0x20007b96        0x0 CMakeFiles/usb.dir/C_/Users/ishar/.pico-sdk/sdk/2.2.0/src/common/pico_sync/mutex.c.obj
                                 0x51 (size before relaxing)
 *fill*         0x20007b96        0x2 
 .rodata.__func__.1
                0x20007b98        0xb CMakeFiles/usb.dir/C_/Users/ishar/.pico-sdk/sdk/2.2.0/src/common/pico_sync/mutex.c.obj
 *fill*         0x20007ba3        0x1 
 .rodata.__func__.3
                0x20007ba4       0x18 CMakeFiles/usb.dir/C_/Users/ishar/.pico-sdk/sdk/2.2.0/src/common/pico_sync/mutex.c.obj
 .rodata.__func__.6
                0x20007bbc       0x13 CMakeFiles/usb.dir/C_/Users/ishar/.pico-sdk/sdk/2.2.0/src/common/pico_sync/mutex.c.obj
 .rodata.alarm_pool_irq_handler.str1.4
                0x20007bcf        0x0 CMakeFiles/usb.dir/C_/Users/ishar/.pico-sdk/sdk/2.2.0/src/common/pico_time/time.c.obj
                                 0x6b (size before relaxing)
 .rodata.alarm_pool_get_default.str1.4
                0x20007bcf        0x0 CMakeFiles/usb.dir/C_/Users/ishar/.pico-sdk/sdk/2.2.0/src/common/pico_time/time.c.obj
                                 0x21 (size before relaxing)
 .rodata.sleep_until.str1.4
                0x20007bcf        0x0 CMakeFiles/usb.dir/C_/Users/ishar/.pico-sdk/sdk/2.2.0/src/common/pico_time/time.c.obj
                                 0x4d (size before relaxing)
 *fill*         0x20007bcf        0x1 
 .rodata.__func__.1
                0x20007bd0       0x17 CMakeFiles/usb.dir/C_/Users/ishar/.pico-sdk/sdk/2.2.0/src/common/pico_time/time.c.obj
 *fill*         0x20007be7        0x1 
 .rodata.__func__.2
                0x20007be8       0x17 CMakeFiles/usb.dir/C_/Users/ishar/.pico-sdk/sdk/2.2.0/src/common/pico_time/time.c.obj
 .rodata.timer_hardware_alarm_claim.str1.4
                0x20007bff        0x0 CMakeFiles/usb.dir/C_/Users/ishar/.pico-sdk/sdk/2.2.0/src/rp2_common/hardware_timer/timer.c.obj
                                 0x22 (size before relaxing)
 .rodata.pll_init.str1.4
                0x20007bff        0x0 CMakeFiles/usb.dir/C_/Users/ishar/.pico-sdk/sdk/2.2.0/src/rp2_common/hardware_pll/pll.c.obj
                                0x11c (size before relaxing)
 *fill*         0x20007bff        0x1 
 .rodata.__func__.0
                0x20007c00        0x9 CMakeFiles/usb.dir/C_/Users/ishar/.pico-sdk/sdk/2.2.0/src/rp2_common/hardware_pll/pll.c.obj
 .rodata.__aeabi_double_init.str1.4
                0x20007c09        0x0 CMakeFiles/usb.dir/C_/Users/ishar/.pico-sdk/sdk/2.2.0/src/rp2_common/pico_double/double_init_rom_rp2040.c.obj
                                 0x9b (size before relaxing)
 *fill*         0x20007c09        0x3 
 .rodata.__func__.0
                0x20007c0c       0x14 CMakeFiles/usb.dir/C_/Users/ishar/.pico-sdk/sdk/2.2.0/src/rp2_common/pico_double/double_init_rom_rp2040.c.obj
 .rodata.__aeabi_float_init.str1.4
                0x20007c20        0x0 CMakeFiles/usb.dir/C_/Users/ishar/.pico-sdk/sdk/2.2.0/src/rp2_common/pico_float/float_init_rom_rp2040.c.obj
                                 0x8d (size before relaxing)
 .rodata.__func__.0
                0x20007c20       0x13 CMakeFiles/usb.dir/C_/Users/ishar/.pico-sdk/sdk/2.2.0/src/rp2_common/pico_float/float_init_rom_rp2040.c.obj
 .rodata.str1.4
                0x20007c33        0x0 CMakeFiles/usb.dir/C_/Users/ishar/.pico-sdk/sdk/2.2.0/src/rp2_common/pico_standard_binary_info/standard_binary_info.c.obj
                                 0x28 (size before relaxing)
 *fill*         0x20007c33        0x1 
 .rodata.__bi_84
                0x20007c34        0xc CMakeFiles/usb.dir/C_/Users/ishar/.pico-sdk/sdk/2.2.0/src/rp2_common/pico_standard_binary_info/standard_binary_info.c.obj
 .rodata.__bi_48
                0x20007c40        0xc CMakeFiles/usb.dir/C_/Users/ishar/.pico-sdk/sdk/2.2.0/src/rp2_common/pico_standard_binary_info/standard_binary_info.c.obj
 .rodata._ftoa.str1.4
                0x20007c4c        0x0 CMakeFiles/usb.dir/C_/Users/ishar/.pico-sdk/sdk/2.2.0/src/rp2_common/pico_printf/printf.c.obj
                                 0x15 (size before relaxing)
 *fill*         0x20007c4c        0x4 
 .rodata.pow10.0
                0x20007c50       0x50 CMakeFiles/usb.dir/C_/Users/ishar/.pico-sdk/sdk/2.2.0/src/rp2_common/pico_printf/printf.c.obj
 .rodata.__assert_func.str1.4
                0x20007ca0        0x0 CMakeFiles/usb.dir/C_/Users/ishar/.pico-sdk/sdk/2.2.0/src/rp2_common/pico_clib_interface/newlib_interface.c.obj
                                 0x43 (size before relaxing)
 .rodata.crlf_str.0
                0x20007ca0        0x2 CMakeFiles/usb.dir/C_/Users/ishar/.pico-sdk/sdk/2.2.0/src/rp2_common/pico_stdio/stdio.c.obj
 *fill*         0x20007ca2        0x2 
 .rodata._resetd_driver
                0x20007ca4       0x20 CMakeFiles/usb.dir/C_/Users/ishar/.pico-sdk/sdk/2.2.0/src/rp2_common/pico_stdio_usb/reset_interface.c.obj
 .rodata.desc_ms_os_20
                0x20007cc4       0xa6 CMakeFiles/usb.dir/C_/Users/ishar/.pico-sdk/sdk/2.2.0/src/rp2_common/pico_stdio_usb/reset_interface.c.obj
 *fill*         0x20007d6a        0x2 
 .rodata.desc_bos
                0x20007d6c       0x21 CMakeFiles/usb.dir/C_/Users/ishar/.pico-sdk/sdk/2.2.0/src/rp2_common/pico_stdio_usb/reset_interface.c.obj
                0x20007d6c                desc_bos
 .rodata.stdio_usb_init.str1.4
                0x20007d8d        0x0 CMakeFiles/usb.dir/C_/Users/ishar/.pico-sdk/sdk/2.2.0/src/rp2_common/pico_stdio_usb/stdio_usb.c.obj
                                 0x55 (size before relaxing)
 .rodata.str1.4
                0x20007d8d        0x0 CMakeFiles/usb.dir/C_/Users/ishar/.pico-sdk/sdk/2.2.0/src/rp2_common/pico_stdio_usb/stdio_usb.c.obj
                                 0x13 (size before relaxing)
 *fill*         0x20007d8d        0x3 
 .rodata.__bi_202.1
                0x20007d90        0xc CMakeFiles/usb.dir/C_/Users/ishar/.pico-sdk/sdk/2.2.0/src/rp2_common/pico_stdio_usb/stdio_usb.c.obj
 .rodata.__func__.2
                0x20007d9c        0xf CMakeFiles/usb.dir/C_/Users/ishar/.pico-sdk/sdk/2.2.0/src/rp2_common/pico_stdio_usb/stdio_usb.c.obj
 .rodata.str1.4
                0x20007dab        0x0 CMakeFiles/usb.dir/C_/Users/ishar/.pico-sdk/sdk/2.2.0/src/rp2_common/pico_stdio_usb/stdio_usb_descriptors.c.obj
                                 0x2a (size before relaxing)
 *fill*         0x20007dab        0x1 
 .rodata.usbd_desc_str
                0x20007dac       0x18 CMakeFiles/usb.dir/C_/Users/ishar/.pico-sdk/sdk/2.2.0/src/rp2_common/pico_stdio_usb/stdio_usb_descriptors.c.obj
 .rodata.usbd_desc_cfg
                0x20007dc4       0x54 CMakeFiles/usb.dir/C_/Users/ishar/.pico-sdk/sdk/2.2.0/src/rp2_common/pico_stdio_usb/stdio_usb_descriptors.c.obj
 .rodata.usbd_desc_device
                0x20007e18       0x12 CMakeFiles/usb.dir/C_/Users/ishar/.pico-sdk/sdk/2.2.0/src/rp2_common/pico_stdio_usb/stdio_usb_descriptors.c.obj
 .rodata.pico_get_unique_board_id_string.str1.4
                0x20007e2a        0x0 CMakeFiles/usb.dir/C_/Users/ishar/.pico-sdk/sdk/2.2.0/src/rp2_common/pico_unique_id/unique_id.c.obj
                                 0x55 (size before relaxing)
 *fill*         0x20007e2a        0x2 
 .rodata.__func__.0
                0x20007e2c       0x20 CMakeFiles/usb.dir/C_/Users/ishar/.pico-sdk/sdk/2.2.0/src/rp2_common/pico_unique_id/unique_id.c.obj
 .rodata.hw_endpoint_alloc.str1.4
                0x20007e4c        0x0 CMakeFiles/usb.dir/C_/Users/ishar/.pico-sdk/sdk/2.2.0/lib/tinyusb/src/portable/raspberrypi/rp2040/dcd_rp2040.c.obj
                                 0xa0 (size before relaxing)
 .rodata.str1.4
                0x20007e4c        0x0 CMakeFiles/usb.dir/C_/Users/ishar/.pico-sdk/sdk/2.2.0/lib/tinyusb/src/portable/raspberrypi/rp2040/dcd_rp2040.c.obj
                                 0x14 (size before relaxing)
 .rodata.dcd_int_enable.str1.4
                0x20007e4c        0x0 CMakeFiles/usb.dir/C_/Users/ishar/.pico-sdk/sdk/2.2.0/lib/tinyusb/src/portable/raspberrypi/rp2040/dcd_rp2040.c.obj
                                  0xc (size before relaxing)
 .rodata.__func__.0
                0x20007e4c        0xe CMakeFiles/usb.dir/C_/Users/ishar/.pico-sdk/sdk/2.2.0/lib/tinyusb/src/portable/raspberrypi/rp2040/dcd_rp2040.c.obj
 *fill*         0x20007e5a        0x2 
 .rodata.__func__.2
                0x20007e5c       0x10 CMakeFiles/usb.dir/C_/Users/ishar/.pico-sdk/sdk/2.2.0/lib/tinyusb/src/portable/raspberrypi/rp2040/dcd_rp2040.c.obj
 .rodata.__func__.4
                0x20007e6c        0xf CMakeFiles/usb.dir/C_/Users/ishar/.pico-sdk/sdk/2.2.0/lib/tinyusb/src/portable/raspberrypi/rp2040/dcd_rp2040.c.obj
 *fill*         0x20007e7b        0x1 
 .rodata.__func__.5
                0x20007e7c       0x12 CMakeFiles/usb.dir/C_/Users/ishar/.pico-sdk/sdk/2.2.0/lib/tinyusb/src/portable/raspberrypi/rp2040/dcd_rp2040.c.obj
 *fill*         0x20007e8e        0x2 
 .rodata.__func__.6
                0x20007e90        0x9 CMakeFiles/usb.dir/C_/Users/ishar/.pico-sdk/sdk/2.2.0/lib/tinyusb/src/portable/raspberrypi/rp2040/dcd_rp2040.c.obj
 .rodata.str1.4
                0x20007e99        0x0 CMakeFiles/usb.dir/C_/Users/ishar/.pico-sdk/sdk/2.2.0/lib/tinyusb/src/portable/raspberrypi/rp2040/rp2040_usb.c.obj
                                 0xe4 (size before relaxing)
 *fill*         0x20007e99        0x3 
 .rodata.__func__.0
                0x20007e9c        0xf CMakeFiles/usb.dir/C_/Users/ishar/.pico-sdk/sdk/2.2.0/lib/tinyusb/src/portable/raspberrypi/rp2040/rp2040_usb.c.obj
 *fill*         0x20007eab        0x1 
 .rodata._usbd_driver
                0x20007eac       0x40 CMakeFiles/usb.dir/C_/Users/ishar/.pico-sdk/sdk/2.2.0/lib/tinyusb/src/device/usbd.c.obj
                0x20007eec                        . = ALIGN (0x4)
 *(SORT_BY_ALIGNMENT(SORT_BY_NAME(.flashdata*)))
                0x20007eec                        . = ALIGN (0x4)

.ARM.extab
 *(.ARM.extab* .gnu.linkonce.armextab.*)
                0x20007eec                        __exidx_start = .

.ARM.exidx
 *(.ARM.exidx* .gnu.linkonce.armexidx.*)
                0x20007eec                        __exidx_end = .
                0x20007eec                        . = ALIGN (0x4)
                0x20007eec                        __binary_info_start = .

.binary_info    0x20007eec       0x18
 *(.binary_info.keep.*)
 .binary_info.keep.__bi_ptr84
                0x20007eec        0x4 CMakeFiles/usb.dir/C_/Users/ishar/.pico-sdk/sdk/2.2.0/src/rp2_common/pico_standard_binary_info/standard_binary_info.c.obj
 .binary_info.keep.__bi_ptr54
                0x20007ef0        0x4 CMakeFiles/usb.dir/C_/Users/ishar/.pico-sdk/sdk/2.2.0/src/rp2_common/pico_standard_binary_info/standard_binary_info.c.obj
 .binary_info.keep.__bi_ptr48
                0x20007ef4        0x4 CMakeFiles/usb.dir/C_/Users/ishar/.pico-sdk/sdk/2.2.0/src/rp2_common/pico_standard_binary_info/standard_binary_info.c.obj
 .binary_info.keep.__bi_ptr42
                0x20007ef8        0x4 CMakeFiles/usb.dir/C_/Users/ishar/.pico-sdk/sdk/2.2.0/src/rp2_common/pico_standard_binary_info/standard_binary_info.c.obj
 .binary_info.keep.__bi_ptr34
                0x20007efc        0x4 CMakeFiles/usb.dir/C_/Users/ishar/.pico-sdk/sdk/2.2.0/src/rp2_common/pico_standard_binary_info/standard_binary_info.c.obj
 *(.binary_info.*)
 .binary_info.__bi_ptr202
                0x20007f00        0x4 CMakeFiles/usb.dir/C_/Users/ishar/.pico-sdk/sdk/2.2.0/src/rp2_common/pico_stdio_usb/stdio_usb.c.obj
                0x20007f04                        __binary_info_end = .
                0x20007f04                        . = ALIGN (0x4)

.data           0x20007f10      0x10c
                0x20007f10                        __data_start__ = .
 *(vtable)
 *(.data*)
 .data.striped_spin_lock_num
                0x20007f10        0x1 CMakeFiles/usb.dir/C_/Users/ishar/.pico-sdk/sdk/2.2.0/src/rp2_common/hardware_sync/sync.c.obj
 *fill*         0x20007f11        0x3 
 .data          0x20007f14       0x48 CMakeFiles/usb.dir/C_/Users/ishar/.pico-sdk/sdk/2.2.0/src/rp2_common/hardware_irq/irq_handler_chain.S.obj
                0x20007f14                irq_handler_chain_slots
                0x20007f44                irq_handler_chain_first_slot
                0x20007f4e                irq_handler_chain_remove_tail
 .data.default_alarm_pool
                0x20007f5c       0x18 CMakeFiles/usb.dir/C_/Users/ishar/.pico-sdk/sdk/2.2.0/src/common/pico_time/time.c.obj
 *fill*         0x20007f74        0xc 
 .data.aeabi_bits_funcs
                0x20007f80       0x10 CMakeFiles/usb.dir/C_/Users/ishar/.pico-sdk/sdk/2.2.0/src/rp2_common/pico_bit_ops/bit_ops_aeabi.S.obj
                0x20007f80                aeabi_bits_funcs
                0x20007f90                aeabi_bits_funcs_end
 .data.aeabi_mem_funcs
                0x20007f90       0x10 CMakeFiles/usb.dir/C_/Users/ishar/.pico-sdk/sdk/2.2.0/src/rp2_common/pico_mem_ops/mem_ops_aeabi.S.obj
                0x20007f90                aeabi_mem_funcs
                0x20007fa0                aeabi_mem_funcs_end
 .data.stdio_usb
                0x20007fa0       0x18 CMakeFiles/usb.dir/C_/Users/ishar/.pico-sdk/sdk/2.2.0/src/rp2_common/pico_stdio_usb/stdio_usb.c.obj
                0x20007fa0                stdio_usb
 .data._usbd_qdef
                0x20007fb8       0x1c CMakeFiles/usb.dir/C_/Users/ishar/.pico-sdk/sdk/2.2.0/lib/tinyusb/src/device/usbd.c.obj
                0x20007fb8                _usbd_qdef
 .data._usbd_rhport
                0x20007fd4        0x1 CMakeFiles/usb.dir/C_/Users/ishar/.pico-sdk/sdk/2.2.0/lib/tinyusb/src/device/usbd.c.obj
                0x20007fd8                        . = ALIGN (0x4)
 *fill*         0x20007fd5        0x3 
 *(.after_data.*)
                0x20007fd8                        . = ALIGN (0x4)
                0x20007fd8                        PROVIDE (__mutex_array_start = .)
 *(SORT_BY_NAME(.mutex_array.*))
 *(.mutex_array)
 .mutex_array   0x20007fd8        0x8 CMakeFiles/usb.dir/C_/Users/ishar/.pico-sdk/sdk/2.2.0/src/rp2_common/pico_stdio/stdio.c.obj
                0x20007fe0                        PROVIDE (__mutex_array_end = .)
                0x20007fe0                        . = ALIGN (0x4)
                0x20007fe0                        PROVIDE (__preinit_array_start = .)
 *(SORT_BY_NAME(.preinit_array.*))
 .preinit_array.00100
                0x20007fe0        0x4 CMakeFiles/usb.dir/C_/Users/ishar/.pico-sdk/sdk/2.2.0/src/rp2_common/pico_runtime_init/runtime_init.c.obj
                0x20007fe0                __pre_init_runtime_init_early_resets
 .preinit_array.00101
                0x20007fe4        0x4 CMakeFiles/usb.dir/C_/Users/ishar/.pico-sdk/sdk/2.2.0/src/rp2_common/pico_runtime_init/runtime_init.c.obj
                0x20007fe4                __pre_init_runtime_init_usb_power_down
 .preinit_array.00275
                0x20007fe8        0x4 CMakeFiles/usb.dir/C_/Users/ishar/.pico-sdk/sdk/2.2.0/src/rp2_common/pico_bit_ops/bit_ops_aeabi.S.obj
 .preinit_array.00300
                0x20007fec        0x4 CMakeFiles/usb.dir/C_/Users/ishar/.pico-sdk/sdk/2.2.0/src/rp2_common/pico_mem_ops/mem_ops_aeabi.S.obj
 .preinit_array.00350
                0x20007ff0        0x4 CMakeFiles/usb.dir/C_/Users/ishar/.pico-sdk/sdk/2.2.0/src/rp2_common/pico_double/double_aeabi_rp2040.S.obj
 .preinit_array.00350
                0x20007ff4        0x4 CMakeFiles/usb.dir/C_/Users/ishar/.pico-sdk/sdk/2.2.0/src/rp2_common/pico_float/float_aeabi_rp2040.S.obj
 .preinit_array.00500
                0x20007ff8        0x4 CMakeFiles/usb.dir/C_/Users/ishar/.pico-sdk/sdk/2.2.0/src/rp2_common/pico_runtime_init/runtime_init.c.obj
                0x20007ff8                __pre_init_runtime_init_clocks
 .preinit_array.00600
                0x20007ffc        0x4 CMakeFiles/usb.dir/C_/Users/ishar/.pico-sdk/sdk/2.2.0/src/rp2_common/pico_runtime_init/runtime_init.c.obj
                0x20007ffc                __pre_init_runtime_init_post_clock_resets
 .preinit_array.00700
                0x20008000        0x4 CMakeFiles/usb.dir/C_/Users/ishar/.pico-sdk/sdk/2.2.0/src/rp2_common/pico_runtime_init/runtime_init.c.obj
                0x20008000                __pre_init_runtime_init_rp2040_gpio_ie_disable
 .preinit_array.01000
                0x20008004        0x4 CMakeFiles/usb.dir/C_/Users/ishar/.pico-sdk/sdk/2.2.0/src/rp2_common/pico_runtime_init/runtime_init.c.obj
                0x20008004                __pre_init_runtime_init_spin_locks_reset
 .preinit_array.01100
                0x20008008        0x4 CMakeFiles/usb.dir/C_/Users/ishar/.pico-sdk/sdk/2.2.0/src/common/pico_sync/mutex.c.obj
                0x20008008                __pre_init_runtime_init_mutex
 .preinit_array.11000
                0x2000800c        0x4 CMakeFiles/usb.dir/C_/Users/ishar/.pico-sdk/sdk/2.2.0/src/common/pico_time/time.c.obj
                0x2000800c                __pre_init_runtime_init_default_alarm_pool
 .preinit_array.YYYYY
                0x20008010        0x4 CMakeFiles/usb.dir/C_/Users/ishar/.pico-sdk/sdk/2.2.0/src/rp2_common/pico_runtime/runtime.c.obj
                0x20008010                __pre_init_first_per_core_initializer
 .preinit_array.ZZZZZ.01200
                0x20008014        0x4 CMakeFiles/usb.dir/C_/Users/ishar/.pico-sdk/sdk/2.2.0/src/rp2_common/hardware_irq/irq.c.obj
                0x20008014                __pre_init_runtime_init_per_core_irq_priorities
 *(.preinit_array)
                0x20008018                        PROVIDE (__preinit_array_end = .)
                0x20008018                        . = ALIGN (0x4)
                0x20008018                        PROVIDE (__init_array_start = .)
 *(SORT_BY_NAME(.init_array.*))
 .init_array.01000
                0x20008018        0x4 CMakeFiles/usb.dir/C_/Users/ishar/.pico-sdk/sdk/2.2.0/src/rp2_common/pico_unique_id/unique_id.c.obj
 *(.init_array)
                0x2000801c                        PROVIDE (__init_array_end = .)
                0x2000801c                        . = ALIGN (0x4)
                [!provide]                        PROVIDE (__fini_array_start = .)
 *(SORT_BY_NAME(.fini_array.*))
 *(.fini_array)
                [!provide]                        PROVIDE (__fini_array_end = .)
 *(.jcr)
                0x2000801c                        . = ALIGN (0x4)

.igot.plt       0x2000801c        0x0
 .igot.plt      0x2000801c        0x0 CMakeFiles/usb.dir/main.c.obj

.tdata          0x2000801c        0x0
                0x2000801c                        . = ALIGN (0x4)
 *(.tdata .tdata.* .gnu.linkonce.td.*)
                0x2000801c                        __tdata_end = .
                0x2000801c                        PROVIDE (__data_end__ = .)

.uninitialized_data
                0x2000801c        0x0
                0x2000801c                        . = ALIGN (0x4)
 *(.uninitialized_data*)
                0x20007f10                        __etext = LOADADDR (.data)

.tbss           0x2000801c        0x0
                0x2000801c                        . = ALIGN (0x4)
                0x2000801c                        __bss_start__ = .
                0x2000801c                        __tls_base = .
 *(.tbss .tbss.* .gnu.linkonce.tb.*)
 *(.tcommon)
                0x2000801c                        __tls_end = .

.bss            0x20008020      0xde4
                0x20008020                        . = ALIGN (0x4)
                0x20008020                        __tbss_end = .
 *(SORT_BY_ALIGNMENT(SORT_BY_NAME(.bss*)))
 .bss.default_alarm_pool_entries
                0x20008020      0x180 CMakeFiles/usb.dir/C_/Users/ishar/.pico-sdk/sdk/2.2.0/src/common/pico_time/time.c.obj
 .bss.last_avail_time.3
                0x200081a0        0x8 CMakeFiles/usb.dir/C_/Users/ishar/.pico-sdk/sdk/2.2.0/src/rp2_common/pico_stdio_usb/stdio_usb.c.obj
 .bss._app_driver
                0x200081a8        0x4 CMakeFiles/usb.dir/C_/Users/ishar/.pico-sdk/sdk/2.2.0/lib/tinyusb/src/device/usbd.c.obj
 .bss._cdcd_epbuf
                0x200081ac       0x80 CMakeFiles/usb.dir/C_/Users/ishar/.pico-sdk/sdk/2.2.0/lib/tinyusb/src/class/cdc/cdc_device.c.obj
 .bss._cdcd_fifo_cfg
                0x2000822c        0x1 CMakeFiles/usb.dir/C_/Users/ishar/.pico-sdk/sdk/2.2.0/lib/tinyusb/src/class/cdc/cdc_device.c.obj
 *fill*         0x2000822d        0x3 
 .bss._cdcd_itf
                0x20008230       0xc8 CMakeFiles/usb.dir/C_/Users/ishar/.pico-sdk/sdk/2.2.0/lib/tinyusb/src/class/cdc/cdc_device.c.obj
 .bss._ctrl_epbuf
                0x200082f8       0x40 CMakeFiles/usb.dir/C_/Users/ishar/.pico-sdk/sdk/2.2.0/lib/tinyusb/src/device/usbd_control.c.obj
 .bss._ctrl_xfer
                0x20008338       0x14 CMakeFiles/usb.dir/C_/Users/ishar/.pico-sdk/sdk/2.2.0/lib/tinyusb/src/device/usbd_control.c.obj
 .bss._tusb_rhport_role
                0x2000834c        0x2 CMakeFiles/usb.dir/C_/Users/ishar/.pico-sdk/sdk/2.2.0/lib/tinyusb/src/tusb.c.obj
                0x2000834c                _tusb_rhport_role
 *fill*         0x2000834e        0x2 
 .bss._ubsd_mutexdef
                0x20008350        0x8 CMakeFiles/usb.dir/C_/Users/ishar/.pico-sdk/sdk/2.2.0/lib/tinyusb/src/device/usbd.c.obj
 .bss._usbd_dev
                0x20008358       0x54 CMakeFiles/usb.dir/C_/Users/ishar/.pico-sdk/sdk/2.2.0/lib/tinyusb/src/device/usbd.c.obj
 .bss._usbd_mutex
                0x200083ac        0x4 CMakeFiles/usb.dir/C_/Users/ishar/.pico-sdk/sdk/2.2.0/lib/tinyusb/src/device/usbd.c.obj
 .bss._usbd_q   0x200083b0        0x4 CMakeFiles/usb.dir/C_/Users/ishar/.pico-sdk/sdk/2.2.0/lib/tinyusb/src/device/usbd.c.obj
 .bss._usbd_qdef_buf
                0x200083b4       0xc0 CMakeFiles/usb.dir/C_/Users/ishar/.pico-sdk/sdk/2.2.0/lib/tinyusb/src/device/usbd.c.obj
                0x200083b4                _usbd_qdef_buf
 .bss._vendord_epbuf
                0x20008474       0x80 CMakeFiles/usb.dir/C_/Users/ishar/.pico-sdk/sdk/2.2.0/lib/tinyusb/src/class/vendor/vendor_device.c.obj
 .bss._vendord_itf
                0x200084f4      0x24c CMakeFiles/usb.dir/C_/Users/ishar/.pico-sdk/sdk/2.2.0/lib/tinyusb/src/class/vendor/vendor_device.c.obj
 .bss.chars_available_callback
                0x20008740        0x4 CMakeFiles/usb.dir/C_/Users/ishar/.pico-sdk/sdk/2.2.0/src/rp2_common/pico_stdio_usb/stdio_usb.c.obj
 .bss.chars_available_param
                0x20008744        0x4 CMakeFiles/usb.dir/C_/Users/ishar/.pico-sdk/sdk/2.2.0/src/rp2_common/pico_stdio_usb/stdio_usb.c.obj
 .bss.claimed   0x20008748        0x4 CMakeFiles/usb.dir/C_/Users/ishar/.pico-sdk/sdk/2.2.0/src/rp2_common/hardware_sync/sync.c.obj
 .bss.claimed   0x2000874c        0x1 CMakeFiles/usb.dir/C_/Users/ishar/.pico-sdk/sdk/2.2.0/src/rp2_common/hardware_timer/timer.c.obj
 *fill*         0x2000874d        0x3 
 .bss.configured_freq