Archive member included to satisfy reference by file (symbol)

C:/Program Files/arm-gnu-toolchain-15.2.rel1-mingw-w64-x86_64-arm-none-eabi/bin/../lib/gcc/arm-none-eabi/15.2.1/thumb/v6-m/nofp\libgcc.a(_dvmd_tls.o)
                              CMakeFiles/KEY_PAD.dir/C_/Users/ishar/.pico-sdk/sdk/2.2.0/src/rp2_common/pico_divider/divider_hardware.S.obj (__aeabi_idiv0)
C:/Program Files/arm-gnu-toolchain-15.2.rel1-mingw-w64-x86_64-arm-none-eabi/bin/../lib/gcc/arm-none-eabi/15.2.1/../../../../arm-none-eabi/lib/thumb/v6-m/nofp\libg.a(libc_a-calloc.o)
                              CMakeFiles/KEY_PAD.dir/C_/Users/ishar/.pico-sdk/sdk/2.2.0/src/rp2_common/pico_malloc/malloc.c.obj (calloc)
C:/Program Files/arm-gnu-toolchain-15.2.rel1-mingw-w64-x86_64-arm-none-eabi/bin/../lib/gcc/arm-none-eabi/15.2.1/../../../../arm-none-eabi/lib/thumb/v6-m/nofp\libg.a(libc_a-callocr.o)
                              C:/Program Files/arm-gnu-toolchain-15.2.rel1-mingw-w64-x86_64-arm-none-eabi/bin/../lib/gcc/arm-none-eabi/15.2.1/../../../../arm-none-eabi/lib/thumb/v6-m/nofp\libg.a(libc_a-calloc.o) (_calloc_r)
C:/Program Files/arm-gnu-toolchain-15.2.rel1-mingw-w64-x86_64-arm-none-eabi/bin/../lib/gcc/arm-none-eabi/15.2.1/../../../../arm-none-eabi/lib/thumb/v6-m/nofp\libg.a(libc_a-malloc.o)
                              CMakeFiles/KEY_PAD.dir/C_/Users/ishar/.pico-sdk/sdk/2.2.0/src/rp2_common/pico_malloc/malloc.c.obj (malloc)
C:/Program Files/arm-gnu-toolchain-15.2.rel1-mingw-w64-x86_64-arm-none-eabi/bin/../lib/gcc/arm-none-eabi/15.2.1/../../../../arm-none-eabi/lib/thumb/v6-m/nofp\libg.a(libc_a-mallocr.o)
                              C:/Program Files/arm-gnu-toolchain-15.2.rel1-mingw-w64-x86_64-arm-none-eabi/bin/../lib/gcc/arm-none-eabi/15.2.1/../../../../arm-none-eabi/lib/thumb/v6-m/nofp\libg.a(libc_a-callocr.o) (_malloc_r)
C:/Program Files/arm-gnu-toolchain-15.2.rel1-mingw-w64-x86_64-arm-none-eabi/bin/../lib/gcc/arm-none-eabi/15.2.1/../../../../arm-none-eabi/lib/thumb/v6-m/nofp\libg.a(libc_a-mlock.o)
                              C:/Program Files/arm-gnu-toolchain-15.2.rel1-mingw-w64-x86_64-arm-none-eabi/bin/../lib/gcc/arm-none-eabi/15.2.1/../../../../arm-none-eabi/lib/thumb/v6-m/nofp\libg.a(libc_a-mallocr.o) (__malloc_lock)
C:/Program Files/arm-gnu-toolchain-15.2.rel1-mingw-w64-x86_64-arm-none-eabi/bin/../lib/gcc/arm-none-eabi/15.2.1/../../../../arm-none-eabi/lib/thumb/v6-m/nofp\libg.a(libc_a-realloc.o)
                              CMakeFiles/KEY_PAD.dir/C_/Users/ishar/.pico-sdk/sdk/2.2.0/src/rp2_common/pico_malloc/malloc.c.obj (realloc)
C:/Program Files/arm-gnu-toolchain-15.2.rel1-mingw-w64-x86_64-arm-none-eabi/bin/../lib/gcc/arm-none-eabi/15.2.1/../../../../arm-none-eabi/lib/thumb/v6-m/nofp\libg.a(libc_a-reallocr.o)
                              C:/Program Files/arm-gnu-toolchain-15.2.rel1-mingw-w64-x86_64-arm-none-eabi/bin/../lib/gcc/arm-none-eabi/15.2.1/../../../../arm-none-eabi/lib/thumb/v6-m/nofp\libg.a(libc_a-realloc.o) (_realloc_r)
C:/Program Files/arm-gnu-toolchain-15.2.rel1-mingw-w64-x86_64-arm-none-eabi/bin/../lib/gcc/arm-none-eabi/15.2.1/../../../../arm-none-eabi/lib/thumb/v6-m/nofp\libg.a(libc_a-memcmp.o)
                              CMakeFiles/KEY_PAD.dir/C_/Users/ishar/.pico-sdk/sdk/2.2.0/src/rp2_common/pico_atomic/atomic.c.obj (memcmp)
C:/Program Files/arm-gnu-toolchain-15.2.rel1-mingw-w64-x86_64-arm-none-eabi/bin/../lib/gcc/arm-none-eabi/15.2.1/../../../../arm-none-eabi/lib/thumb/v6-m/nofp\libg.a(libc_a-memmove.o)
                              C:/Program Files/arm-gnu-toolchain-15.2.rel1-mingw-w64-x86_64-arm-none-eabi/bin/../lib/gcc/arm-none-eabi/15.2.1/../../../../arm-none-eabi/lib/thumb/v6-m/nofp\libg.a(libc_a-reallocr.o) (memmove)
C:/Program Files/arm-gnu-toolchain-15.2.rel1-mingw-w64-x86_64-arm-none-eabi/bin/../lib/gcc/arm-none-eabi/15.2.1/../../../../arm-none-eabi/lib/thumb/v6-m/nofp\libg.a(libc_a-lcltime_r.o)
                              CMakeFiles/KEY_PAD.dir/C_/Users/ishar/.pico-sdk/sdk/2.2.0/src/common/pico_util/datetime.c.obj (localtime_r)
C:/Program Files/arm-gnu-toolchain-15.2.rel1-mingw-w64-x86_64-arm-none-eabi/bin/../lib/gcc/arm-none-eabi/15.2.1/../../../../arm-none-eabi/lib/thumb/v6-m/nofp\libg.a(libc_a-mktime.o)
                              CMakeFiles/KEY_PAD.dir/C_/Users/ishar/.pico-sdk/sdk/2.2.0/src/common/pico_util/datetime.c.obj (mktime)
C:/Program Files/arm-gnu-toolchain-15.2.rel1-mingw-w64-x86_64-arm-none-eabi/bin/../lib/gcc/arm-none-eabi/15.2.1/../../../../arm-none-eabi/lib/thumb/v6-m/nofp\libg.a(libc_a-month_lengths.o)
                              C:/Program Files/arm-gnu-toolchain-15.2.rel1-mingw-w64-x86_64-arm-none-eabi/bin/../lib/gcc/arm-none-eabi/15.2.1/../../../../arm-none-eabi/lib/thumb/v6-m/nofp\libg.a(libc_a-lcltime_r.o) (__month_lengths)
C:/Program Files/arm-gnu-toolchain-15.2.rel1-mingw-w64-x86_64-arm-none-eabi/bin/../lib/gcc/arm-none-eabi/15.2.1/../../../../arm-none-eabi/lib/thumb/v6-m/nofp\libg.a(libc_a-tzcalc_limits.o)
[...]
Memory Configuration

Name             Origin             Length             Attributes
RAM              0x20000000         0x00040000         xrw
SCRATCH_X        0x20040000         0x00001000         xrw
SCRATCH_Y        0x20041000         0x00001000         xrw
*default*        0x00000000         0xffffffff

Linker script and memory map


.text           0x20000000     0x6f38
                0x20000000                        __logical_binary_start = .
                0x20000000                        __reset_start = .
 *(.reset)
 .reset         0x20000000       0x88 CMakeFiles/KEY_PAD.dir/C_/Users/ishar/.pico-sdk/sdk/2.2.0/src/rp2_common/pico_crt0/crt0.S.obj
                0x20000000                _entry_point
                0x20000088                        __reset_end = .
 *(.binary_info_header)
 .binary_info_header
                0x20000088       0x24 CMakeFiles/KEY_PAD.dir/C_/Users/ishar/.pico-sdk/sdk/2.2.0/src/rp2_common/pico_standard_binary_info/standard_binary_info.c.obj
 .binary_info_header
                0x200000ac       0x14 CMakeFiles/KEY_PAD.dir/C_/Users/ishar/.pico-sdk/sdk/2.2.0/src/rp2_common/pico_crt0/crt0.S.obj
                0x200000c0                        __binary_info_header_end = .
 *(.embedded_block)
                0x200000c0                        __embedded_block_end = .
                0x20000100                        . = ALIGN (0x100)
 *fill*         0x200000c0       0x40 
 *(.vectors)
 .vectors       0x20000100       0xd4 CMakeFiles/KEY_PAD.dir/C_/Users/ishar/.pico-sdk/sdk/2.2.0/src/rp2_common/pico_crt0/crt0.S.obj
                0x20000100                __VECTOR_TABLE
                0x20000100                __vectors
                0x200001c0                isr_irq13
                0x200001c0                isr_irq27
                0x200001c0                isr_irq31
                0x200001c0                isr_irq12
                0x200001c0                isr_irq5
                0x200001c0                isr_irq11
                0x200001c0                isr_irq3
                0x200001c0                isr_irq23
                0x200001c0                __unhandled_user_irq
                0x200001c0                isr_irq26
                0x200001c0                isr_irq28
                0x200001c0                isr_irq19
                0x200001c0                isr_irq0
                0x200001c0                isr_irq6
                0x200001c0                isr_irq29
                0x200001c0                isr_irq16
                0x200001c0                isr_irq22
                0x200001c0                isr_irq18
                0x200001c0                isr_irq17
                0x200001c0                isr_irq14
                0x200001c0                __vectors_end
                0x200001c0                __default_isrs_start
                0x200001c0                isr_irq2
                0x200001c0                isr_irq10
                0x200001c0                isr_irq8
                0x200001c0                isr_irq24
                0x200001c0                isr_irq1
                0x200001c0                isr_irq7
                0x200001c0                isr_irq21
                0x200001c0                isr_irq20
                0x200001c0                isr_irq15
                0x200001c0                isr_irq25
                0x200001c0                isr_irq4
                0x200001c0                isr_irq30
                0x200001c0                isr_irq9
                0x200001c6                unhandled_user_irq_num_in_r0
                0x200001c8                isr_invalid
                0x200001ca                isr_nmi
                0x200001cc                isr_hardfault
                0x200001ce                isr_svcall
                0x200001d0                isr_pendsv
                0x200001d2                isr_systick
                0x200001d4                __default_isrs_end
 *(.time_critical*)
 .time_critical.mutex_try_enter
                0x200001d4       0x4a CMakeFiles/KEY_PAD.dir/C_/Users/ishar/.pico-sdk/sdk/2.2.0/src/common/pico_sync/mutex.c.obj
                0x200001d4                mutex_try_enter
 *fill*         0x2000021e        0x2 
 .time_critical.mutex_enter_block_until
                0x20000220       0x7c CMakeFiles/KEY_PAD.dir/C_/Users/ishar/.pico-sdk/sdk/2.2.0/src/common/pico_sync/mutex.c.obj
                0x20000220                mutex_enter_block_until
 .time_critical.mutex_try_enter_block_until
                0x2000029c       0x34 CMakeFiles/KEY_PAD.dir/C_/Users/ishar/.pico-sdk/sdk/2.2.0/src/common/pico_sync/mutex.c.obj
                0x2000029c                mutex_try_enter_block_until
 .time_critical.mutex_enter_timeout_ms
                0x200002d0       0x3c CMakeFiles/KEY_PAD.dir/C_/Users/ishar/.pico-sdk/sdk/2.2.0/src/common/pico_sync/mutex.c.obj
                0x200002d0                mutex_enter_timeout_ms
 .time_critical.mutex_exit
                0x2000030c       0x4c CMakeFiles/KEY_PAD.dir/C_/Users/ishar/.pico-sdk/sdk/2.2.0/src/common/pico_sync/mutex.c.obj
                0x2000030c                mutex_exit
 .time_critical.reset_non_control_endpoints
                0x20000358       0x40 CMakeFiles/KEY_PAD.dir/C_/Users/ishar/.pico-sdk/sdk/2.2.0/lib/tinyusb/src/portable/raspberrypi/rp2040/dcd_rp2040.c.obj
 .time_critical.hw_handle_buff_status
                0x20000398       0x9c CMakeFiles/KEY_PAD.dir/C_/Users/ishar/.pico-sdk/sdk/2.2.0/lib/tinyusb/src/portable/raspberrypi/rp2040/dcd_rp2040.c.obj
 .time_critical.dcd_rp2040_irq
                0x20000434      0x1fc CMakeFiles/KEY_PAD.dir/C_/Users/ishar/.pico-sdk/sdk/2.2.0/lib/tinyusb/src/portable/raspberrypi/rp2040/dcd_rp2040.c.obj
 .time_critical.prepare_ep_buffer
                0x20000630       0x6c CMakeFiles/KEY_PAD.dir/C_/Users/ishar/.pico-sdk/sdk/2.2.0/lib/tinyusb/src/portable/raspberrypi/rp2040/rp2040_usb.c.obj
 .time_critical.e15_is_bulkin_ep
                0x2000069c       0x2c CMakeFiles/KEY_PAD.dir/C_/Users/ishar/.pico-sdk/sdk/2.2.0/lib/tinyusb/src/portable/raspberrypi/rp2040/rp2040_usb.c.obj
 .time_critical.e15_is_critical_frame_period
                0x200006c8       0x30 CMakeFiles/KEY_PAD.dir/C_/Users/ishar/.pico-sdk/sdk/2.2.0/lib/tinyusb/src/portable/raspberrypi/rp2040/rp2040_usb.c.obj
 .time_critical.sync_ep_buffer
                0x200006f8       0x78 CMakeFiles/KEY_PAD.dir/C_/Users/ishar/.pico-sdk/sdk/2.2.0/lib/tinyusb/src/portable/raspberrypi/rp2040/rp2040_usb.c.obj
 .time_critical._hw_endpoint_xfer_sync
                0x20000770       0x28 CMakeFiles/KEY_PAD.dir/C_/Users/ishar/.pico-sdk/sdk/2.2.0/lib/tinyusb/src/portable/raspberrypi/rp2040/rp2040_usb.c.obj
 .time_critical.hw_endpoint_reset_transfer
                0x20000798        0xc CMakeFiles/KEY_PAD.dir/C_/Users/ishar/.pico-sdk/sdk/2.2.0/lib/tinyusb/src/portable/raspberrypi/rp2040/rp2040_usb.c.obj
                0x20000798                hw_endpoint_reset_transfer
 .time_critical._hw_endpoint_buffer_control_update32
                0x200007a4       0x4c CMakeFiles/KEY_PAD.dir/C_/Users/ishar/.pico-sdk/sdk/2.2.0/lib/tinyusb/src/portable/raspberrypi/rp2040/rp2040_usb.c.obj
                0x200007a4                _hw_endpoint_buffer_control_update32
 .time_critical.hw_endpoint_start_next_buffer
                0x200007f0       0x7c CMakeFiles/KEY_PAD.dir/C_/Users/ishar/.pico-sdk/sdk/2.2.0/lib/tinyusb/src/portable/raspberrypi/rp2040/rp2040_usb.c.obj
                0x200007f0                hw_endpoint_start_next_buffer
 .time_critical.hw_endpoint_xfer_continue
                0x2000086c       0x40 CMakeFiles/KEY_PAD.dir/C_/Users/ishar/.pico-sdk/sdk/2.2.0/lib/tinyusb/src/portable/raspberrypi/rp2040/rp2040_usb.c.obj
                0x2000086c                hw_endpoint_xfer_continue
 .time_critical.tinyusb
                0x200008ac      0x1d0 CMakeFiles/KEY_PAD.dir/C_/Users/ishar/.pico-sdk/sdk/2.2.0/lib/tinyusb/src/device/usbd.c.obj
                0x200008ac                dcd_event_handler
 *(.text*)
 .text.main     0x20000a7c       0xd4 CMakeFiles/KEY_PAD.dir/main.c.obj
                0x20000a7c                main
 .text.gpio_set_function
                0x20000b50       0x34 CMakeFiles/KEY_PAD.dir/C_/Users/ishar/.pico-sdk/sdk/2.2.0/src/rp2_common/hardware_gpio/gpio.c.obj
                0x20000b50                gpio_set_function
 .text.gpio_set_pulls
                0x20000b84       0x34 CMakeFiles/KEY_PAD.dir/C_/Users/ishar/.pico-sdk/sdk/2.2.0/src/rp2_common/hardware_gpio/gpio.c.obj
                0x20000b84                gpio_set_pulls
 .text.gpio_init
                0x20000bb8       0x16 CMakeFiles/KEY_PAD.dir/C_/Users/ishar/.pico-sdk/sdk/2.2.0/src/rp2_common/hardware_gpio/gpio.c.obj
                0x20000bb8                gpio_init
 *fill*         0x20000bce        0x2 
 .text.rp2040_chip_version
                0x20000bd0       0x54 CMakeFiles/KEY_PAD.dir/C_/Users/ishar/.pico-sdk/sdk/2.2.0/src/rp2040/pico_platform/platform.c.obj
                0x20000bd0                rp2040_chip_version
 .text.panic    0x20000c24       0x30 CMakeFiles/KEY_PAD.dir/C_/Users/ishar/.pico-sdk/sdk/2.2.0/src/rp2_common/pico_platform_panic/panic.c.obj
                0x20000c24                panic
 .text.hw_claim_lock
                0x20000c54       0x18 CMakeFiles/KEY_PAD.dir/C_/Users/ishar/.pico-sdk/sdk/2.2.0/src/common/hardware_claim/claim.c.obj
                0x20000c54                hw_claim_lock
 .text.hw_claim_unlock
                0x20000c6c       0x14 CMakeFiles/KEY_PAD.dir/C_/Users/ishar/.pico-sdk/sdk/2.2.0/src/common/hardware_claim/claim.c.obj
                0x20000c6c                hw_claim_unlock
 .text.hw_claim_or_assert
                0x20000c80       0x36 CMakeFiles/KEY_PAD.dir/C_/Users/ishar/.pico-sdk/sdk/2.2.0/src/common/hardware_claim/claim.c.obj
                0x20000c80                hw_claim_or_assert
 .text.hw_claim_unused_from_range
                0x20000cb6       0x50 CMakeFiles/KEY_PAD.dir/C_/Users/ishar/.pico-sdk/sdk/2.2.0/src/common/hardware_claim/claim.c.obj
                0x20000cb6                hw_claim_unused_from_range
 *fill*         0x20000d06        0x2 
 .text.next_striped_spin_lock_num
                0x20000d08       0x1c CMakeFiles/KEY_PAD.dir/C_/Users/ishar/.pico-sdk/sdk/2.2.0/src/rp2_common/hardware_sync/sync.c.obj
                0x20000d08                next_striped_spin_lock_num
 .text.spin_lock_claim_unused
                0x20000d24       0x20 CMakeFiles/KEY_PAD.dir/C_/Users/ishar/.pico-sdk/sdk/2.2.0/src/rp2_common/hardware_sync/sync.c.obj
                0x20000d24                spin_lock_claim_unused
 .text.spin_locks_reset
                0x20000d44       0x20 CMakeFiles/KEY_PAD.dir/C_/Users/ishar/.pico-sdk/sdk/2.2.0/src/rp2_common/hardware_sync_spin_lock/sync_spin_lock.c.obj
                0x20000d44                spin_locks_reset
 .text.set_raw_irq_handler_and_unlock
                0x20000d64       0x28 CMakeFiles/KEY_PAD.dir/C_/Users/ishar/.pico-sdk/sdk/2.2.0/src/rp2_common/hardware_irq/irq.c.obj
 .text.nvic_ipr0
                0x20000d8c        0x8 CMakeFiles/KEY_PAD.dir/C_/Users/ishar/.pico-sdk/sdk/2.2.0/src/rp2_common/hardware_irq/irq.c.obj
 .text.runtime_init_per_core_irq_priorities
                0x20000d94       0x1c CMakeFiles/KEY_PAD.dir/C_/Users/ishar/.pico-sdk/sdk/2.2.0/src/rp2_common/hardware_irq/irq.c.obj
                0x20000d94                runtime_init_per_core_irq_priorities
 .text.resolve_j_16
                0x20000db0       0x30 CMakeFiles/KEY_PAD.dir/C_/Users/ishar/.pico-sdk/sdk/2.2.0/src/rp2_common/hardware_irq/irq.c.obj
 .text.make_j_16
                0x20000de0       0x48 CMakeFiles/KEY_PAD.dir/C_/Users/ishar/.pico-sdk/sdk/2.2.0/src/rp2_common/hardware_irq/irq.c.obj
 .text.irq_is_enabled
                0x20000e28       0x18 CMakeFiles/KEY_PAD.dir/C_/Users/ishar/.pico-sdk/sdk/2.2.0/src/rp2_common/hardware_irq/irq.c.obj
                0x20000e28                irq_is_enabled
 .text.irq_set_mask_n_enabled
                0x20000e40       0x1c CMakeFiles/KEY_PAD.dir/C_/Users/ishar/.pico-sdk/sdk/2.2.0/src/rp2_common/hardware_irq/irq.c.obj
                0x20000e40                irq_set_mask_n_enabled
 .text.irq_set_enabled
                0x20000e5c       0x14 CMakeFiles/KEY_PAD.dir/C_/Users/ishar/.pico-sdk/sdk/2.2.0/src/rp2_common/hardware_irq/irq.c.obj
                0x20000e5c                irq_set_enabled
 .text.irq_set_pending
                0x20000e70       0x10 CMakeFiles/KEY_PAD.dir/C_/Users/ishar/.pico-sdk/sdk/2.2.0/src/rp2_common/hardware_irq/irq.c.obj
                0x20000e70                irq_set_pending
 .text.irq_get_vtable_handler
                0x20000e80       0x10 CMakeFiles/KEY_PAD.dir/C_/Users/ishar/.pico-sdk/sdk/2.2.0/src/rp2_common/hardware_irq/irq.c.obj
                0x20000e80                irq_get_vtable_handler
 .text.irq_has_shared_handler
                0x20000e90       0x1c CMakeFiles/KEY_PAD.dir/C_/Users/ishar/.pico-sdk/sdk/2.2.0/src/rp2_common/hardware_irq/irq.c.obj
                0x20000e90                irq_has_shared_handler
 .text.irq_set_exclusive_handler
                0x20000eac       0x54 CMakeFiles/KEY_PAD.dir/C_/Users/ishar/.pico-sdk/sdk/2.2.0/src/rp2_common/hardware_irq/irq.c.obj
                0x20000eac                irq_set_exclusive_handler
 .text.irq_add_shared_handler
                0x20000f00      0x218 CMakeFiles/KEY_PAD.dir/C_/Users/ishar/.pico-sdk/sdk/2.2.0/src/rp2_common/hardware_irq/irq.c.obj
                0x20000f00                irq_add_shared_handler
 .text.irq_add_tail_to_free_list
                0x20001118       0xf8 CMakeFiles/KEY_PAD.dir/C_/Users/ishar/.pico-sdk/sdk/2.2.0/src/rp2_common/hardware_irq/irq.c.obj
                0x20001118                irq_add_tail_to_free_list
 .text.user_irq_claim_unused
                0x20001210       0x28 CMakeFiles/KEY_PAD.dir/C_/Users/ishar/.pico-sdk/sdk/2.2.0/src/rp2_common/hardware_irq/irq.c.obj
                0x20001210                user_irq_claim_unused
 .text.lock_init
                0x20001238       0x10 CMakeFiles/KEY_PAD.dir/C_/Users/ishar/.pico-sdk/sdk/2.2.0/src/common/pico_sync/lock_core.c.obj
                0x20001238                lock_init
 .text.mutex_init
                0x20001248       0x1a CMakeFiles/KEY_PAD.dir/C_/Users/ishar/.pico-sdk/sdk/2.2.0/src/common/pico_sync/mutex.c.obj
                0x20001248                mutex_init
 .text.recursive_mutex_init
                0x20001262       0x1e CMakeFiles/KEY_PAD.dir/C_/Users/ishar/.pico-sdk/sdk/2.2.0/src/common/pico_sync/mutex.c.obj
                0x20001262                recursive_mutex_init
 .text.runtime_init_mutex
                0x20001280       0x4c CMakeFiles/KEY_PAD.dir/C_/Users/ishar/.pico-sdk/sdk/2.2.0/src/common/pico_sync/mutex.c.obj
                0x20001280                runtime_init_mutex
 .text.critical_section_init_with_lock_num
                0x200012cc       0x14 CMakeFiles/KEY_PAD.dir/C_/Users/ishar/.pico-sdk/sdk/2.2.0/src/common/pico_sync/critical_section.c.obj
                0x200012cc                critical_section_init_with_lock_num
 .text.critical_section_init
                0x200012e0       0x14 CMakeFiles/KEY_PAD.dir/C_/Users/ishar/.pico-sdk/sdk/2.2.0/src/common/pico_sync/critical_section.c.obj
                0x200012e0                critical_section_init
 .text.ta_set_timeout
                0x200012f4       0x28 CMakeFiles/KEY_PAD.dir/C_/Users/ishar/.pico-sdk/sdk/2.2.0/src/common/pico_time/time.c.obj
 .text.make_alarm_id
                0x2000131c        0x6 CMakeFiles/KEY_PAD.dir/C_/Users/ishar/.pico-sdk/sdk/2.2.0/src/common/pico_time/time.c.obj
 *fill*         0x20001322        0x2 
 .text.sleep_until_callback
                0x20001324       0x30 CMakeFiles/KEY_PAD.dir/C_/Users/ishar/.pico-sdk/sdk/2.2.0/src/common/pico_time/time.c.obj
 .text.alarm_pool_irq_handler
                0x20001354      0x2f4 CMakeFiles/KEY_PAD.dir/C_/Users/ishar/.pico-sdk/sdk/2.2.0/src/common/pico_time/time.c.obj
 .text.ta_enable_irq_handler
                0x20001648       0x2c CMakeFiles/KEY_PAD.dir/C_/Users/ishar/.pico-sdk/sdk/2.2.0/src/common/pico_time/time.c.obj
 .text.alarm_pool_post_alloc_init
                0x20001674       0x68 CMakeFiles/KEY_PAD.dir/C_/Users/ishar/.pico-sdk/sdk/2.2.0/src/common/pico_time/time.c.obj
 .text.alarm_pool_get_default
                0x200016dc       0x2c CMakeFiles/KEY_PAD.dir/C_/Users/ishar/.pico-sdk/sdk/2.2.0/src/common/pico_time/time.c.obj
                0x200016dc                alarm_pool_get_default
 .text.alarm_pool_add_alarm_at_force_in_context
                0x20001708       0xa4 CMakeFiles/KEY_PAD.dir/C_/Users/ishar/.pico-sdk/sdk/2.2.0/src/common/pico_time/time.c.obj
                0x20001708                alarm_pool_add_alarm_at_force_in_context
 .text.alarm_pool_add_alarm_at
                0x200017ac       0x3c CMakeFiles/KEY_PAD.dir/C_/Users/ishar/.pico-sdk/sdk/2.2.0/src/common/pico_time/time.c.obj
                0x200017ac                alarm_pool_add_alarm_at
 .text.add_alarm_at
                0x200017e8       0x2e CMakeFiles/KEY_PAD.dir/C_/Users/ishar/.pico-sdk/sdk/2.2.0/src/common/pico_time/time.c.obj
 *fill*         0x20001816        0x2 
 .text.alarm_pool_cancel_alarm
                0x20001818       0x7c CMakeFiles/KEY_PAD.dir/C_/Users/ishar/.pico-sdk/sdk/2.2.0/src/common/pico_time/time.c.obj
                0x20001818                alarm_pool_cancel_alarm
 .text.cancel_alarm
                0x20001894       0x10 CMakeFiles/KEY_PAD.dir/C_/Users/ishar/.pico-sdk/sdk/2.2.0/src/common/pico_time/time.c.obj
 .text.alarm_pool_core_num
                0x200018a4        0x4 CMakeFiles/KEY_PAD.dir/C_/Users/ishar/.pico-sdk/sdk/2.2.0/src/common/pico_time/time.c.obj
                0x200018a4                alarm_pool_core_num
 .text.sleep_until
                0x200018a8       0xb0 CMakeFiles/KEY_PAD.dir/C_/Users/ishar/.pico-sdk/sdk/2.2.0/src/common/pico_time/time.c.obj
                0x200018a8                sleep_until
 .text.sleep_us
                0x20001958       0x2c CMakeFiles/KEY_PAD.dir/C_/Users/ishar/.pico-sdk/sdk/2.2.0/src/common/pico_time/time.c.obj
                0x20001958                sleep_us
 .text.sleep_ms
                0x20001984       0x14 CMakeFiles/KEY_PAD.dir/C_/Users/ishar/.pico-sdk/sdk/2.2.0/src/common/pico_time/time.c.obj
                0x20001984                sleep_ms
 .text.best_effort_wfe_or_timeout
                0x20001998      0x120 CMakeFiles/KEY_PAD.dir/C_/Users/ishar/.pico-sdk/sdk/2.2.0/src/common/pico_time/time.c.obj
                0x20001998                best_effort_wfe_or_timeout
 .text.alarm_pool_get_default_timer
                0x20001ab8        0x8 CMakeFiles/KEY_PAD.dir/C_/Users/ishar/.pico-sdk/sdk/2.2.0/src/common/pico_time/time.c.obj
                0x20001ab8                alarm_pool_get_default_timer
 .text.runtime_init_default_alarm_pool
                0x20001ac0       0x38 CMakeFiles/KEY_PAD.dir/C_/Users/ishar/.pico-sdk/sdk/2.2.0/src/common/pico_time/time.c.obj
                0x20001ac0                runtime_init_default_alarm_pool
 .text.timer_hardware_alarm_claim
                0x20001af8       0x14 CMakeFiles/KEY_PAD.dir/C_/Users/ishar/.pico-sdk/sdk/2.2.0/src/rp2_common/hardware_timer/timer.c.obj
                0x20001af8                timer_hardware_alarm_claim
 .text.timer_time_us_64
                0x20001b0c       0x10 CMakeFiles/KEY_PAD.dir/C_/Users/ishar/.pico-sdk/sdk/2.2.0/src/rp2_common/hardware_timer/timer.c.obj
                0x20001b0c                timer_time_us_64
 .text.timer_busy_wait_until
                0x20001b1c       0x1a CMakeFiles/KEY_PAD.dir/C_/Users/ishar/.pico-sdk/sdk/2.2.0/src/rp2_common/hardware_timer/timer.c.obj
                0x20001b1c                timer_busy_wait_until
 *fill*         0x20001b36        0x2 
 .text.time_us_64
                0x20001b38       0x10 CMakeFiles/KEY_PAD.dir/C_/Users/ishar/.pico-sdk/sdk/2.2.0/src/rp2_common/hardware_timer/timer.c.obj
                0x20001b38                time_us_64
 .text.busy_wait_until
                0x20001b48       0x14 CMakeFiles/KEY_PAD.dir/C_/Users/ishar/.pico-sdk/sdk/2.2.0/src/rp2_common/hardware_timer/timer.c.obj
                0x20001b48                busy_wait_until
 .text.clock_configure_internal
                0x20001b5c       0xc0 CMakeFiles/KEY_PAD.dir/C_/Users/ishar/.pico-sdk/sdk/2.2.0/src/rp2_common/hardware_clocks/clocks.c.obj
 .text.clock_configure_int_divider
                0x20001c1c       0x28 CMakeFiles/KEY_PAD.dir/C_/Users/ishar/.pico-sdk/sdk/2.2.0/src/rp2_common/hardware_clocks/clocks.c.obj
                0x20001c1c                clock_configure_int_divider
 .text.clock_configure_undivided
                0x20001c44       0x12 CMakeFiles/KEY_PAD.dir/C_/Users/ishar/.pico-sdk/sdk/2.2.0/src/rp2_common/hardware_clocks/clocks.c.obj
                0x20001c44                clock_configure_undivided
 *fill*         0x20001c56        0x2 
 .text.clock_get_hz
                0x20001c58        0xc CMakeFiles/KEY_PAD.dir/C_/Users/ishar/.pico-sdk/sdk/2.2.0/src/rp2_common/hardware_clocks/clocks.c.obj
                0x20001c58                clock_get_hz
 .text.pll_init
                0x20001c64      0x124 CMakeFiles/KEY_PAD.dir/C_/Users/ishar/.pico-sdk/sdk/2.2.0/src/rp2_common/hardware_pll/pll.c.obj
                0x20001c64                pll_init
 .text.watchdog_update
                0x20001d88       0x14 CMakeFiles/KEY_PAD.dir/C_/Users/ishar/.pico-sdk/sdk/2.2.0/src/rp2_common/hardware_watchdog/watchdog.c.obj
                0x20001d88                watchdog_update
 .text._watchdog_enable
                0x20001d9c       0x78 CMakeFiles/KEY_PAD.dir/C_/Users/ishar/.pico-sdk/sdk/2.2.0/src/rp2_common/hardware_watchdog/watchdog.c.obj
                0x20001d9c                _watchdog_enable
 .text.watchdog_reboot
                0x20001e14       0x48 CMakeFiles/KEY_PAD.dir/C_/Users/ishar/.pico-sdk/sdk/2.2.0/src/rp2_common/hardware_watchdog/watchdog.c.obj
                0x20001e14                watchdog_reboot
 .text.tick_start
                0x20001e5c       0x10 CMakeFiles/KEY_PAD.dir/C_/Users/ishar/.pico-sdk/sdk/2.2.0/src/rp2_common/hardware_ticks/ticks.c.obj
                0x20001e5c                tick_start
 .text.rom_func_lookup
                0x20001e6c       0x10 CMakeFiles/KEY_PAD.dir/C_/Users/ishar/.pico-sdk/sdk/2.2.0/src/rp2_common/pico_bootrom/bootrom.c.obj
                0x20001e6c                rom_func_lookup
 .text.rom_data_lookup
                0x20001e7c       0x10 CMakeFiles/KEY_PAD.dir/C_/Users/ishar/.pico-sdk/sdk/2.2.0/src/rp2_common/pico_bootrom/bootrom.c.obj
                0x20001e7c                rom_data_lookup
 .text.rom_funcs_lookup
                0x20001e8c       0x36 CMakeFiles/KEY_PAD.dir/C_/Users/ishar/.pico-sdk/sdk/2.2.0/src/rp2_common/pico_bootrom/bootrom.c.obj
                0x20001e8c                rom_funcs_lookup
 *fill*         0x20001ec2        0x2 
 .text.rom_reset_usb_boot_extra
                0x20001ec4       0x24 CMakeFiles/KEY_PAD.dir/C_/Users/ishar/.pico-sdk/sdk/2.2.0/src/rp2_common/pico_bootrom/bootrom.c.obj
                0x20001ec4                rom_reset_usb_boot_extra
 .text.xosc_init
                0x20001ee8       0x2c CMakeFiles/KEY_PAD.dir/C_/Users/ishar/.pico-sdk/sdk/2.2.0/src/rp2_common/hardware_xosc/xosc.c.obj
                0x20001ee8                xosc_init
 .text.runtime_run_initializers_from
                0x20001f14       0x18 CMakeFiles/KEY_PAD.dir/C_/Users/ishar/.pico-sdk/sdk/2.2.0/src/rp2_common/pico_runtime/runtime.c.obj
 .text.first_per_core_initializer
                0x20001f2c        0x2 CMakeFiles/KEY_PAD.dir/C_/Users/ishar/.pico-sdk/sdk/2.2.0/src/rp2_common/pico_runtime/runtime.c.obj
 *fill*         0x20001f2e        0x2 
 .text.runtime_run_initializers
                0x20001f30       0x10 CMakeFiles/KEY_PAD.dir/C_/Users/ishar/.pico-sdk/sdk/2.2.0/src/rp2_common/pico_runtime/runtime.c.obj
                0x20001f30                runtime_run_initializers
 .text.runtime_init_early_resets
                0x20001f40       0x2c CMakeFiles/KEY_PAD.dir/C_/Users/ishar/.pico-sdk/sdk/2.2.0/src/rp2_common/pico_runtime_init/runtime_init.c.obj
                0x20001f40                runtime_init_early_resets
 .text.runtime_init_usb_power_down
                0x20001f6c       0x1c CMakeFiles/KEY_PAD.dir/C_/Users/ishar/.pico-sdk/sdk/2.2.0/src/rp2_common/pico_runtime_init/runtime_init.c.obj
                0x20001f6c                runtime_init_usb_power_down
 .text.runtime_init_post_clock_resets
                0x20001f88       0x20 CMakeFiles/KEY_PAD.dir/C_/Users/ishar/.pico-sdk/sdk/2.2.0/src/rp2_common/pico_runtime_init/runtime_init.c.obj
                0x20001f88                runtime_init_post_clock_resets
 .text.runtime_init_rp2040_gpio_ie_disable
                0x20001fa8       0x14 CMakeFiles/KEY_PAD.dir/C_/Users/ishar/.pico-sdk/sdk/2.2.0/src/rp2_common/pico_runtime_init/runtime_init.c.obj
                0x20001fa8                runtime_init_rp2040_gpio_ie_disable
 .text.runtime_init_spin_locks_reset
                0x20001fbc        0x8 CMakeFiles/KEY_PAD.dir/C_/Users/ishar/.pico-sdk/sdk/2.2.0/src/rp2_common/pico_runtime_init/runtime_init.c.obj
                0x20001fbc                runtime_init_spin_locks_reset
 .text.start_all_ticks
                0x20001fc4       0x28 CMakeFiles/KEY_PAD.dir/C_/Users/ishar/.pico-sdk/sdk/2.2.0/src/rp2_common/pico_runtime_init/runtime_init_clocks.c.obj
 .text.runtime_init_clocks
                0x20001fec       0xcc CMakeFiles/KEY_PAD.dir/C_/Users/ishar/.pico-sdk/sdk/2.2.0/src/rp2_common/pico_runtime_init/runtime_init_clocks.c.obj
                0x20001fec                runtime_init_clocks
 .text          0x200020b8       0x10 CMakeFiles/KEY_PAD.dir/C_/Users/ishar/.pico-sdk/sdk/2.2.0/src/rp2_common/pico_bit_ops/bit_ops_aeabi.S.obj
 .text.__wrap___aeabi_idiv
                0x200020c8       0x50 CMakeFiles/KEY_PAD.dir/C_/Users/ishar/.pico-sdk/sdk/2.2.0/src/rp2_common/pico_divider/divider_hardware.S.obj
                0x200020c8                __wrap___aeabi_idivmod
                0x200020c8                divmod_s32s32
                0x200020c8                div_s32s32
                0x200020c8                __wrap___aeabi_idiv
                0x200020d0                divmod_s32s32_unsafe
                0x200020fc                divmod_s32s32_savestate
 .text.__wrap___aeabi_uidiv
                0x20002118       0x4c CMakeFiles/KEY_PAD.dir/C_/Users/ishar/.pico-sdk/sdk/2.2.0/src/rp2_common/pico_divider/divider_hardware.S.obj
                0x20002118                __wrap___aeabi_uidiv
                0x20002118                __wrap___aeabi_uidivmod
                0x20002118                div_u32u32
                0x20002118                divmod_u32u32
                0x20002120                divmod_u32u32_unsafe
                0x20002148                divmod_u32u32_savestate
 .text.__wrap___aeabi_ldiv
                0x20002164      0x424 CMakeFiles/KEY_PAD.dir/C_/Users/ishar/.pico-sdk/sdk/2.2.0/src/rp2_common/pico_divider/divider_hardware.S.obj
                0x20002164                div_s64s64
                0x20002164                divmod_s64s64
                0x20002164                __wrap___aeabi_ldivmod
                0x20002194                divmod_u64u64
                0x20002194                div_u64u64
                0x20002194                __wrap___aeabi_uldivmod
                0x200021a4                divmod_u64u64_savestate
                0x200021c4                divmod_s64s64_unsafe
                0x2000224c                divmod_u64u64_unsafe
 .text.__wrap___aeabi_darithmetic
                0x20002588       0x80 CMakeFiles/KEY_PAD.dir/C_/Users/ishar/.pico-sdk/sdk/2.2.0/src/rp2_common/pico_double/double_aeabi_rp2040.S.obj
                0x20002588                __wrap___aeabi_drsub
                0x2000258e                __wrap___aeabi_dsub
                0x200025a0                __wrap___aeabi_dadd
                0x200025b2                __wrap___aeabi_ddiv
                0x200025ee                __wrap___aeabi_dmul
 .text.__wrap___aeabi_cdcmple
                0x20002608       0x6c CMakeFiles/KEY_PAD.dir/C_/Users/ishar/.pico-sdk/sdk/2.2.0/src/rp2_common/pico_double/double_aeabi_rp2040.S.obj
                0x20002608                __wrap___aeabi_cdrcmple
                0x20002618                __wrap___aeabi_cdcmpeq
                0x20002618                __wrap___aeabi_cdcmple
 .text.__wrap___aeabi_dcmplt
                0x20002674        0xc CMakeFiles/KEY_PAD.dir/C_/Users/ishar/.pico-sdk/sdk/2.2.0/src/rp2_common/pico_double/double_aeabi_rp2040.S.obj
                0x20002674                __wrap___aeabi_dcmplt
 .text.__wrap___aeabi_dcmple
                0x20002680       0x10 CMakeFiles/KEY_PAD.dir/C_/Users/ishar/.pico-sdk/sdk/2.2.0/src/rp2_common/pico_double/double_aeabi_rp2040.S.obj
                0x20002680                __wrap___aeabi_dcmple
 .text.__wrap___aeabi_dcmpge
                0x20002690       0x10 CMakeFiles/KEY_PAD.dir/C_/Users/ishar/.pico-sdk/sdk/2.2.0/src/rp2_common/pico_double/double_aeabi_rp2040.S.obj
                0x20002690                __wrap___aeabi_dcmpge
 .text.__wrap___aeabi_dcmpgt
                0x200026a0        0xa CMakeFiles/KEY_PAD.dir/C_/Users/ishar/.pico-sdk/sdk/2.2.0/src/rp2_common/pico_double/double_aeabi_rp2040.S.obj
                0x200026a0                __wrap___aeabi_dcmpgt
 .text.__wrap___aeabi_dcmpun
                0x200026aa       0x18 CMakeFiles/KEY_PAD.dir/C_/Users/ishar/.pico-sdk/sdk/2.2.0/src/rp2_common/pico_double/double_aeabi_rp2040.S.obj
                0x200026aa                __wrap___aeabi_dcmpun
 *fill*         0x200026c2        0x2 
 .text.__wrap___aeabi_i2d
                0x200026c4       0x38 CMakeFiles/KEY_PAD.dir/C_/Users/ishar/.pico-sdk/sdk/2.2.0/src/rp2_common/pico_double/double_aeabi_rp2040.S.obj
                0x200026c4                uint2double
                0x200026c4                __wrap___aeabi_ui2d
                0x200026cc                int2double
                0x200026cc                __wrap___aeabi_i2d
 .text.__wrap___aeabi_d2iz
                0x200026fc       0x48 CMakeFiles/KEY_PAD.dir/C_/Users/ishar/.pico-sdk/sdk/2.2.0/src/rp2_common/pico_double/double_aeabi_rp2040.S.obj
                0x200026fc                double2int_z
                0x200026fc                __wrap___aeabi_d2iz
 .text.__wrap___aeabi_d2uiz
                0x20002744       0x18 CMakeFiles/KEY_PAD.dir/C_/Users/ishar/.pico-sdk/sdk/2.2.0/src/rp2_common/pico_double/double_aeabi_rp2040.S.obj
                0x20002744                double2uint
                0x20002744                __wrap___aeabi_d2uiz
                0x20002744                double2uint_z
 .text.__aeabi_double_init
                0x2000275c       0xcc CMakeFiles/KEY_PAD.dir/C_/Users/ishar/.pico-sdk/sdk/2.2.0/src/rp2_common/pico_double/double_init_rom_rp2040.c.obj
                0x2000275c                __aeabi_double_init
 .text.double_table_shim_on_use_helper
                0x20002828       0x34 CMakeFiles/KEY_PAD.dir/C_/Users/ishar/.pico-sdk/sdk/2.2.0/src/rp2_common/pico_double/double_v1_rom_shim_rp2040.S.obj
                0x20002828                double_table_shim_on_use_helper
 .text.__wrap___aeabi_dsub
                0x2000285c       0x10 CMakeFiles/KEY_PAD.dir/C_/Users/ishar/.pico-sdk/sdk/2.2.0/src/rp2_common/pico_double/double_v1_rom_shim_rp2040.S.obj
                0x2000285c                drsub_shim
                0x20002862                dsub_shim
 .text.dadd_shim
                0x2000286c      0x15c CMakeFiles/KEY_PAD.dir/C_/Users/ishar/.pico-sdk/sdk/2.2.0/src/rp2_common/pico_double/double_v1_rom_shim_rp2040.S.obj
                0x2000286c                dadd_shim
 .text.dmul_shim
                0x200029c8      0x15c CMakeFiles/KEY_PAD.dir/C_/Users/ishar/.pico-sdk/sdk/2.2.0/src/rp2_common/pico_double/double_v1_rom_shim_rp2040.S.obj
                0x200029c8                dmul_shim
 .text.ddiv_shim
                0x20002b24      0x1b0 CMakeFiles/KEY_PAD.dir/C_/Users/ishar/.pico-sdk/sdk/2.2.0/src/rp2_common/pico_double/double_v1_rom_shim_rp2040.S.obj
                0x20002b24                ddiv_shim
 .text.double2uint_shim
                0x20002cd4        0xe CMakeFiles/KEY_PAD.dir/C_/Users/ishar/.pico-sdk/sdk/2.2.0/src/rp2_common/pico_double/double_v1_rom_shim_rp2040.S.obj
                0x20002cd4                double2uint_shim
                0x20002cd6                double2ufix_shim
 *fill*         0x20002ce2        0x2 
 .text.double2uint64_shim
                0x20002ce4       0x70 CMakeFiles/KEY_PAD.dir/C_/Users/ishar/.pico-sdk/sdk/2.2.0/src/rp2_common/pico_double/double_v1_rom_shim_rp2040.S.obj
                0x20002ce4                double2uint64_shim
                0x20002ce6                double2ufix64_shim
                0x20002d06                d2fix_a
 .text.dunpacks
                0x20002d54       0x3c CMakeFiles/KEY_PAD.dir/C_/Users/ishar/.pico-sdk/sdk/2.2.0/src/rp2_common/pico_double/double_v1_rom_shim_rp2040.S.obj
                0x20002d54                dunpacks
 .text.__aeabi_lmul
                0x20002d90       0x32 CMakeFiles/KEY_PAD.dir/C_/Users/ishar/.pico-sdk/sdk/2.2.0/src/rp2_common/pico_int64_ops/pico_int64_ops_aeabi.S.obj
                0x20002d90                __wrap___aeabi_lmul
 *fill*         0x20002dc2        0x2 
 .text.__aeabi_float_init
                0x20002dc4       0xfc CMakeFiles/KEY_PAD.dir/C_/Users/ishar/.pico-sdk/sdk/2.2.0/src/rp2_common/pico_float/float_init_rom_rp2040.c.obj
                0x20002dc4                __aeabi_float_init
 .text.float_table_shim_on_use_helper
                0x20002ec0       0x34 CMakeFiles/KEY_PAD.dir/C_/Users/ishar/.pico-sdk/sdk/2.2.0/src/rp2_common/pico_float/float_v1_rom_shim_rp2040.S.obj
                0x20002ec0                float_table_shim_on_use_helper
 .text          0x20002ef4       0x10 CMakeFiles/KEY_PAD.dir/C_/Users/ishar/.pico-sdk/sdk/2.2.0/src/rp2_common/pico_mem_ops/mem_ops_aeabi.S.obj
                0x20002ef4                __aeabi_mem_init
 .text.memset   0x20002f04        0xc CMakeFiles/KEY_PAD.dir/C_/Users/ishar/.pico-sdk/sdk/2.2.0/src/rp2_common/pico_mem_ops/mem_ops_aeabi.S.obj
                0x20002f04                __wrap_memset
 .text.memcpy   0x20002f10        0xc CMakeFiles/KEY_PAD.dir/C_/Users/ishar/.pico-sdk/sdk/2.2.0/src/rp2_common/pico_mem_ops/mem_ops_aeabi.S.obj
                0x20002f10                __wrap_memcpy
                0x20002f10                __wrap___aeabi_memcpy
 .text._out_null
                0x20002f1c        0x2 CMakeFiles/KEY_PAD.dir/C_/Users/ishar/.pico-sdk/sdk/2.2.0/src/rp2_common/pico_printf/printf.c.obj
 .text._out_fct
                0x20002f1e        0xe CMakeFiles/KEY_PAD.dir/C_/Users/ishar/.pico-sdk/sdk/2.2.0/src/rp2_common/pico_printf/printf.c.obj
 .text._atoi    0x20002f2c       0x24 CMakeFiles/KEY_PAD.dir/C_/Users/ishar/.pico-sdk/sdk/2.2.0/src/rp2_common/pico_printf/printf.c.obj
 .text._out_rev
                0x20002f50       0xba CMakeFiles/KEY_PAD.dir/C_/Users/ishar/.pico-sdk/sdk/2.2.0/src/rp2_common/pico_printf/printf.c.obj
 .text._ntoa_format
                0x2000300a      0x116 CMakeFiles/KEY_PAD.dir/C_/Users/ishar/.pico-sdk/sdk/2.2.0/src/rp2_common/pico_printf/printf.c.obj
 .text._ntoa_long
                0x20003120       0xb8 CMakeFiles/KEY_PAD.dir/C_/Users/ishar/.pico-sdk/sdk/2.2.0/src/rp2_common/pico_printf/printf.c.obj
 .text._ntoa_long_long
                0x200031d8       0xf8 CMakeFiles/KEY_PAD.dir/C_/Users/ishar/.pico-sdk/sdk/2.2.0/src/rp2_common/pico_printf/printf.c.obj
 .text._etoa    0x200032d0      0x448 CMakeFiles/KEY_PAD.dir/C_/Users/ishar/.pico-sdk/sdk/2.2.0/src/rp2_common/pico_printf/printf.c.obj
 .text._ftoa    0x20003718      0x340 CMakeFiles/KEY_PAD.dir/C_/Users/ishar/.pico-sdk/sdk/2.2.0/src/rp2_common/pico_printf/printf.c.obj
 .text._vsnprintf
                0x20003a58      0x684 CMakeFiles/KEY_PAD.dir/C_/Users/ishar/.pico-sdk/sdk/2.2.0/src/rp2_common/pico_printf/printf.c.obj
 .text.vfctprintf
                0x200040dc       0x28 CMakeFiles/KEY_PAD.dir/C_/Users/ishar/.pico-sdk/sdk/2.2.0/src/rp2_common/pico_printf/printf.c.obj
                0x200040dc                vfctprintf
 .text._exit    0x20004104        0x4 CMakeFiles/KEY_PAD.dir/C_/Users/ishar/.pico-sdk/sdk/2.2.0/src/rp2_common/pico_clib_interface/newlib_interface.c.obj
                0x20004104                _exit
 .text.exit     0x20004108        0x6 CMakeFiles/KEY_PAD.dir/C_/Users/ishar/.pico-sdk/sdk/2.2.0/src/rp2_common/pico_clib_interface/newlib_interface.c.obj
                0x20004108                exit
 *fill*         0x2000410e        0x2 
 .text.__assert_func
                0x20004110       0x38 CMakeFiles/KEY_PAD.dir/C_/Users/ishar/.pico-sdk/sdk/2.2.0/src/rp2_common/pico_clib_interface/newlib_interface.c.obj
                0x20004110                __assert_func
 .text.runtime_init
                0x20004148       0x28 CMakeFiles/KEY_PAD.dir/C_/Users/ishar/.pico-sdk/sdk/2.2.0/src/rp2_common/pico_clib_interface/newlib_interface.c.obj
                0x20004148                runtime_init
 .text.stdio_out_chars_no_crlf
                0x20004170        0xe CMakeFiles/KEY_PAD.dir/C_/Users/ishar/.pico-sdk/sdk/2.2.0/src/rp2_common/pico_stdio/stdio.c.obj
 *fill*         0x2000417e        0x2 
 .text.stdio_out_chars_crlf
                0x20004180       0x7c CMakeFiles/KEY_PAD.dir/C_/Users/ishar/.pico-sdk/sdk/2.2.0/src/rp2_common/pico_stdio/stdio.c.obj
 .text.stdio_stack_buffer_flush
                0x200041fc       0x44 CMakeFiles/KEY_PAD.dir/C_/Users/ishar/.pico-sdk/sdk/2.2.0/src/rp2_common/pico_stdio/stdio.c.obj
 .text.stdio_buffered_printer
                0x20004240       0x20 CMakeFiles/KEY_PAD.dir/C_/Users/ishar/.pico-sdk/sdk/2.2.0/src/rp2_common/pico_stdio/stdio.c.obj
 .text.stdout_serialize_begin
                0x20004260       0x30 CMakeFiles/KEY_PAD.dir/C_/Users/ishar/.pico-sdk/sdk/2.2.0/src/rp2_common/pico_stdio/stdio.c.obj
                0x20004260                stdout_serialize_begin
 .text.stdout_serialize_end
                0x20004290       0x10 CMakeFiles/KEY_PAD.dir/C_/Users/ishar/.pico-sdk/sdk/2.2.0/src/rp2_common/pico_stdio/stdio.c.obj
                0x20004290                stdout_serialize_end
 .text.stdio_put_string
                0x200042a0       0x94 CMakeFiles/KEY_PAD.dir/C_/Users/ishar/.pico-sdk/sdk/2.2.0/src/rp2_common/pico_stdio/stdio.c.obj
                0x200042a0                stdio_put_string
 .text.stdio_set_driver_enabled
                0x20004334       0x30 CMakeFiles/KEY_PAD.dir/C_/Users/ishar/.pico-sdk/sdk/2.2.0/src/rp2_common/pico_stdio/stdio.c.obj
                0x20004334                stdio_set_driver_enabled
 .text.stdio_flush
                0x20004364       0x20 CMakeFiles/KEY_PAD.dir/C_/Users/ishar/.pico-sdk/sdk/2.2.0/src/rp2_common/pico_stdio/stdio.c.obj
                0x20004364                stdio_flush
 .text.stdio_init_all
                0x20004384        0x8 CMakeFiles/KEY_PAD.dir/C_/Users/ishar/.pico-sdk/sdk/2.2.0/src/rp2_common/pico_stdio/stdio.c.obj
                0x20004384                stdio_init_all
 .text.__wrap_puts
                0x2000438c       0x1e CMakeFiles/KEY_PAD.dir/C_/Users/ishar/.pico-sdk/sdk/2.2.0/src/rp2_common/pico_stdio/stdio.c.obj
                0x2000438c                stdio_puts
                0x2000438c                __wrap_puts
 *fill*         0x200043aa        0x2 
 .text.__wrap_vprintf
                0x200043ac       0x40 CMakeFiles/KEY_PAD.dir/C_/Users/ishar/.pico-sdk/sdk/2.2.0/src/rp2_common/pico_stdio/stdio.c.obj
                0x200043ac                stdio_vprintf
                0x200043ac                __wrap_vprintf
 .text.__wrap_printf
                0x200043ec       0x18 CMakeFiles/KEY_PAD.dir/C_/Users/ishar/.pico-sdk/sdk/2.2.0/src/rp2_common/pico_stdio/stdio.c.obj
                0x200043ec                __wrap_printf
                0x200043ec                stdio_printf
 .text.resetd_init
                0x20004404        0x2 CMakeFiles/KEY_PAD.dir/C_/Users/ishar/.pico-sdk/sdk/2.2.0/src/rp2_common/pico_stdio_usb/reset_interface.c.obj
 *fill*         0x20004406        0x2 
 .text.resetd_reset
                0x20004408        0xc CMakeFiles/KEY_PAD.dir/C_/Users/ishar/.pico-sdk/sdk/2.2.0/src/rp2_common/pico_stdio_usb/reset_interface.c.obj
 .text.resetd_open
                0x20004414       0x34 CMakeFiles/KEY_PAD.dir/C_/Users/ishar/.pico-sdk/sdk/2.2.0/src/rp2_common/pico_stdio_usb/reset_interface.c.obj
 .text.resetd_xfer_cb
                0x20004448        0x4 CMakeFiles/KEY_PAD.dir/C_/Users/ishar/.pico-sdk/sdk/2.2.0/src/rp2_common/pico_stdio_usb/reset_interface.c.obj
 .text.resetd_control_xfer_cb
                0x2000444c       0x60 CMakeFiles/KEY_PAD.dir/C_/Users/ishar/.pico-sdk/sdk/2.2.0/src/rp2_common/pico_stdio_usb/reset_interface.c.obj
 .text.tud_descriptor_bos_cb
                0x200044ac        0x8 CMakeFiles/KEY_PAD.dir/C_/Users/ishar/.pico-sdk/sdk/2.2.0/src/rp2_common/pico_stdio_usb/reset_interface.c.obj
                0x200044ac                tud_descriptor_bos_cb
 .text.tud_vendor_control_xfer_cb
                0x200044b4       0x3c CMakeFiles/KEY_PAD.dir/C_/Users/ishar/.pico-sdk/sdk/2.2.0/src/rp2_common/pico_stdio_usb/reset_interface.c.obj
                0x200044b4                tud_vendor_control_xfer_cb
 .text.usbd_app_driver_get_cb
                0x200044f0        0xc CMakeFiles/KEY_PAD.dir/C_/Users/ishar/.pico-sdk/sdk/2.2.0/src/rp2_common/pico_stdio_usb/reset_interface.c.obj
                0x200044f0                usbd_app_driver_get_cb
 .text.tud_cdc_line_coding_cb
                0x200044fc       0x2c CMakeFiles/KEY_PAD.dir/C_/Users/ishar/.pico-sdk/sdk/2.2.0/src/rp2_common/pico_stdio_usb/reset_interface.c.obj
                0x200044fc                tud_cdc_line_coding_cb
 .text.stdio_usb_set_chars_available_callback
                0x20004528       0x14 CMakeFiles/KEY_PAD.dir/C_/Users/ishar/.pico-sdk/sdk/2.2.0/src/rp2_common/pico_stdio_usb/stdio_usb.c.obj
                0x20004528                stdio_usb_set_chars_available_callback
 .text.stdio_usb_out_flush
                0x2000453c       0x4c CMakeFiles/KEY_PAD.dir/C_/Users/ishar/.pico-sdk/sdk/2.2.0/src/rp2_common/pico_stdio_usb/stdio_usb.c.obj
 .text.usb_irq  0x20004588       0x10 CMakeFiles/KEY_PAD.dir/C_/Users/ishar/.pico-sdk/sdk/2.2.0/src/rp2_common/pico_stdio_usb/stdio_usb.c.obj
 .text.timer_task
                0x20004598       0x78 CMakeFiles/KEY_PAD.dir/C_/Users/ishar/.pico-sdk/sdk/2.2.0/src/rp2_common/pico_stdio_usb/stdio_usb.c.obj
 .text.alarm_pool_add_alarm_in_us
                0x20004610       0x40 CMakeFiles/KEY_PAD.dir/C_/Users/ishar/.pico-sdk/sdk/2.2.0/src/rp2_common/pico_stdio_usb/stdio_usb.c.obj
 .text.add_alarm_in_us
                0x20004650       0x2e CMakeFiles/KEY_PAD.dir/C_/Users/ishar/.pico-sdk/sdk/2.2.0/src/rp2_common/pico_stdio_usb/stdio_usb.c.obj
 *fill*         0x2000467e        0x2 
 .text.low_priority_worker_irq
                0x20004680       0xa8 CMakeFiles/KEY_PAD.dir/C_/Users/ishar/.pico-sdk/sdk/2.2.0/src/rp2_common/pico_stdio_usb/stdio_usb.c.obj
 .text.stdio_usb_init
                0x20004728       0xe0 CMakeFiles/KEY_PAD.dir/C_/Users/ishar/.pico-sdk/sdk/2.2.0/src/rp2_common/pico_stdio_usb/stdio_usb.c.obj
                0x20004728                stdio_usb_init
 .text.stdio_usb_connected
                0x20004808        0xa CMakeFiles/KEY_PAD.dir/C_/Users/ishar/.pico-sdk/sdk/2.2.0/src/rp2_common/pico_stdio_usb/stdio_usb.c.obj
                0x20004808                stdio_usb_connected
 *fill*         0x20004812        0x2 
 .text.stdio_usb_in_chars
                0x20004814       0xa0 CMakeFiles/KEY_PAD.dir/C_/Users/ishar/.pico-sdk/sdk/2.2.0/src/rp2_common/pico_stdio_usb/stdio_usb.c.obj
                0x20004814                stdio_usb_in_chars
 .text.stdio_usb_out_chars
                0x200048b4       0xe8 CMakeFiles/KEY_PAD.dir/C_/Users/ishar/.pico-sdk/sdk/2.2.0/src/rp2_common/pico_stdio_usb/stdio_usb.c.obj
 .text.tud_descriptor_device_cb
                0x2000499c        0x8 CMakeFiles/KEY_PAD.dir/C_/Users/ishar/.pico-sdk/sdk/2.2.0/src/rp2_common/pico_stdio_usb/stdio_usb_descriptors.c.obj
                0x2000499c                tud_descriptor_device_cb
 .text.tud_descriptor_configuration_cb
                0x200049a4        0x8 CMakeFiles/KEY_PAD.dir/C_/Users/ishar/.pico-sdk/sdk/2.2.0/src/rp2_common/pico_stdio_usb/stdio_usb_descriptors.c.obj
                0x200049a4                tud_descriptor_configuration_cb
 .text.tud_descriptor_string_cb
                0x200049ac       0x6c CMakeFiles/KEY_PAD.dir/C_/Users/ishar/.pico-sdk/sdk/2.2.0/src/rp2_common/pico_stdio_usb/stdio_usb_descriptors.c.obj
                0x200049ac                tud_descriptor_string_cb
 .text._retrieve_unique_id_on_boot
                0x20004a18       0x18 CMakeFiles/KEY_PAD.dir/C_/Users/ishar/.pico-sdk/sdk/2.2.0/src/rp2_common/pico_unique_id/unique_id.c.obj
 .text.pico_get_unique_board_id_string
                0x20004a30       0x58 CMakeFiles/KEY_PAD.dir/C_/Users/ishar/.pico-sdk/sdk/2.2.0/src/rp2_common/pico_unique_id/unique_id.c.obj
                0x20004a30                pico_get_unique_board_id_string
 .text.hw_endpoint_init
                0x20004a88       0xd0 CMakeFiles/KEY_PAD.dir/C_/Users/ishar/.pico-sdk/sdk/2.2.0/lib/tinyusb/src/portable/raspberrypi/rp2040/dcd_rp2040.c.obj
 .text.hw_endpoint_alloc
                0x20004b58       0x48 CMakeFiles/KEY_PAD.dir/C_/Users/ishar/.pico-sdk/sdk/2.2.0/lib/tinyusb/src/portable/raspberrypi/rp2040/dcd_rp2040.c.obj
 .text.hw_endpoint_open
                0x20004ba0       0x54 CMakeFiles/KEY_PAD.dir/C_/Users/ishar/.pico-sdk/sdk/2.2.0/lib/tinyusb/src/portable/raspberrypi/rp2040/dcd_rp2040.c.obj
 .text.hw_endpoint_xfer
                0x20004bf4       0x20 CMakeFiles/KEY_PAD.dir/C_/Users/ishar/.pico-sdk/sdk/2.2.0/lib/tinyusb/src/portable/raspberrypi/rp2040/dcd_rp2040.c.obj
 .text.dcd_int_enable
                0x20004c14       0x2c CMakeFiles/KEY_PAD.dir/C_/Users/ishar/.pico-sdk/sdk/2.2.0/lib/tinyusb/src/portable/raspberrypi/rp2040/dcd_rp2040.c.obj
                0x20004c14                dcd_int_enable
 .text.dcd_set_address
                0x20004c40       0x2c CMakeFiles/KEY_PAD.dir/C_/Users/ishar/.pico-sdk/sdk/2.2.0/lib/tinyusb/src/portable/raspberrypi/rp2040/dcd_rp2040.c.obj
                0x20004c40                dcd_set_address
 .text.dcd_connect
                0x20004c6c       0x10 CMakeFiles/KEY_PAD.dir/C_/Users/ishar/.pico-sdk/sdk/2.2.0/lib/tinyusb/src/portable/raspberrypi/rp2040/dcd_rp2040.c.obj
                0x20004c6c                dcd_connect
 .text.dcd_init
                0x20004c7c       0x80 CMakeFiles/KEY_PAD.dir/C_/Users/ishar/.pico-sdk/sdk/2.2.0/lib/tinyusb/src/portable/raspberrypi/rp2040/dcd_rp2040.c.obj
                0x20004c7c                dcd_init
 .text.dcd_sof_enable
                0x20004cfc       0x1c CMakeFiles/KEY_PAD.dir/C_/Users/ishar/.pico-sdk/sdk/2.2.0/lib/tinyusb/src/portable/raspberrypi/rp2040/dcd_rp2040.c.obj
                0x20004cfc                dcd_sof_enable
 .text.dcd_edpt0_status_complete
                0x20004d18       0x2c CMakeFiles/KEY_PAD.dir/C_/Users/ishar/.pico-sdk/sdk/2.2.0/lib/tinyusb/src/portable/raspberrypi/rp2040/dcd_rp2040.c.obj
                0x20004d18                dcd_edpt0_status_complete
 .text.dcd_edpt_open
                0x20004d44       0x26 CMakeFiles/KEY_PAD.dir/C_/Users/ishar/.pico-sdk/sdk/2.2.0/lib/tinyusb/src/portable/raspberrypi/rp2040/dcd_rp2040.c.obj
                0x20004d44                dcd_edpt_open
 .text.dcd_edpt_close_all
                0x20004d6a        0x8 CMakeFiles/KEY_PAD.dir/C_/Users/ishar/.pico-sdk/sdk/2.2.0/lib/tinyusb/src/portable/raspberrypi/rp2040/dcd_rp2040.c.obj
                0x20004d6a                dcd_edpt_close_all
 *fill*         0x20004d72        0x2 
 .text.dcd_edpt_xfer
                0x20004d74       0x34 CMakeFiles/KEY_PAD.dir/C_/Users/ishar/.pico-sdk/sdk/2.2.0/lib/tinyusb/src/portable/raspberrypi/rp2040/dcd_rp2040.c.obj
                0x20004d74                dcd_edpt_xfer
 .text.dcd_edpt_stall
                0x20004da8       0x3c CMakeFiles/KEY_PAD.dir/C_/Users/ishar/.pico-sdk/sdk/2.2.0/lib/tinyusb/src/portable/raspberrypi/rp2040/dcd_rp2040.c.obj
                0x20004da8                dcd_edpt_stall
 .text.dcd_edpt_clear_stall
                0x20004de4       0x30 CMakeFiles/KEY_PAD.dir/C_/Users/ishar/.pico-sdk/sdk/2.2.0/lib/tinyusb/src/portable/raspberrypi/rp2040/dcd_rp2040.c.obj
                0x20004de4                dcd_edpt_clear_stall
 .text.unaligned_memcpy
                0x20004e14       0x14 CMakeFiles/KEY_PAD.dir/C_/Users/ishar/.pico-sdk/sdk/2.2.0/lib/tinyusb/src/portable/raspberrypi/rp2040/rp2040_usb.c.obj
 .text.rp2040_usb_init
                0x20004e28       0x44 CMakeFiles/KEY_PAD.dir/C_/Users/ishar/.pico-sdk/sdk/2.2.0/lib/tinyusb/src/portable/raspberrypi/rp2040/rp2040_usb.c.obj
                0x20004e28                rp2040_usb_init
 .text.hw_endpoint_xfer_start
                0x20004e6c       0x50 CMakeFiles/KEY_PAD.dir/C_/Users/ishar/.pico-sdk/sdk/2.2.0/lib/tinyusb/src/portable/raspberrypi/rp2040/rp2040_usb.c.obj
                0x20004e6c                hw_endpoint_xfer_start
 .text.configuration_reset
                0x20004ebc       0x6c CMakeFiles/KEY_PAD.dir/C_/Users/ishar/.pico-sdk/sdk/2.2.0/lib/tinyusb/src/device/usbd.c.obj
 .text.usbd_reset
                0x20004f28        0xc CMakeFiles/KEY_PAD.dir/C_/Users/ishar/.pico-sdk/sdk/2.2.0/lib/tinyusb/src/device/usbd.c.obj
 .text.invoke_class_control
                0x20004f34       0x1a CMakeFiles/KEY_PAD.dir/C_/Users/ishar/.pico-sdk/sdk/2.2.0/lib/tinyusb/src/device/usbd.c.obj
 *fill*         0x20004f4e        0x2 
 .text.process_set_config
                0x20004f50      0x164 CMakeFiles/KEY_PAD.dir/C_/Users/ishar/.pico-sdk/sdk/2.2.0/lib/tinyusb/src/device/usbd.c.obj
 .text.tud_event_hook_cb
                0x200050b4        0x2 CMakeFiles/KEY_PAD.dir/C_/Users/ishar/.pico-sdk/sdk/2.2.0/lib/tinyusb/src/device/usbd.c.obj
                0x200050b4                tud_event_hook_cb
 .text.tud_sof_cb
                0x200050b6        0x2 CMakeFiles/KEY_PAD.dir/C_/Users/ishar/.pico-sdk/sdk/2.2.0/lib/tinyusb/src/device/usbd.c.obj
                0x200050b6                tud_sof_cb
 .text.tud_descriptor_device_qualifier_cb
                0x200050b8        0x4 CMakeFiles/KEY_PAD.dir/C_/Users/ishar/.pico-sdk/sdk/2.2.0/lib/tinyusb/src/device/usbd.c.obj
                0x200050b8                tud_descriptor_device_qualifier_cb
 .text.tud_descriptor_other_speed_configuration_cb
                0x200050bc        0x4 CMakeFiles/KEY_PAD.dir/C_/Users/ishar/.pico-sdk/sdk/2.2.0/lib/tinyusb/src/device/usbd.c.obj
                0x200050bc                tud_descriptor_other_speed_configuration_cb
 .text.process_get_descriptor
                0x200050c0       0xce CMakeFiles/KEY_PAD.dir/C_/Users/ishar/.pico-sdk/sdk/2.2.0/lib/tinyusb/src/device/usbd.c.obj
 .text.tud_mount_cb
                0x2000518e        0x2 CMakeFiles/KEY_PAD.dir/C_/Users/ishar/.pico-sdk/sdk/2.2.0/lib/tinyusb/src/device/usbd.c.obj
                0x2000518e                tud_mount_cb
 .text.tud_umount_cb
                0x20005190        0x2 CMakeFiles/KEY_PAD.dir/C_/Users/ishar/.pico-sdk/sdk/2.2.0/lib/tinyusb/src/device/usbd.c.obj
                0x20005190                tud_umount_cb
 .text.tud_suspend_cb
                0x20005192        0x2 CMakeFiles/KEY_PAD.dir/C_/Users/ishar/.pico-sdk/sdk/2.2.0/lib/tinyusb/src/device/usbd.c.obj
                0x20005192                tud_suspend_cb
 .text.tud_resume_cb
                0x20005194        0x2 CMakeFiles/KEY_PAD.dir/C_/Users/ishar/.pico-sdk/sdk/2.2.0/lib/tinyusb/src/device/usbd.c.obj
                0x20005194                tud_resume_cb
 *fill*         0x20005196        0x2 
 .text.tud_mounted
                0x20005198       0x10 CMakeFiles/KEY_PAD.dir/C_/Users/ishar/.pico-sdk/sdk/2.2.0/lib/tinyusb/src/device/usbd.c.obj
                0x20005198                tud_mounted
 .text.tud_suspended
                0x200051a8       0x10 CMakeFiles/KEY_PAD.dir/C_/Users/ishar/.pico-sdk/sdk/2.2.0/lib/tinyusb/src/device/usbd.c.obj
                0x200051a8                tud_suspended
 .text.tud_inited
                0x200051b8       0x14 CMakeFiles/KEY_PAD.dir/C_/Users/ishar/.pico-sdk/sdk/2.2.0/lib/tinyusb/src/device/usbd.c.obj
                0x200051b8                tud_inited
 .text.tud_rhport_init
                0x200051cc       0xd4 CMakeFiles/KEY_PAD.dir/C_/Users/ishar/.pico-sdk/sdk/2.2.0/lib/tinyusb/src/device/usbd.c.obj
                0x200051cc                tud_rhport_init
 .text.usbd_edpt_open
                0x200052a0       0x34 CMakeFiles/KEY_PAD.dir/C_/Users/ishar/.pico-sdk/sdk/2.2.0/lib/tinyusb/src/device/usbd.c.obj
                0x200052a0                usbd_edpt_open
 .text.usbd_open_edpt_pair
                0x200052d4       0x5a CMakeFiles/KEY_PAD.dir/C_/Users/ishar/.pico-sdk/sdk/2.2.0/lib/tinyusb/src/device/usbd.c.obj
                0x200052d4                usbd_open_edpt_pair
 *fill*         0x2000532e        0x2 
 .text.usbd_edpt_claim
                0x20005330       0x28 CMakeFiles/KEY_PAD.dir/C_/Users/ishar/.pico-sdk/sdk/2.2.0/lib/tinyusb/src/device/usbd.c.obj
                0x20005330                usbd_edpt_claim
 .text.usbd_edpt_release
                0x20005358       0x28 CMakeFiles/KEY_PAD.dir/C_/Users/ishar/.pico-sdk/sdk/2.2.0/lib/tinyusb/src/device/usbd.c.obj
                0x20005358                usbd_edpt_release
 .text.usbd_edpt_xfer
                0x20005380       0x7c CMakeFiles/KEY_PAD.dir/C_/Users/ishar/.pico-sdk/sdk/2.2.0/lib/tinyusb/src/device/usbd.c.obj
                0x20005380                usbd_edpt_xfer
 .text.usbd_edpt_stall
                0x200053fc       0x34 CMakeFiles/KEY_PAD.dir/C_/Users/ishar/.pico-sdk/sdk/2.2.0/lib/tinyusb/src/device/usbd.c.obj
                0x200053fc                usbd_edpt_stall
 .text.usbd_edpt_clear_stall
                0x20005430       0x34 CMakeFiles/KEY_PAD.dir/C_/Users/ishar/.pico-sdk/sdk/2.2.0/lib/tinyusb/src/device/usbd.c.obj
                0x20005430                usbd_edpt_clear_stall
 .text.usbd_edpt_stalled
                0x20005464       0x1c CMakeFiles/KEY_PAD.dir/C_/Users/ishar/.pico-sdk/sdk/2.2.0/lib/tinyusb/src/device/usbd.c.obj
                0x20005464                usbd_edpt_stalled
 .text.process_control_request
                0x20005480      0x384 CMakeFiles/KEY_PAD.dir/C_/Users/ishar/.pico-sdk/sdk/2.2.0/lib/tinyusb/src/device/usbd.c.obj
 .text.tud_task_ext
                0x20005804      0x1c0 CMakeFiles/KEY_PAD.dir/C_/Users/ishar/.pico-sdk/sdk/2.2.0/lib/tinyusb/src/device/usbd.c.obj
                0x20005804                tud_task_ext
 .text.status_stage_xact
                0x200059c4       0x1a CMakeFiles/KEY_PAD.dir/C_/Users/ishar/.pico-sdk/sdk/2.2.0/lib/tinyusb/src/device/usbd_control.c.obj
 *fill*         0x200059de        0x2 
 .text.data_stage_xact
                0x200059e0       0x60 CMakeFiles/KEY_PAD.dir/C_/Users/ishar/.pico-sdk/sdk/2.2.0/lib/tinyusb/src/device/usbd_control.c.obj
 .text.tud_control_status
                0x20005a40       0x28 CMakeFiles/KEY_PAD.dir/C_/Users/ishar/.pico-sdk/sdk/2.2.0/lib/tinyusb/src/device/usbd_control.c.obj
                0x20005a40                tud_control_status
 .text.tud_control_xfer
                0x20005a68       0x64 CMakeFiles/KEY_PAD.dir/C_/Users/ishar/.pico-sdk/sdk/2.2.0/lib/tinyusb/src/device/usbd_control.c.obj
                0x20005a68                tud_control_xfer
 .text.usbd_control_reset
                0x20005acc       0x14 CMakeFiles/KEY_PAD.dir/C_/Users/ishar/.pico-sdk/sdk/2.2.0/lib/tinyusb/src/device/usbd_control.c.obj
                0x20005acc                usbd_control_reset
 .text.usbd_control_set_complete_callback
                0x20005ae0        0xc CMakeFiles/KEY_PAD.dir/C_/Users/ishar/.pico-sdk/sdk/2.2.0/lib/tinyusb/src/device/usbd_control.c.obj
                0x20005ae0                usbd_control_set_complete_callback
 .text.usbd_control_set_request
                0x20005aec       0x1c CMakeFiles/KEY_PAD.dir/C_/Users/ishar/.pico-sdk/sdk/2.2.0/lib/tinyusb/src/device/usbd_control.c.obj
                0x20005aec                usbd_control_set_request
 .text.usbd_control_xfer_cb
                0x20005b08       0xb0 CMakeFiles/KEY_PAD.dir/C_/Users/ishar/.pico-sdk/sdk/2.2.0/lib/tinyusb/src/device/usbd_control.c.obj
                0x20005b08                usbd_control_xfer_cb
 .text._prep_out_transaction
                0x20005bb8       0x98 CMakeFiles/KEY_PAD.dir/C_/Users/ishar/.pico-sdk/sdk/2.2.0/lib/tinyusb/src/class/cdc/cdc_device.c.obj
 .text.tud_cdc_n_connected
                0x20005c50       0x34 CMakeFiles/KEY_PAD.dir/C_/Users/ishar/.pico-sdk/sdk/2.2.0/lib/tinyusb/src/class/cdc/cdc_device.c.obj
                0x20005c50                tud_cdc_n_connected
 .text.tud_cdc_n_available
                0x20005c84       0x18 CMakeFiles/KEY_PAD.dir/C_/Users/ishar/.pico-sdk/sdk/2.2.0/lib/tinyusb/src/class/cdc/cdc_device.c.obj
                0x20005c84                tud_cdc_n_available
 .text.tud_cdc_n_read
                0x20005c9c       0x38 CMakeFiles/KEY_PAD.dir/C_/Users/ishar/.pico-sdk/sdk/2.2.0/lib/tinyusb/src/class/cdc/cdc_device.c.obj
                0x20005c9c                tud_cdc_n_read
 .text.tud_cdc_n_write_flush
                0x20005cd4       0x94 CMakeFiles/KEY_PAD.dir/C_/Users/ishar/.pico-sdk/sdk/2.2.0/lib/tinyusb/src/class/cdc/cdc_device.c.obj
                0x20005cd4                tud_cdc_n_write_flush
 .text.tud_cdc_n_write
                0x20005d68       0x48 CMakeFiles/KEY_PAD.dir/C_/Users/ishar/.pico-sdk/sdk/2.2.0/lib/tinyusb/src/class/cdc/cdc_device.c.obj
                0x20005d68                tud_cdc_n_write
 .text.tud_cdc_n_write_available
                0x20005db0       0x18 CMakeFiles/KEY_PAD.dir/C_/Users/ishar/.pico-sdk/sdk/2.2.0/lib/tinyusb/src/class/cdc/cdc_device.c.obj
                0x20005db0                tud_cdc_n_write_available
 .text.cdcd_init
                0x20005dc8       0xa4 CMakeFiles/KEY_PAD.dir/C_/Users/ishar/.pico-sdk/sdk/2.2.0/lib/tinyusb/src/class/cdc/cdc_device.c.obj
                0x20005dc8                cdcd_init
 .text.cdcd_deinit
                0x20005e6c       0x4c CMakeFiles/KEY_PAD.dir/C_/Users/ishar/.pico-sdk/sdk/2.2.0/lib/tinyusb/src/class/cdc/cdc_device.c.obj
                0x20005e6c                cdcd_deinit
 .text.cdcd_reset
                0x20005eb8       0x70 CMakeFiles/KEY_PAD.dir/C_/Users/ishar/.pico-sdk/sdk/2.2.0/lib/tinyusb/src/class/cdc/cdc_device.c.obj
                0x20005eb8                cdcd_reset
 .text.cdcd_open
                0x20005f28       0xd8 CMakeFiles/KEY_PAD.dir/C_/Users/ishar/.pico-sdk/sdk/2.2.0/lib/tinyusb/src/class/cdc/cdc_device.c.obj
                0x20005f28                cdcd_open
 .text.cdcd_control_xfer_cb
                0x20006000      0x148 CMakeFiles/KEY_PAD.dir/C_/Users/ishar/.pico-sdk/sdk/2.2.0/lib/tinyusb/src/class/cdc/cdc_device.c.obj
                0x20006000                cdcd_control_xfer_cb
 .text.cdcd_xfer_cb
                0x20006148      0x138 CMakeFiles/KEY_PAD.dir/C_/Users/ishar/.pico-sdk/sdk/2.2.0/lib/tinyusb/src/class/cdc/cdc_device.c.obj
                0x20006148                cdcd_xfer_cb
 .text.tud_vendor_n_mounted
                0x20006280       0x3c CMakeFiles/KEY_PAD.dir/C_/Users/ishar/.pico-sdk/sdk/2.2.0/lib/tinyusb/src/class/vendor/vendor_device.c.obj
                0x20006280                tud_vendor_n_mounted
 .text.tud_vendor_n_write_flush
                0x200062bc       0x20 CMakeFiles/KEY_PAD.dir/C_/Users/ishar/.pico-sdk/sdk/2.2.0/lib/tinyusb/src/class/vendor/vendor_device.c.obj
                0x200062bc                tud_vendor_n_write_flush
 .text.vendord_init
                0x200062dc       0x8c CMakeFiles/KEY_PAD.dir/C_/Users/ishar/.pico-sdk/sdk/2.2.0/lib/tinyusb/src/class/vendor/vendor_device.c.obj
                0x200062dc                vendord_init
 .text.vendord_deinit
                0x20006368       0x34 CMakeFiles/KEY_PAD.dir/C_/Users/ishar/.pico-sdk/sdk/2.2.0/lib/tinyusb/src/class/vendor/vendor_device.c.obj
                0x20006368                vendord_deinit
 .text.vendord_reset
                0x2000639c       0x44 CMakeFiles/KEY_PAD.dir/C_/Users/ishar/.pico-sdk/sdk/2.2.0/lib/tinyusb/src/class/vendor/vendor_device.c.obj
                0x2000639c                vendord_reset
 .text.vendord_open
                0x200063e0      0x118 CMakeFiles/KEY_PAD.dir/C_/Users/ishar/.pico-sdk/sdk/2.2.0/lib/tinyusb/src/class/vendor/vendor_device.c.obj
                0x200063e0                vendord_open
 .text.vendord_xfer_cb
                0x200064f8       0xd8 CMakeFiles/KEY_PAD.dir/C_/Users/ishar/.pico-sdk/sdk/2.2.0/lib/tinyusb/src/class/vendor/vendor_device.c.obj
                0x200064f8                vendord_xfer_cb
 .text.tusb_rhport_init
                0x200065d0       0x50 CMakeFiles/KEY_PAD.dir/C_/Users/ishar/.pico-sdk/sdk/2.2.0/lib/tinyusb/src/tusb.c.obj
                0x200065d0                tusb_rhport_init
 .text.tu_edpt_claim
                0x20006620       0x56 CMakeFiles/KEY_PAD.dir/C_/Users/ishar/.pico-sdk/sdk/2.2.0/lib/tinyusb/src/tusb.c.obj
                0x20006620                tu_edpt_claim
 .text.tu_edpt_release
                0x20006676       0x40 CMakeFiles/KEY_PAD.dir/C_/Users/ishar/.pico-sdk/sdk/2.2.0/lib/tinyusb/src/tusb.c.obj
                0x20006676                tu_edpt_release
 *fill*         0x200066b6        0x2 
 .text.tu_edpt_validate
                0x200066b8       0x78 CMakeFiles/KEY_PAD.dir/C_/Users/ishar/.pico-sdk/sdk/2.2.0/lib/tinyusb/src/tusb.c.obj
                0x200066b8                tu_edpt_validate
 .text.tu_edpt_bind_driver
                0x20006730       0x2a CMakeFiles/KEY_PAD.dir/C_/Users/ishar/.pico-sdk/sdk/2.2.0/lib/tinyusb/src/tusb.c.obj
                0x20006730                tu_edpt_bind_driver
 .text.tu_edpt_stream_init
                0x2000675a       0x5e CMakeFiles/KEY_PAD.dir/C_/Users/ishar/.pico-sdk/sdk/2.2.0/lib/tinyusb/src/tusb.c.obj
                0x2000675a                tu_edpt_stream_init
 .text.tu_edpt_stream_deinit
                0x200067b8        0x4 CMakeFiles/KEY_PAD.dir/C_/Users/ishar/.pico-sdk/sdk/2.2.0/lib/tinyusb/src/tusb.c.obj
                0x200067b8                tu_edpt_stream_deinit
 .text.tu_edpt_stream_write_zlp_if_needed
                0x200067bc       0x70 CMakeFiles/KEY_PAD.dir/C_/Users/ishar/.pico-sdk/sdk/2.2.0/lib/tinyusb/src/tusb.c.obj
                0x200067bc                tu_edpt_stream_write_zlp_if_needed
 .text.tu_edpt_stream_write_xfer
                0x2000682c       0x70 CMakeFiles/KEY_PAD.dir/C_/Users/ishar/.pico-sdk/sdk/2.2.0/lib/tinyusb/src/tusb.c.obj
                0x2000682c                tu_edpt_stream_write_xfer
 .text.tu_edpt_stream_read_xfer
                0x2000689c       0xde CMakeFiles/KEY_PAD.dir/C_/Users/ishar/.pico-sdk/sdk/2.2.0/lib/tinyusb/src/tusb.c.obj
                0x2000689c                tu_edpt_stream_read_xfer
 .text.advance_index
                0x2000697a       0x1a CMakeFiles/KEY_PAD.dir/C_/Users/ishar/.pico-sdk/sdk/2.2.0/lib/tinyusb/src/common/tusb_fifo.c.obj
 .text._tu_fifo_peek
                0x20006994       0x5a CMakeFiles/KEY_PAD.dir/C_/Users/ishar/.pico-sdk/sdk/2.2.0/lib/tinyusb/src/common/tusb_fifo.c.obj
 .text._ff_pull_n
                0x200069ee       0x70 CMakeFiles/KEY_PAD.dir/C_/Users/ishar/.pico-sdk/sdk/2.2.0/lib/tinyusb/src/common/tusb_fifo.c.obj
 .text._tu_fifo_peek_n
                0x20006a5e       0x70 CMakeFiles/KEY_PAD.dir/C_/Users/ishar/.pico-sdk/sdk/2.2.0/lib/tinyusb/src/common/tusb_fifo.c.obj
 .text._tu_fifo_read_n
                0x20006ace       0x4e CMakeFiles/KEY_PAD.dir/C_/Users/ishar/.pico-sdk/sdk/2.2.0/lib/tinyusb/src/common/tusb_fifo.c.obj
 .text._ff_push_n
                0x20006b1c       0x70 CMakeFiles/KEY_PAD.dir/C_/Users/ishar/.pico-sdk/sdk/2.2.0/lib/tinyusb/src/common/tusb_fifo.c.obj
 .text._tu_fifo_write_n
                0x20006b8c       0xf0 CMakeFiles/KEY_PAD.dir/C_/Users/ishar/.pico-sdk/sdk/2.2.0/lib/tinyusb/src/common/tusb_fifo.c.obj
 .text.tu_fifo_config
                0x20006c7c       0x82 CMakeFiles/KEY_PAD.dir/C_/Users/ishar/.pico-sdk/sdk/2.2.0/lib/tinyusb/src/common/tusb_fifo.c.obj
                0x20006c7c                tu_fifo_config
 .text.tu_fifo_count
                0x20006cfe       0x2c CMakeFiles/KEY_PAD.dir/C_/Users/ishar/.pico-sdk/sdk/2.2.0/lib/tinyusb/src/common/tusb_fifo.c.obj
                0x20006cfe                tu_fifo_count
 .text.tu_fifo_empty
                0x20006d2a        0xe CMakeFiles/KEY_PAD.dir/C_/Users/ishar/.pico-sdk/sdk/2.2.0/lib/tinyusb/src/common/tusb_fifo.c.obj
                0x20006d2a                tu_fifo_empty
 .text.tu_fifo_full
                0x20006d38       0x2e CMakeFiles/KEY_PAD.dir/C_/Users/ishar/.pico-sdk/sdk/2.2.0/lib/tinyusb/src/common/tusb_fifo.c.obj
                0x20006d38                tu_fifo_full
 .text.tu_fifo_remaining
                0x20006d66       0x2e CMakeFiles/KEY_PAD.dir/C_/Users/ishar/.pico-sdk/sdk/2.2.0/lib/tinyusb/src/common/tusb_fifo.c.obj
                0x20006d66                tu_fifo_remaining
 .text.tu_fifo_read
                0x20006d94       0x42 CMakeFiles/KEY_PAD.dir/C_/Users/ishar/.pico-sdk/sdk/2.2.0/lib/tinyusb/src/common/tusb_fifo.c.obj
                0x20006d94                tu_fifo_read
 .text.tu_fifo_read_n
                0x20006dd6        0xa CMakeFiles/KEY_PAD.dir/C_/Users/ishar/.pico-sdk/sdk/2.2.0/lib/tinyusb/src/common/tusb_fifo.c.obj
                0x20006dd6                tu_fifo_read_n
 .text.tu_fifo_write
                0x20006de0       0x66 CMakeFiles/KEY_PAD.dir/C_/Users/ishar/.pico-sdk/sdk/2.2.0/lib/tinyusb/src/common/tusb_fifo.c.obj
                0x20006de0                tu_fifo_write
 .text.tu_fifo_write_n
                0x20006e46        0xa CMakeFiles/KEY_PAD.dir/C_/Users/ishar/.pico-sdk/sdk/2.2.0/lib/tinyusb/src/common/tusb_fifo.c.obj
                0x20006e46                tu_fifo_write_n
 .text.tu_fifo_clear
                0x20006e50       0x3e CMakeFiles/KEY_PAD.dir/C_/Users/ishar/.pico-sdk/sdk/2.2.0/lib/tinyusb/src/common/tusb_fifo.c.obj
                0x20006e50                tu_fifo_clear
 .text.tu_fifo_set_overwritable
                0x20006e8e       0x46 CMakeFiles/KEY_PAD.dir/C_/Users/ishar/.pico-sdk/sdk/2.2.0/lib/tinyusb/src/common/tusb_fifo.c.obj
                0x20006e8e                tu_fifo_set_overwritable
 .text          0x20006ed4        0x4 C:/Program Files/arm-gnu-toolchain-15.2.rel1-mingw-w64-x86_64-arm-none-eabi/bin/../lib/gcc/arm-none-eabi/15.2.1/thumb/v6-m/nofp\libgcc.a(_dvmd_tls.o)
                0x20006ed4                __aeabi_idiv0
                0x20006ed4                __aeabi_ldiv0
 .text.strlen   0x20006ed8       0x60 C:/Program Files/arm-gnu-toolchain-15.2.rel1-mingw-w64-x86_64-arm-none-eabi/bin/../lib/gcc/arm-none-eabi/15.2.1/../../../../arm-none-eabi/lib/thumb/v6-m/nofp\libg.a(libc_a-strlen-stub.o)
                0x20006ed8                strlen
                0x20006f38                        . = ALIGN (0x4)
 *(.init)
 *(.fini)
 *crtbegin.o(.ctors)
 *crtbegin?.o(.ctors)
 *(EXCLUDE_FILE(*crtend.o *crtend?.o) .ctors)
 *(SORT_BY_NAME(.ctors.*))
 *(.ctors)
 *crtbegin.o(.dtors)
 *crtbegin?.o(.dtors)
 *(EXCLUDE_FILE(*crtend.o *crtend?.o) .dtors)
 *(SORT_BY_NAME(.dtors.*))
 *(.dtors)
 *(.eh_frame*)

.glue_7         0x20006f38        0x0
 .glue_7        0x20006f38        0x0 linker stubs

.glue_7t        0x20006f38        0x0
 .glue_7t       0x20006f38        0x0 linker stubs

.vfp11_veneer   0x20006f38        0x0
 .vfp11_veneer  0x20006f38        0x0 linker stubs

.v4_bx          0x20006f38        0x0
 .v4_bx         0x20006f38        0x0 linker stubs

.iplt           0x20006f38        0x0
 .iplt          0x20006f38        0x0 CMakeFiles/KEY_PAD.dir/main.c.obj

.rodata         0x20006f38      0xddc
                0x20006f38                        . = ALIGN (0x4)
 *(.rodata*)
 .rodata.main.str1.4
                0x20006f38      0x9ec CMakeFiles/KEY_PAD.dir/main.c.obj
                                 0x31 (size before relaxing)
 .rodata.pins   0x20007924       0x20 CMakeFiles/KEY_PAD.dir/main.c.obj
                0x20007924                pins
 .rodata.rp2040_chip_version.str1.4
                0x20007944        0x0 CMakeFiles/KEY_PAD.dir/C_/Users/ishar/.pico-sdk/sdk/2.2.0/src/rp2040/pico_platform/platform.c.obj
                                 0x7d (size before relaxing)
 .rodata.__func__.0
                0x20007944       0x14 CMakeFiles/KEY_PAD.dir/C_/Users/ishar/.pico-sdk/sdk/2.2.0/src/rp2040/pico_platform/platform.c.obj
 .rodata.panic.str1.4
                0x20007958        0x0 CMakeFiles/KEY_PAD.dir/C_/Users/ishar/.pico-sdk/sdk/2.2.0/src/rp2_common/pico_platform_panic/panic.c.obj
                                 0x12 (size before relaxing)
 .rodata.spin_lock_claim_unused.str1.4
                0x20007958        0x0 CMakeFiles/KEY_PAD.dir/C_/Users/ishar/.pico-sdk/sdk/2.2.0/src/rp2_common/hardware_sync/sync.c.obj
                                 0x1b (size before relaxing)
 .rodata.resolve_j_16.str1.4
                0x20007958        0x0 CMakeFiles/KEY_PAD.dir/C_/Users/ishar/.pico-sdk/sdk/2.2.0/src/rp2_common/hardware_irq/irq.c.obj
                                 0x5d (size before relaxing)
 .rodata.make_j_16.str1.4
                0x20007958        0x0 CMakeFiles/KEY_PAD.dir/C_/Users/ishar/.pico-sdk/sdk/2.2.0/src/rp2_common/hardware_irq/irq.c.obj
                                 0x30 (size before relaxing)
 .rodata.irq_set_exclusive_handler.str1.4
                0x20007958        0x0 CMakeFiles/KEY_PAD.dir/C_/Users/ishar/.pico-sdk/sdk/2.2.0/src/rp2_common/hardware_irq/irq.c.obj
                                 0x36 (size before relaxing)
 .rodata.irq_add_shared_handler.str1.4
                0x20007958        0x0 CMakeFiles/KEY_PAD.dir/C_/Users/ishar/.pico-sdk/sdk/2.2.0/src/rp2_common/hardware_irq/irq.c.obj
                                 0xd2 (size before relaxing)
 .rodata.irq_add_tail_to_free_list.str1.4
                0x20007958        0x0 CMakeFiles/KEY_PAD.dir/C_/Users/ishar/.pico-sdk/sdk/2.2.0/src/rp2_common/hardware_irq/irq.c.obj
                                 0x3a (size before relaxing)
 .rodata.user_irq_claim_unused.str1.4
                0x20007958        0x0 CMakeFiles/KEY_PAD.dir/C_/Users/ishar/.pico-sdk/sdk/2.2.0/src/rp2_common/hardware_irq/irq.c.obj
                                 0x1b (size before relaxing)
 .rodata.__func__.0
                0x20007958       0x1a CMakeFiles/KEY_PAD.dir/C_/Users/ishar/.pico-sdk/sdk/2.2.0/src/rp2_common/hardware_irq/irq.c.obj
 *fill*         0x20007972        0x2 
 .rodata.__func__.3
                0x20007974        0xa CMakeFiles/KEY_PAD.dir/C_/Users/ishar/.pico-sdk/sdk/2.2.0/src/rp2_common/hardware_irq/irq.c.obj
 *fill*         0x2000797e        0x2 
 .rodata.__func__.4
                0x20007980        0xd CMakeFiles/KEY_PAD.dir/C_/Users/ishar/.pico-sdk/sdk/2.2.0/src/rp2_common/hardware_irq/irq.c.obj
 *fill*         0x2000798d        0x3 
 .rodata.__func__.5
                0x20007990       0x17 CMakeFiles/KEY_PAD.dir/C_/Users/ishar/.pico-sdk/sdk/2.2.0/src/rp2_common/hardware_irq/irq.c.obj
 *fill*         0x200079a7        0x1 
 .rodata.__func__.6
                0x200079a8       0x1a CMakeFiles/KEY_PAD.dir/C_/Users/ishar/.pico-sdk/sdk/2.2.0/src/rp2_common/hardware_irq/irq.c.obj
 .rodata.runtime_init_mutex.str1.4
                0x200079c2        0x0 CMakeFiles/KEY_PAD.dir/C_/Users/ishar/.pico-sdk/sdk/2.2.0/src/common/pico_sync/mutex.c.obj
                                 0x60 (size before relaxing)
 .rodata.str1.4
                0x200079c2        0x0 CMakeFiles/KEY_PAD.dir/C_/Users/ishar/.pico-sdk/sdk/2.2.0/src/common/pico_sync/mutex.c.obj
                                 0x51 (size before relaxing)
 *fill*         0x200079c2        0x2 
 .rodata.__func__.1
                0x200079c4        0xb CMakeFiles/KEY_PAD.dir/C_/Users/ishar/.pico-sdk/sdk/2.2.0/src/common/pico_sync/mutex.c.obj
 *fill*         0x200079cf        0x1 
 .rodata.__func__.3
                0x200079d0       0x18 CMakeFiles/KEY_PAD.dir/C_/Users/ishar/.pico-sdk/sdk/2.2.0/src/common/pico_sync/mutex.c.obj
 .rodata.__func__.6
                0x200079e8       0x13 CMakeFiles/KEY_PAD.dir/C_/Users/ishar/.pico-sdk/sdk/2.2.0/src/common/pico_sync/mutex.c.obj
 .rodata.alarm_pool_irq_handler.str1.4
                0x200079fb        0x0 CMakeFiles/KEY_PAD.dir/C_/Users/ishar/.pico-sdk/sdk/2.2.0/src/common/pico_time/time.c.obj
                                 0x6b (size before relaxing)
 .rodata.alarm_pool_get_default.str1.4
                0x200079fb        0x0 CMakeFiles/KEY_PAD.dir/C_/Users/ishar/.pico-sdk/sdk/2.2.0/src/common/pico_time/time.c.obj
                                 0x21 (size before relaxing)
 .rodata.sleep_until.str1.4
                0x200079fb        0x0 CMakeFiles/KEY_PAD.dir/C_/Users/ishar/.pico-sdk/sdk/2.2.0/src/common/pico_time/time.c.obj
                                 0x4d (size before relaxing)
 *fill*         0x200079fb        0x1 
 .rodata.__func__.1
                0x200079fc       0x17 CMakeFiles/KEY_PAD.dir/C_/Users/ishar/.pico-sdk/sdk/2.2.0/src/common/pico_time/time.c.obj
 *fill*         0x20007a13        0x1 
 .rodata.__func__.2
                0x20007a14       0x17 CMakeFiles/KEY_PAD.dir/C_/Users/ishar/.pico-sdk/sdk/2.2.0/src/common/pico_time/time.c.obj
 .rodata.timer_hardware_alarm_claim.str1.4
                0x20007a2b        0x0 CMakeFiles/KEY_PAD.dir/C_/Users/ishar/.pico-sdk/sdk/2.2.0/src/rp2_common/hardware_timer/timer.c.obj
                                 0x22 (size before relaxing)
 .rodata.pll_init.str1.4
                0x20007a2b        0x0 CMakeFiles/KEY_PAD.dir/C_/Users/ishar/.pico-sdk/sdk/2.2.0/src/rp2_common/hardware_pll/pll.c.obj
                                0x11c (size before relaxing)
 *fill*         0x20007a2b        0x1 
 .rodata.__func__.0
                0x20007a2c        0x9 CMakeFiles/KEY_PAD.dir/C_/Users/ishar/.pico-sdk/sdk/2.2.0/src/rp2_common/hardware_pll/pll.c.obj
 .rodata.__aeabi_double_init.str1.4
                0x20007a35        0x0 CMakeFiles/KEY_PAD.dir/C_/Users/ishar/.pico-sdk/sdk/2.2.0/src/rp2_common/pico_double/double_init_rom_rp2040.c.obj
                                 0x9b (size before relaxing)
 *fill*         0x20007a35        0x3 
 .rodata.__func__.0
                0x20007a38       0x14 CMakeFiles/KEY_PAD.dir/C_/Users/ishar/.pico-sdk/sdk/2.2.0/src/rp2_common/pico_double/double_init_rom_rp2040.c.obj
 .rodata.__aeabi_float_init.str1.4
                0x20007a4c        0x0 CMakeFiles/KEY_PAD.dir/C_/Users/ishar/.pico-sdk/sdk/2.2.0/src/rp2_common/pico_float/float_init_rom_rp2040.c.obj
                                 0x8d (size before relaxing)
 .rodata.__func__.0
                0x20007a4c       0x13 CMakeFiles/KEY_PAD.dir/C_/Users/ishar/.pico-sdk/sdk/2.2.0/src/rp2_common/pico_float/float_init_rom_rp2040.c.obj
 .rodata.str1.4
                0x20007a5f        0x0 CMakeFiles/KEY_PAD.dir/C_/Users/ishar/.pico-sdk/sdk/2.2.0/src/rp2_common/pico_standard_binary_info/standard_binary_info.c.obj
                                 0x2c (size before relaxing)
 *fill*         0x20007a5f        0x1 
 .rodata.__bi_84
                0x20007a60        0xc CMakeFiles/KEY_PAD.dir/C_/Users/ishar/.pico-sdk/sdk/2.2.0/src/rp2_common/pico_standard_binary_info/standard_binary_info.c.obj
 .rodata.__bi_48
                0x20007a6c        0xc CMakeFiles/KEY_PAD.dir/C_/Users/ishar/.pico-sdk/sdk/2.2.0/src/rp2_common/pico_standard_binary_info/standard_binary_info.c.obj
 .rodata._ftoa.str1.4
                0x20007a78        0x0 CMakeFiles/KEY_PAD.dir/C_/Users/ishar/.pico-sdk/sdk/2.2.0/src/rp2_common/pico_printf/printf.c.obj
                                 0x15 (size before relaxing)
 .rodata.pow10.0
                0x20007a78       0x50 CMakeFiles/KEY_PAD.dir/C_/Users/ishar/.pico-sdk/sdk/2.2.0/src/rp2_common/pico_printf/printf.c.obj
 .rodata.__assert_func.str1.4
                0x20007ac8        0x0 CMakeFiles/KEY_PAD.dir/C_/Users/ishar/.pico-sdk/sdk/2.2.0/src/rp2_common/pico_clib_interface/newlib_interface.c.obj
                                 0x43 (size before relaxing)
 .rodata.crlf_str.0
                0x20007ac8        0x2 CMakeFiles/KEY_PAD.dir/C_/Users/ishar/.pico-sdk/sdk/2.2.0/src/rp2_common/pico_stdio/stdio.c.obj
 *fill*         0x20007aca        0x2 
 .rodata._resetd_driver
                0x20007acc       0x20 CMakeFiles/KEY_PAD.dir/C_/Users/ishar/.pico-sdk/sdk/2.2.0/src/rp2_common/pico_stdio_usb/reset_interface.c.obj
 .rodata.desc_ms_os_20
                0x20007aec       0xa6 CMakeFiles/KEY_PAD.dir/C_/Users/ishar/.pico-sdk/sdk/2.2.0/src/rp2_common/pico_stdio_usb/reset_interface.c.obj
 *fill*         0x20007b92        0x2 
 .rodata.desc_bos
                0x20007b94       0x21 CMakeFiles/KEY_PAD.dir/C_/Users/ishar/.pico-sdk/sdk/2.2.0/src/rp2_common/pico_stdio_usb/reset_interface.c.obj
                0x20007b94                desc_bos
 .rodata.stdio_usb_init.str1.4
                0x20007bb5        0x0 CMakeFiles/KEY_PAD.dir/C_/Users/ishar/.pico-sdk/sdk/2.2.0/src/rp2_common/pico_stdio_usb/stdio_usb.c.obj
                                 0x55 (size before relaxing)
 .rodata.str1.4
                0x20007bb5        0x0 CMakeFiles/KEY_PAD.dir/C_/Users/ishar/.pico-sdk/sdk/2.2.0/src/rp2_common/pico_stdio_usb/stdio_usb.c.obj
                                 0x13 (size before relaxing)
 *fill*         0x20007bb5        0x3 
 .rodata.__bi_202.1
                0x20007bb8        0xc CMakeFiles/KEY_PAD.dir/C_/Users/ishar/.pico-sdk/sdk/2.2.0/src/rp2_common/pico_stdio_usb/stdio_usb.c.obj
 .rodata.__func__.2
                0x20007bc4        0xf CMakeFiles/KEY_PAD.dir/C_/Users/ishar/.pico-sdk/sdk/2.2.0/src/rp2_common/pico_stdio_usb/stdio_usb.c.obj
 .rodata.str1.4
                0x20007bd3        0x0 CMakeFiles/KEY_PAD.dir/C_/Users/ishar/.pico-sdk/sdk/2.2.0/src/rp2_common/pico_stdio_usb/stdio_usb_descriptors.c.obj
                                 0x2a (size before relaxing)
 *fill*         0x20007bd3        0x1 
 .rodata.usbd_desc_str
                0x20007bd4       0x18 CMakeFiles/KEY_PAD.dir/C_/Users/ishar/.pico-sdk/sdk/2.2.0/src/rp2_common/pico_stdio_usb/stdio_usb_descriptors.c.obj
 .rodata.usbd_desc_cfg
                0x20007bec       0x54 CMakeFiles/KEY_PAD.dir/C_/Users/ishar/.pico-sdk/sdk/2.2.0/src/rp2_common/pico_stdio_usb/stdio_usb_descriptors.c.obj
 .rodata.usbd_desc_device
                0x20007c40       0x12 CMakeFiles/KEY_PAD.dir/C_/Users/ishar/.pico-sdk/sdk/2.2.0/src/rp2_common/pico_stdio_usb/stdio_usb_descriptors.c.obj
 .rodata.pico_get_unique_board_id_string.str1.4
                0x20007c52        0x0 CMakeFiles/KEY_PAD.dir/C_/Users/ishar/.pico-sdk/sdk/2.2.0/src/rp2_common/pico_unique_id/unique_id.c.obj
                                 0x55 (size before relaxing)
 *fill*         0x20007c52        0x2 
 .rodata.__func__.0
                0x20007c54       0x20 CMakeFiles/KEY_PAD.dir/C_/Users/ishar/.pico-sdk/sdk/2.2.0/src/rp2_common/pico_unique_id/unique_id.c.obj
 .rodata.hw_endpoint_alloc.str1.4
                0x20007c74        0x0 CMakeFiles/KEY_PAD.dir/C_/Users/ishar/.pico-sdk/sdk/2.2.0/lib/tinyusb/src/portable/raspberrypi/rp2040/dcd_rp2040.c.obj
                                 0xa0 (size before relaxing)
 .rodata.str1.4
                0x20007c74        0x0 CMakeFiles/KEY_PAD.dir/C_/Users/ishar/.pico-sdk/sdk/2.2.0/lib/tinyusb/src/portable/raspberrypi/rp2040/dcd_rp2040.c.obj
                                 0x14 (size before relaxing)
 .rodata.dcd_int_enable.str1.4
                0x20007c74        0x0 CMakeFiles/KEY_PAD.dir/C_/Users/ishar/.pico-sdk/sdk/2.2.0/lib/tinyusb/src/portable/raspberrypi/rp2040/dcd_rp2040.c.obj
                                  0xc (size before relaxing)
 .rodata.__func__.0
                0x20007c74        0xe CMakeFiles/KEY_PAD.dir/C_/Users/ishar/.pico-sdk/sdk/2.2.0/lib/tinyusb/src/portable/raspberrypi/rp2040/dcd_rp2040.c.obj
 *fill*         0x20007c82        0x2 
 .rodata.__func__.2
                0x20007c84       0x10 CMakeFiles/KEY_PAD.dir/C_/Users/ishar/.pico-sdk/sdk/2.2.0/lib/tinyusb/src/portable/raspberrypi/rp2040/dcd_rp2040.c.obj
 .rodata.__func__.4
                0x20007c94        0xf CMakeFiles/KEY_PAD.dir/C_/Users/ishar/.pico-sdk/sdk/2.2.0/lib/tinyusb/src/portable/raspberrypi/rp2040/dcd_rp2040.c.obj
 *fill*         0x20007ca3        0x1 
 .rodata.__func__.5
                0x20007ca4       0x12 CMakeFiles/KEY_PAD.dir/C_/Users/ishar/.pico-sdk/sdk/2.2.0/lib/tinyusb/src/portable/raspberrypi/rp2040/dcd_rp2040.c.obj
 *fill*         0x20007cb6        0x2 
 .rodata.__func__.6
                0x20007cb8        0x9 CMakeFiles/KEY_PAD.dir/C_/Users/ishar/.pico-sdk/sdk/2.2.0/lib/tinyusb/src/portable/raspberrypi/rp2040/dcd_rp2040.c.obj
 .rodata.str1.4
                0x20007cc1        0x0 CMakeFiles/KEY_PAD.dir/C_/Users/ishar/.pico-sdk/sdk/2.2.0/lib/tinyusb/src/portable/raspberrypi/rp2040/rp2040_usb.c.obj
                                 0xe4 (size before relaxing)
 *fill*         0x20007cc1        0x3 
 .rodata.__func__.0
                0x20007cc4        0xf CMakeFiles/KEY_PAD.dir/C_/Users/ishar/.pico-sdk/sdk/2.2.0/lib/tinyusb/src/portable/raspberrypi/rp2040/rp2040_usb.c.obj
 *fill*         0x20007cd3        0x1 
 .rodata._usbd_driver
                0x20007cd4       0x40 CMakeFiles/KEY_PAD.dir/C_/Users/ishar/.pico-sdk/sdk/2.2.0/lib/tinyusb/src/device/usbd.c.obj
                0x20007d14                        . = ALIGN (0x4)
 *(SORT_BY_ALIGNMENT(SORT_BY_NAME(.flashdata*)))
                0x20007d14                        . = ALIGN (0x4)

.ARM.extab
 *(.ARM.extab* .gnu.linkonce.armextab.*)
                0x20007d14                        __exidx_start = .

.ARM.exidx
 *(.ARM.exidx* .gnu.linkonce.armexidx.*)
                0x20007d14                        __exidx_end = .
                0x20007d14                        . = ALIGN (0x4)
                0x20007d14                        __binary_info_start = .

.binary_info    0x20007d14       0x18
 *(.binary_info.keep.*)
 .binary_info.keep.__bi_ptr84
                0x20007d14        0x4 CMakeFiles/KEY_PAD.dir/C_/Users/ishar/.pico-sdk/sdk/2.2.0/src/rp2_common/pico_standard_binary_info/standard_binary_info.c.obj
 .binary_info.keep.__bi_ptr54
                0x20007d18        0x4 CMakeFiles/KEY_PAD.dir/C_/Users/ishar/.pico-sdk/sdk/2.2.0/src/rp2_common/pico_standard_binary_info/standard_binary_info.c.obj
 .binary_info.keep.__bi_ptr48
                0x20007d1c        0x4 CMakeFiles/KEY_PAD.dir/C_/Users/ishar/.pico-sdk/sdk/2.2.0/src/rp2_common/pico_standard_binary_info/standard_binary_info.c.obj
 .binary_info.keep.__bi_ptr42
                0x20007d20        0x4 CMakeFiles/KEY_PAD.dir/C_/Users/ishar/.pico-sdk/sdk/2.2.0/src/rp2_common/pico_standard_binary_info/standard_binary_info.c.obj
 .binary_info.keep.__bi_ptr34
                0x20007d24        0x4 CMakeFiles/KEY_PAD.dir/C_/Users/ishar/.pico-sdk/sdk/2.2.0/src/rp2_common/pico_standard_binary_info/standard_binary_info.c.obj
 *(.binary_info.*)
 .binary_info.__bi_ptr202
                0x20007d28        0x4 CMakeFiles/KEY_PAD.dir/C_/Users/ishar/.pico-sdk/sdk/2.2.0/src/rp2_common/pico_stdio_usb/stdio_usb.c.obj
                0x20007d2c                        __binary_info_end = .
                0x20007d2c                        . = ALIGN (0x4)

.data           0x20007d30      0x10c
                0x20007d30                        __data_start__ = .
 *(vtable)
 *(.data*)
 .data.striped_spin_lock_num
                0x20007d30        0x1 CMakeFiles/KEY_PAD.dir/C_/Users/ishar/.pico-sdk/sdk/2.2.0/src/rp2_common/hardware_sync/sync.c.obj
 *fill*         0x20007d31        0x3 
 .data          0x20007d34       0x48 CMakeFiles/KEY_PAD.dir/C_/Users/ishar/.pico-sdk/sdk/2.2.0/src/rp2_common/hardware_irq/irq_handler_chain.S.obj
                0x20007d34                irq_handler_chain_slots
                0x20007d64                irq_handler_chain_first_slot
                0x20007d6e                irq_handler_chain_remove_tail
 .data.default_alarm_pool
                0x20007d7c       0x18 CMakeFiles/KEY_PAD.dir/C_/Users/ishar/.pico-sdk/sdk/2.2.0/src/common/pico_time/time.c.obj
 *fill*         0x20007d94        0xc 
 .data.aeabi_bits_funcs
                0x20007da0       0x10 CMakeFiles/KEY_PAD.dir/C_/Users/ishar/.pico-sdk/sdk/2.2.0/src/rp2_common/pico_bit_ops/bit_ops_aeabi.S.obj
                0x20007da0                aeabi_bits_funcs
                0x20007db0                aeabi_bits_funcs_end
 .data.aeabi_mem_funcs
                0x20007db0       0x10 CMakeFiles/KEY_PAD.dir/C_/Users/ishar/.pico-sdk/sdk/2.2.0/src/rp2_common/pico_mem_ops/mem_ops_aeabi.S.obj
                0x20007db0                aeabi_mem_funcs
                0x20007dc0                aeabi_mem_funcs_end
 .data.stdio_usb
                0x20007dc0       0x18 CMakeFiles/KEY_PAD.dir/C_/Users/ishar/.pico-sdk/sdk/2.2.0/src/rp2_common/pico_stdio_usb/stdio_usb.c.obj
                0x20007dc0                stdio_usb
 .data._usbd_qdef
                0x20007dd8       0x1c CMakeFiles/KEY_PAD.dir/C_/Users/ishar/.pico-sdk/sdk/2.2.0/lib/tinyusb/src/device/usbd.c.obj
                0x20007dd8                _usbd_qdef
 .data._usbd_rhport
                0x20007df4        0x1 CMakeFiles/KEY_PAD.dir/C_/Users/ishar/.pico-sdk/sdk/2.2.0/lib/tinyusb/src/device/usbd.c.obj
                0x20007df8                        . = ALIGN (0x4)
 *fill*         0x20007df5        0x3 
 *(.after_data.*)
                0x20007df8                        . = ALIGN (0x4)
                0x20007df8                        PROVIDE (__mutex_array_start = .)
 *(SORT_BY_NAME(.mutex_array.*))
 *(.mutex_array)
 .mutex_array   0x20007df8        0x8 CMakeFiles/KEY_PAD.dir/C_/Users/ishar/.pico-sdk/sdk/2.2.0/src/rp2_common/pico_stdio/stdio.c.obj
                0x20007e00                        PROVIDE (__mutex_array_end = .)
                0x20007e00                        . = ALIGN (0x4)
                0x20007e00                        PROVIDE (__preinit_array_start = .)
 *(SORT_BY_NAME(.preinit_array.*))
 .preinit_array.00100
                0x20007e00        0x4 CMakeFiles/KEY_PAD.dir/C_/Users/ishar/.pico-sdk/sdk/2.2.0/src/rp2_common/pico_runtime_init/runtime_init.c.obj
                0x20007e00                __pre_init_runtime_init_early_resets
 .preinit_array.00101
                0x20007e04        0x4 CMakeFiles/KEY_PAD.dir/C_/Users/ishar/.pico-sdk/sdk/2.2.0/src/rp2_common/pico_runtime_init/runtime_init.c.obj
                0x20007e04                __pre_init_runtime_init_usb_power_down
 .preinit_array.00275
                0x20007e08        0x4 CMakeFiles/KEY_PAD.dir/C_/Users/ishar/.pico-sdk/sdk/2.2.0/src/rp2_common/pico_bit_ops/bit_ops_aeabi.S.obj
 .preinit_array.00300
                0x20007e0c        0x4 CMakeFiles/KEY_PAD.dir/C_/Users/ishar/.pico-sdk/sdk/2.2.0/src/rp2_common/pico_mem_ops/mem_ops_aeabi.S.obj
 .preinit_array.00350
                0x20007e10        0x4 CMakeFiles/KEY_PAD.dir/C_/Users/ishar/.pico-sdk/sdk/2.2.0/src/rp2_common/pico_double/double_aeabi_rp2040.S.obj
 .preinit_array.00350
                0x20007e14        0x4 CMakeFiles/KEY_PAD.dir/C_/Users/ishar/.pico-sdk/sdk/2.2.0/src/rp2_common/pico_float/float_aeabi_rp2040.S.obj
 .preinit_array.00500
                0x20007e18        0x4 CMakeFiles/KEY_PAD.dir/C_/Users/ishar/.pico-sdk/sdk/2.2.0/src/rp2_common/pico_runtime_init/runtime_init.c.obj
                0x20007e18                __pre_init_runtime_init_clocks
 .preinit_array.00600
                0x20007e1c        0x4 CMakeFiles/KEY_PAD.dir/C_/Users/ishar/.pico-sdk/sdk/2.2.0/src/rp2_common/pico_runtime_init/runtime_init.c.obj
                0x20007e1c                __pre_init_runtime_init_post_clock_resets
 .preinit_array.00700
                0x20007e20        0x4 CMakeFiles/KEY_PAD.dir/C_/Users/ishar/.pico-sdk/sdk/2.2.0/src/rp2_common/pico_runtime_init/runtime_init.c.obj
                0x20007e20                __pre_init_runtime_init_rp2040_gpio_ie_disable
 .preinit_array.01000
                0x20007e24        0x4 CMakeFiles/KEY_PAD.dir/C_/Users/ishar/.pico-sdk/sdk/2.2.0/src/rp2_common/pico_runtime_init/runtime_init.c.obj
                0x20007e24                __pre_init_runtime_init_spin_locks_reset
 .preinit_array.01100
                0x20007e28        0x4 CMakeFiles/KEY_PAD.dir/C_/Users/ishar/.pico-sdk/sdk/2.2.0/src/common/pico_sync/mutex.c.obj
                0x20007e28                __pre_init_runtime_init_mutex
 .preinit_array.11000
                0x20007e2c        0x4 CMakeFiles/KEY_PAD.dir/C_/Users/ishar/.pico-sdk/sdk/2.2.0/src/common/pico_time/time.c.obj
                0x20007e2c                __pre_init_runtime_init_default_alarm_pool
 .preinit_array.YYYYY
                0x20007e30        0x4 CMakeFiles/KEY_PAD.dir/C_/Users/ishar/.pico-sdk/sdk/2.2.0/src/rp2_common/pico_runtime/runtime.c.obj
                0x20007e30                __pre_init_first_per_core_initializer
 .preinit_array.ZZZZZ.01200
                0x20007e34        0x4 CMakeFiles/KEY_PAD.dir/C_/Users/ishar/.pico-sdk/sdk/2.2.0/src/rp2_common/hardware_irq/irq.c.obj
                0x20007e34                __pre_init_runtime_init_per_core_irq_priorities
 *(.preinit_array)
                0x20007e38                        PROVIDE (__preinit_array_end = .)
                0x20007e38                        . = ALIGN (0x4)
                0x20007e38                        PROVIDE (__init_array_start = .)
 *(SORT_BY_NAME(.init_array.*))
 .init_array.01000
                0x20007e38        0x4 CMakeFiles/KEY_PAD.dir/C_/Users/ishar/.pico-sdk/sdk/2.2.0/src/rp2_common/pico_unique_id/unique_id.c.obj
 *(.init_array)
                0x20007e3c                        PROVIDE (__init_array_end = .)
                0x20007e3c                        . = ALIGN (0x4)
                [!provide]                        PROVIDE (__fini_array_start = .)
 *(SORT_BY_NAME(.fini_array.*))
 *(.fini_array)
                [!provide]                        PROVIDE (__fini_array_end = .)
 *(.jcr)
                0x20007e3c                        . = ALIGN (0x4)

.igot.plt       0x20007e3c        0x0
 .igot.plt      0x20007e3c        0x0 CMakeFiles/KEY_PAD.dir/main.c.obj

.tdata          0x20007e3c        0x0
                0x20007e3c                        . = ALIGN (0x4)
 *(.tdata .tdata.* .gnu.linkonce.td.*)
                0x20007e3c                        __tdata_end = .
                0x20007e3c                        PROVIDE (__data_end__ = .)

.uninitialized_data
                0x20007e3c        0x0
                0x20007e3c                        . = ALIGN (0x4)
 *(.uninitialized_data*)
                0x20007d30                        __etext = LOADADDR (.data)

.tbss           0x20007e3c        0x0
                0x20007e3c                        . = ALIGN (0x4)
                0x20007e3c                        __bss_start__ = .
                0x20007e3c                        __tls_base = .
 *(.tbss .tbss.* .gnu.linkonce.tb.*)
 *(.tcommon)
                0x20007e3c                        __tls_end = .

.bss            0x20007e40      0xde0
                0x20007e40                        . = ALIGN (0x4)
                0x20007e40                        __tbss_end = .
 *(SORT_BY_ALIGNMENT(SORT_BY_NAME(.bss*)))
 .bss.default_alarm_pool_entries
                0x20007e40      0x180 CMakeFiles/KEY_PAD.dir/C_/Users/ishar/.pico-sdk/sdk/2.2.0/src/common/pico_time/time.c.obj
 .bss.last_avail_time.3
                0x20007fc0        0x8 CMakeFiles/KEY_PAD.dir/C_/Users/ishar/.pico-sdk/sdk/2.2.0/src/rp2_common/pico_stdio_usb/stdio_usb.c.obj
 .bss._app_driver
                0x20007fc8        0x4 CMakeFiles/KEY_PAD.dir/C_/Users/ishar/.pico-sdk/sdk/2.2.0/lib/tinyusb/src/device/usbd.c.obj
 .bss._cdcd_epbuf
                0x20007fcc       0x80 CMakeFiles/KEY_PAD.dir/C_/Users/ishar/.pico-sdk/sdk/2.2.0/lib/tinyusb/src/class/cdc/cdc_device.c.obj
 .bss._cdcd_fifo_cfg
                0x2000804c        0x1 CMakeFiles/KEY_PAD.dir/C_/Users/ishar/.pico-sdk/sdk/2.2.0/lib/tinyusb/src/class/cdc/cdc_device.c.obj
 *fill*         0x2000804d        0x3 
 .bss._cdcd_itf
                0x20008050       0xc8 CMakeFiles/KEY_PAD.dir/C_/Users/ishar/.pico-sdk/sdk/2.2.0/lib/tinyusb/src/class/cdc/cdc_device.c.obj
 .bss._ctrl_epbuf
                0x20008118       0x40 CMakeFiles/KEY_PAD.dir/C_/Users/ishar/.pico-sdk/sdk/2.2.0/lib/tinyusb/src/device/usbd_control.c.obj
 .bss._ctrl_xfer
                0x20008158       0x14 CMakeFiles/KEY_PAD.dir/C_/Users/ishar/.pico-sdk/sdk/2.2.0/lib/tinyusb/src/device/usbd_control.c.obj
 .bss._tusb_rhport_role
                0x2000816c        0x2 CMakeFiles/KEY_PAD.dir/C_/Users/ishar/.pico-sdk/sdk/2.2.0/lib/tinyusb/src/tusb.c.obj
                0x2000816c                _tusb_rhport_role
 *fill*         0x2000816e        0x2 
 .bss._ubsd_mutexdef
                0x20008170        0x8 CMakeFiles/KEY_PAD.dir/C_/Users/ishar/.pico-sdk/sdk/2.2.0/lib/tinyusb/src/device/usbd.c.obj
 .bss._usbd_dev
                0x20008178       0x54 CMakeFiles/KEY_PAD.dir/C_/Users/ishar/.pico-sdk/sdk/2.2.0/lib/tinyusb/src/device/usbd.c.obj
 .bss._usbd_mutex
                0x200081cc        0x4 CMakeFiles/KEY_PAD.dir/C_/Users/ishar/.pico-sdk/sdk/2.2.0/lib/tinyusb/src/device/usbd.c.obj
 .bss._usbd_q   0x200081d0        0x4 CMakeFiles/KEY_PAD.dir/C_/Users/ishar/.pico-sdk/sdk/2.2.0/lib/tinyusb/src/device/usbd.c.obj
 .bss._usbd_qdef_buf
                0x200081d4       0xc0 CMakeFiles/KEY_PAD.dir/C_/Users/ishar/.pico-sdk/sdk/2.2.0/lib/tinyusb/src/device/usbd.c.obj
                0x200081d4                _usbd_qdef_buf
 .bss._vendord_epbuf
                0x20008294       0x80 CMakeFiles/KEY_PAD.dir/C_/Users/ishar/.pico-sdk/sdk/2.2.0/lib/tinyusb/src/class/vendor/vendor_device.c.obj
 .bss._vendord_itf
                0x20008314      0x24c CMakeFiles/KEY_PAD.dir/C_/Users/ishar/.pico-sdk/sdk/2.2.0/lib/tinyusb/src/class/vendor/vendor_device.c.obj
 .bss.chars_available_callback
                0x20008560        0x4 CMakeFiles/KEY_PAD.dir/C_/Users/ishar/.pico-sdk/sdk/2.2.0/src/rp2_common/pico_stdio_usb/stdio_usb.c.obj
 .bss.chars_available_param
                0x20008564        0x4 CMakeFiles/KEY_PAD.dir/C_/Users/ishar/.pico-sdk/sdk/2.2.0/src/rp2_common/pico_stdio_usb/stdio_usb.c.obj
 .bss.claimed   0x20008568        0x4 CMakeFiles/KEY_PAD.dir/C_/Users/ishar/.pico-sdk/sdk/2.2.0/src/rp2_common/hardware_sync/sync.c.obj
 .bss.claimed   0x2000856c        0x1 CMakeFiles/KEY_PAD.dir/C_/Users/ishar/.pico-sdk/sdk/2.2.0/src/rp2_common/hardware_timer/timer.c.obj
 *fill*         0x2000856d        0x3 